###############################################################################
#
# IAR ELF Linker V7.20.2.7424/W32 for ARM                 15/Aug/2018  17:53:20
# Copyright 2007-2014 IAR Systems AB.
#
#    Output file  =  
#        F:\RTLworkSpace\00009982-sdk-ameba-v4.0c\sdk-ameba-v4.0c\project\zairkiss\EWARM-RELEASE\Debug\Exe\application.axf
#    Map file     =  
#        F:\RTLworkSpace\00009982-sdk-ameba-v4.0c\sdk-ameba-v4.0c\project\zairkiss\EWARM-RELEASE\Debug\List\application.map
#    Command line =  
#        F:\RTLworkSpace\00009982-sdk-ameba-v4.0c\sdk-ameba-v4.0c\project\zairkiss\EWARM-RELEASE\Debug\Obj\aesni.o
#        F:\RTLworkSpace\00009982-sdk-ameba-v4.0c\sdk-ameba-v4.0c\project\zairkiss\EWARM-RELEASE\Debug\Obj\airkiss.o
#        F:\RTLworkSpace\00009982-sdk-ameba-v4.0c\sdk-ameba-v4.0c\project\zairkiss\EWARM-RELEASE\Debug\Obj\analogin_api.o
#        F:\RTLworkSpace\00009982-sdk-ameba-v4.0c\sdk-ameba-v4.0c\project\zairkiss\EWARM-RELEASE\Debug\Obj\api_lib.o
#        F:\RTLworkSpace\00009982-sdk-ameba-v4.0c\sdk-ameba-v4.0c\project\zairkiss\EWARM-RELEASE\Debug\Obj\api_msg.o
#        F:\RTLworkSpace\00009982-sdk-ameba-v4.0c\sdk-ameba-v4.0c\project\zairkiss\EWARM-RELEASE\Debug\Obj\app_start.o
#        F:\RTLworkSpace\00009982-sdk-ameba-v4.0c\sdk-ameba-v4.0c\project\zairkiss\EWARM-RELEASE\Debug\Obj\atcmd_lwip.o
#        F:\RTLworkSpace\00009982-sdk-ameba-v4.0c\sdk-ameba-v4.0c\project\zairkiss\EWARM-RELEASE\Debug\Obj\atcmd_sys.o
#        F:\RTLworkSpace\00009982-sdk-ameba-v4.0c\sdk-ameba-v4.0c\project\zairkiss\EWARM-RELEASE\Debug\Obj\atcmd_wifi.o
#        F:\RTLworkSpace\00009982-sdk-ameba-v4.0c\sdk-ameba-v4.0c\project\zairkiss\EWARM-RELEASE\Debug\Obj\autoip.o
#        F:\RTLworkSpace\00009982-sdk-ameba-v4.0c\sdk-ameba-v4.0c\project\zairkiss\EWARM-RELEASE\Debug\Obj\blowfish.o
#        F:\RTLworkSpace\00009982-sdk-ameba-v4.0c\sdk-ameba-v4.0c\project\zairkiss\EWARM-RELEASE\Debug\Obj\camellia.o
#        F:\RTLworkSpace\00009982-sdk-ameba-v4.0c\sdk-ameba-v4.0c\project\zairkiss\EWARM-RELEASE\Debug\Obj\ccm.o
#        F:\RTLworkSpace\00009982-sdk-ameba-v4.0c\sdk-ameba-v4.0c\project\zairkiss\EWARM-RELEASE\Debug\Obj\certs.o
#        F:\RTLworkSpace\00009982-sdk-ameba-v4.0c\sdk-ameba-v4.0c\project\zairkiss\EWARM-RELEASE\Debug\Obj\cipher.o
#        F:\RTLworkSpace\00009982-sdk-ameba-v4.0c\sdk-ameba-v4.0c\project\zairkiss\EWARM-RELEASE\Debug\Obj\cipher_wrap.o
#        F:\RTLworkSpace\00009982-sdk-ameba-v4.0c\sdk-ameba-v4.0c\project\zairkiss\EWARM-RELEASE\Debug\Obj\cJSON.o
#        F:\RTLworkSpace\00009982-sdk-ameba-v4.0c\sdk-ameba-v4.0c\project\zairkiss\EWARM-RELEASE\Debug\Obj\cloud_link.o
#        F:\RTLworkSpace\00009982-sdk-ameba-v4.0c\sdk-ameba-v4.0c\project\zairkiss\EWARM-RELEASE\Debug\Obj\cmsis_os.o
#        F:\RTLworkSpace\00009982-sdk-ameba-v4.0c\sdk-ameba-v4.0c\project\zairkiss\EWARM-RELEASE\Debug\Obj\croutine.o
#        F:\RTLworkSpace\00009982-sdk-ameba-v4.0c\sdk-ameba-v4.0c\project\zairkiss\EWARM-RELEASE\Debug\Obj\debug.o
#        F:\RTLworkSpace\00009982-sdk-ameba-v4.0c\sdk-ameba-v4.0c\project\zairkiss\EWARM-RELEASE\Debug\Obj\def.o
#        F:\RTLworkSpace\00009982-sdk-ameba-v4.0c\sdk-ameba-v4.0c\project\zairkiss\EWARM-RELEASE\Debug\Obj\device_lock.o
#        F:\RTLworkSpace\00009982-sdk-ameba-v4.0c\sdk-ameba-v4.0c\project\zairkiss\EWARM-RELEASE\Debug\Obj\dhcp.o
#        F:\RTLworkSpace\00009982-sdk-ameba-v4.0c\sdk-ameba-v4.0c\project\zairkiss\EWARM-RELEASE\Debug\Obj\dhcps.o
#        F:\RTLworkSpace\00009982-sdk-ameba-v4.0c\sdk-ameba-v4.0c\project\zairkiss\EWARM-RELEASE\Debug\Obj\dma_api.o
#        F:\RTLworkSpace\00009982-sdk-ameba-v4.0c\sdk-ameba-v4.0c\project\zairkiss\EWARM-RELEASE\Debug\Obj\dns.o
#        F:\RTLworkSpace\00009982-sdk-ameba-v4.0c\sdk-ameba-v4.0c\project\zairkiss\EWARM-RELEASE\Debug\Obj\ecp_ram.o
#        F:\RTLworkSpace\00009982-sdk-ameba-v4.0c\sdk-ameba-v4.0c\project\zairkiss\EWARM-RELEASE\Debug\Obj\efuse_api.o
#        F:\RTLworkSpace\00009982-sdk-ameba-v4.0c\sdk-ameba-v4.0c\project\zairkiss\EWARM-RELEASE\Debug\Obj\entropy.o
#        F:\RTLworkSpace\00009982-sdk-ameba-v4.0c\sdk-ameba-v4.0c\project\zairkiss\EWARM-RELEASE\Debug\Obj\entropy_poll.o
#        F:\RTLworkSpace\00009982-sdk-ameba-v4.0c\sdk-ameba-v4.0c\project\zairkiss\EWARM-RELEASE\Debug\Obj\err.o
#        F:\RTLworkSpace\00009982-sdk-ameba-v4.0c\sdk-ameba-v4.0c\project\zairkiss\EWARM-RELEASE\Debug\Obj\error.o
#        F:\RTLworkSpace\00009982-sdk-ameba-v4.0c\sdk-ameba-v4.0c\project\zairkiss\EWARM-RELEASE\Debug\Obj\etharp.o
#        F:\RTLworkSpace\00009982-sdk-ameba-v4.0c\sdk-ameba-v4.0c\project\zairkiss\EWARM-RELEASE\Debug\Obj\ethernetif.o
#        F:\RTLworkSpace\00009982-sdk-ameba-v4.0c\sdk-ameba-v4.0c\project\zairkiss\EWARM-RELEASE\Debug\Obj\event_groups.o
#        F:\RTLworkSpace\00009982-sdk-ameba-v4.0c\sdk-ameba-v4.0c\project\zairkiss\EWARM-RELEASE\Debug\Obj\example_bcast.o
#        F:\RTLworkSpace\00009982-sdk-ameba-v4.0c\sdk-ameba-v4.0c\project\zairkiss\EWARM-RELEASE\Debug\Obj\example_coap.o
#        F:\RTLworkSpace\00009982-sdk-ameba-v4.0c\sdk-ameba-v4.0c\project\zairkiss\EWARM-RELEASE\Debug\Obj\example_eap.o
#        F:\RTLworkSpace\00009982-sdk-ameba-v4.0c\sdk-ameba-v4.0c\project\zairkiss\EWARM-RELEASE\Debug\Obj\example_entry.o
#        F:\RTLworkSpace\00009982-sdk-ameba-v4.0c\sdk-ameba-v4.0c\project\zairkiss\EWARM-RELEASE\Debug\Obj\example_get_beacon_frame.o
#        F:\RTLworkSpace\00009982-sdk-ameba-v4.0c\sdk-ameba-v4.0c\project\zairkiss\EWARM-RELEASE\Debug\Obj\example_google.o
#        F:\RTLworkSpace\00009982-sdk-ameba-v4.0c\sdk-ameba-v4.0c\project\zairkiss\EWARM-RELEASE\Debug\Obj\example_high_load_memory_use.o
#        F:\RTLworkSpace\00009982-sdk-ameba-v4.0c\sdk-ameba-v4.0c\project\zairkiss\EWARM-RELEASE\Debug\Obj\example_http_client.o
#        F:\RTLworkSpace\00009982-sdk-ameba-v4.0c\sdk-ameba-v4.0c\project\zairkiss\EWARM-RELEASE\Debug\Obj\example_http_download.o
#        F:\RTLworkSpace\00009982-sdk-ameba-v4.0c\sdk-ameba-v4.0c\project\zairkiss\EWARM-RELEASE\Debug\Obj\example_httpc.o
#        F:\RTLworkSpace\00009982-sdk-ameba-v4.0c\sdk-ameba-v4.0c\project\zairkiss\EWARM-RELEASE\Debug\Obj\example_httpd.o
#        F:\RTLworkSpace\00009982-sdk-ameba-v4.0c\sdk-ameba-v4.0c\project\zairkiss\EWARM-RELEASE\Debug\Obj\example_inic_gspi.o
#        F:\RTLworkSpace\00009982-sdk-ameba-v4.0c\sdk-ameba-v4.0c\project\zairkiss\EWARM-RELEASE\Debug\Obj\example_mcast.o
#        F:\RTLworkSpace\00009982-sdk-ameba-v4.0c\sdk-ameba-v4.0c\project\zairkiss\EWARM-RELEASE\Debug\Obj\example_mdns.o
#        F:\RTLworkSpace\00009982-sdk-ameba-v4.0c\sdk-ameba-v4.0c\project\zairkiss\EWARM-RELEASE\Debug\Obj\example_nonblock_connect.o
#        F:\RTLworkSpace\00009982-sdk-ameba-v4.0c\sdk-ameba-v4.0c\project\zairkiss\EWARM-RELEASE\Debug\Obj\example_rarp.o
#        F:\RTLworkSpace\00009982-sdk-ameba-v4.0c\sdk-ameba-v4.0c\project\zairkiss\EWARM-RELEASE\Debug\Obj\example_sntp_showtime.o
#        F:\RTLworkSpace\00009982-sdk-ameba-v4.0c\sdk-ameba-v4.0c\project\zairkiss\EWARM-RELEASE\Debug\Obj\example_socket_select.o
#        F:\RTLworkSpace\00009982-sdk-ameba-v4.0c\sdk-ameba-v4.0c\project\zairkiss\EWARM-RELEASE\Debug\Obj\example_ssl_download.o
#        F:\RTLworkSpace\00009982-sdk-ameba-v4.0c\sdk-ameba-v4.0c\project\zairkiss\EWARM-RELEASE\Debug\Obj\example_ssl_server.o
#        F:\RTLworkSpace\00009982-sdk-ameba-v4.0c\sdk-ameba-v4.0c\project\zairkiss\EWARM-RELEASE\Debug\Obj\example_tcp_keepalive.o
#        F:\RTLworkSpace\00009982-sdk-ameba-v4.0c\sdk-ameba-v4.0c\project\zairkiss\EWARM-RELEASE\Debug\Obj\example_uart_atcmd.o
#        F:\RTLworkSpace\00009982-sdk-ameba-v4.0c\sdk-ameba-v4.0c\project\zairkiss\EWARM-RELEASE\Debug\Obj\example_uart_update.o
#        F:\RTLworkSpace\00009982-sdk-ameba-v4.0c\sdk-ameba-v4.0c\project\zairkiss\EWARM-RELEASE\Debug\Obj\example_wifi_mac_monitor.o
#        F:\RTLworkSpace\00009982-sdk-ameba-v4.0c\sdk-ameba-v4.0c\project\zairkiss\EWARM-RELEASE\Debug\Obj\example_wifi_roaming.o
#        F:\RTLworkSpace\00009982-sdk-ameba-v4.0c\sdk-ameba-v4.0c\project\zairkiss\EWARM-RELEASE\Debug\Obj\example_wlan_fast_connect.o
#        F:\RTLworkSpace\00009982-sdk-ameba-v4.0c\sdk-ameba-v4.0c\project\zairkiss\EWARM-RELEASE\Debug\Obj\example_wlan_scenario.o
#        F:\RTLworkSpace\00009982-sdk-ameba-v4.0c\sdk-ameba-v4.0c\project\zairkiss\EWARM-RELEASE\Debug\Obj\example_wsclient.o
#        F:\RTLworkSpace\00009982-sdk-ameba-v4.0c\sdk-ameba-v4.0c\project\zairkiss\EWARM-RELEASE\Debug\Obj\example_xml.o
#        F:\RTLworkSpace\00009982-sdk-ameba-v4.0c\sdk-ameba-v4.0c\project\zairkiss\EWARM-RELEASE\Debug\Obj\flash_api.o
#        F:\RTLworkSpace\00009982-sdk-ameba-v4.0c\sdk-ameba-v4.0c\project\zairkiss\EWARM-RELEASE\Debug\Obj\freertos_service.o
#        F:\RTLworkSpace\00009982-sdk-ameba-v4.0c\sdk-ameba-v4.0c\project\zairkiss\EWARM-RELEASE\Debug\Obj\gcm.o
#        F:\RTLworkSpace\00009982-sdk-ameba-v4.0c\sdk-ameba-v4.0c\project\zairkiss\EWARM-RELEASE\Debug\Obj\google_tls.o
#        F:\RTLworkSpace\00009982-sdk-ameba-v4.0c\sdk-ameba-v4.0c\project\zairkiss\EWARM-RELEASE\Debug\Obj\gpio_api.o
#        F:\RTLworkSpace\00009982-sdk-ameba-v4.0c\sdk-ameba-v4.0c\project\zairkiss\EWARM-RELEASE\Debug\Obj\gpio_irq_api.o
#        F:\RTLworkSpace\00009982-sdk-ameba-v4.0c\sdk-ameba-v4.0c\project\zairkiss\EWARM-RELEASE\Debug\Obj\havege.o
#        F:\RTLworkSpace\00009982-sdk-ameba-v4.0c\sdk-ameba-v4.0c\project\zairkiss\EWARM-RELEASE\Debug\Obj\heap_5.o
#        F:\RTLworkSpace\00009982-sdk-ameba-v4.0c\sdk-ameba-v4.0c\project\zairkiss\EWARM-RELEASE\Debug\Obj\http_client.o
#        F:\RTLworkSpace\00009982-sdk-ameba-v4.0c\sdk-ameba-v4.0c\project\zairkiss\EWARM-RELEASE\Debug\Obj\httpc_tls.o
#        F:\RTLworkSpace\00009982-sdk-ameba-v4.0c\sdk-ameba-v4.0c\project\zairkiss\EWARM-RELEASE\Debug\Obj\httpd_tls.o
#        F:\RTLworkSpace\00009982-sdk-ameba-v4.0c\sdk-ameba-v4.0c\project\zairkiss\EWARM-RELEASE\Debug\Obj\i2c_api.o
#        F:\RTLworkSpace\00009982-sdk-ameba-v4.0c\sdk-ameba-v4.0c\project\zairkiss\EWARM-RELEASE\Debug\Obj\i2s_api.o
#        F:\RTLworkSpace\00009982-sdk-ameba-v4.0c\sdk-ameba-v4.0c\project\zairkiss\EWARM-RELEASE\Debug\Obj\icmp.o
#        F:\RTLworkSpace\00009982-sdk-ameba-v4.0c\sdk-ameba-v4.0c\project\zairkiss\EWARM-RELEASE\Debug\Obj\igmp.o
#        F:\RTLworkSpace\00009982-sdk-ameba-v4.0c\sdk-ameba-v4.0c\project\zairkiss\EWARM-RELEASE\Debug\Obj\inet.o
#        F:\RTLworkSpace\00009982-sdk-ameba-v4.0c\sdk-ameba-v4.0c\project\zairkiss\EWARM-RELEASE\Debug\Obj\inet_chksum.o
#        F:\RTLworkSpace\00009982-sdk-ameba-v4.0c\sdk-ameba-v4.0c\project\zairkiss\EWARM-RELEASE\Debug\Obj\init.o
#        F:\RTLworkSpace\00009982-sdk-ameba-v4.0c\sdk-ameba-v4.0c\project\zairkiss\EWARM-RELEASE\Debug\Obj\ip.o
#        F:\RTLworkSpace\00009982-sdk-ameba-v4.0c\sdk-ameba-v4.0c\project\zairkiss\EWARM-RELEASE\Debug\Obj\ip_addr.o
#        F:\RTLworkSpace\00009982-sdk-ameba-v4.0c\sdk-ameba-v4.0c\project\zairkiss\EWARM-RELEASE\Debug\Obj\ip_frag.o
#        F:\RTLworkSpace\00009982-sdk-ameba-v4.0c\sdk-ameba-v4.0c\component\soc\realtek\8711b\misc\bsp\lib\common\IAR\lib_http.a
#        F:\RTLworkSpace\00009982-sdk-ameba-v4.0c\sdk-ameba-v4.0c\component\soc\realtek\8711b\misc\bsp\lib\common\IAR\lib_mdns.a
#        F:\RTLworkSpace\00009982-sdk-ameba-v4.0c\sdk-ameba-v4.0c\component\soc\realtek\8711b\misc\bsp\lib\common\IAR\lib_platform.a
#        F:\RTLworkSpace\00009982-sdk-ameba-v4.0c\sdk-ameba-v4.0c\component\soc\realtek\8711b\misc\bsp\lib\common\IAR\lib_rtlstd.a
#        F:\RTLworkSpace\00009982-sdk-ameba-v4.0c\sdk-ameba-v4.0c\component\soc\realtek\8711b\misc\bsp\lib\common\IAR\lib_wlan.a
#        F:\RTLworkSpace\00009982-sdk-ameba-v4.0c\sdk-ameba-v4.0c\component\soc\realtek\8711b\misc\bsp\lib\common\IAR\lib_wps.a
#        F:\RTLworkSpace\00009982-sdk-ameba-v4.0c\sdk-ameba-v4.0c\component\soc\realtek\8711b\misc\bsp\lib\common\IAR\lib_xmodem.a
#        F:\RTLworkSpace\00009982-sdk-ameba-v4.0c\sdk-ameba-v4.0c\project\zairkiss\src\lib\libairkiss.a
#        F:\RTLworkSpace\00009982-sdk-ameba-v4.0c\sdk-ameba-v4.0c\project\zairkiss\src\lib\libairkiss_aes.a
#        F:\RTLworkSpace\00009982-sdk-ameba-v4.0c\sdk-ameba-v4.0c\project\zairkiss\src\lib\libairkiss_aes_log.a
#        F:\RTLworkSpace\00009982-sdk-ameba-v4.0c\sdk-ameba-v4.0c\project\zairkiss\src\lib\libairkiss_log.a
#        F:\RTLworkSpace\00009982-sdk-ameba-v4.0c\sdk-ameba-v4.0c\project\zairkiss\EWARM-RELEASE\Debug\Obj\list.o
#        F:\RTLworkSpace\00009982-sdk-ameba-v4.0c\sdk-ameba-v4.0c\project\zairkiss\EWARM-RELEASE\Debug\Obj\log_service.o
#        F:\RTLworkSpace\00009982-sdk-ameba-v4.0c\sdk-ameba-v4.0c\project\zairkiss\EWARM-RELEASE\Debug\Obj\low_level_io.o
#        F:\RTLworkSpace\00009982-sdk-ameba-v4.0c\sdk-ameba-v4.0c\project\zairkiss\EWARM-RELEASE\Debug\Obj\lwip_intf.o
#        F:\RTLworkSpace\00009982-sdk-ameba-v4.0c\sdk-ameba-v4.0c\project\zairkiss\EWARM-RELEASE\Debug\Obj\lwip_netconf.o
#        F:\RTLworkSpace\00009982-sdk-ameba-v4.0c\sdk-ameba-v4.0c\project\zairkiss\EWARM-RELEASE\Debug\Obj\lwip_timers.o
#        F:\RTLworkSpace\00009982-sdk-ameba-v4.0c\sdk-ameba-v4.0c\project\zairkiss\EWARM-RELEASE\Debug\Obj\main.o
#        F:\RTLworkSpace\00009982-sdk-ameba-v4.0c\sdk-ameba-v4.0c\project\zairkiss\EWARM-RELEASE\Debug\Obj\md2.o
#        F:\RTLworkSpace\00009982-sdk-ameba-v4.0c\sdk-ameba-v4.0c\project\zairkiss\EWARM-RELEASE\Debug\Obj\md4.o
#        F:\RTLworkSpace\00009982-sdk-ameba-v4.0c\sdk-ameba-v4.0c\project\zairkiss\EWARM-RELEASE\Debug\Obj\mDNSPlatform.o
#        F:\RTLworkSpace\00009982-sdk-ameba-v4.0c\sdk-ameba-v4.0c\project\zairkiss\EWARM-RELEASE\Debug\Obj\mem.o
#        F:\RTLworkSpace\00009982-sdk-ameba-v4.0c\sdk-ameba-v4.0c\project\zairkiss\EWARM-RELEASE\Debug\Obj\memory_buffer_alloc.o
#        F:\RTLworkSpace\00009982-sdk-ameba-v4.0c\sdk-ameba-v4.0c\project\zairkiss\EWARM-RELEASE\Debug\Obj\memp.o
#        F:\RTLworkSpace\00009982-sdk-ameba-v4.0c\sdk-ameba-v4.0c\project\zairkiss\EWARM-RELEASE\Debug\Obj\monitor.o
#        F:\RTLworkSpace\00009982-sdk-ameba-v4.0c\sdk-ameba-v4.0c\project\zairkiss\EWARM-RELEASE\Debug\Obj\net.o
#        F:\RTLworkSpace\00009982-sdk-ameba-v4.0c\sdk-ameba-v4.0c\project\zairkiss\EWARM-RELEASE\Debug\Obj\netbuf.o
#        F:\RTLworkSpace\00009982-sdk-ameba-v4.0c\sdk-ameba-v4.0c\project\zairkiss\EWARM-RELEASE\Debug\Obj\netdb.o
#        F:\RTLworkSpace\00009982-sdk-ameba-v4.0c\sdk-ameba-v4.0c\project\zairkiss\EWARM-RELEASE\Debug\Obj\netif.o
#        F:\RTLworkSpace\00009982-sdk-ameba-v4.0c\sdk-ameba-v4.0c\project\zairkiss\EWARM-RELEASE\Debug\Obj\netifapi.o
#        F:\RTLworkSpace\00009982-sdk-ameba-v4.0c\sdk-ameba-v4.0c\project\zairkiss\EWARM-RELEASE\Debug\Obj\nfc_api.o
#        F:\RTLworkSpace\00009982-sdk-ameba-v4.0c\sdk-ameba-v4.0c\project\zairkiss\EWARM-RELEASE\Debug\Obj\osdep_service.o
#        F:\RTLworkSpace\00009982-sdk-ameba-v4.0c\sdk-ameba-v4.0c\project\zairkiss\EWARM-RELEASE\Debug\Obj\padlock.o
#        F:\RTLworkSpace\00009982-sdk-ameba-v4.0c\sdk-ameba-v4.0c\project\zairkiss\EWARM-RELEASE\Debug\Obj\pbkdf2.o
#        F:\RTLworkSpace\00009982-sdk-ameba-v4.0c\sdk-ameba-v4.0c\project\zairkiss\EWARM-RELEASE\Debug\Obj\pbuf.o
#        F:\RTLworkSpace\00009982-sdk-ameba-v4.0c\sdk-ameba-v4.0c\project\zairkiss\EWARM-RELEASE\Debug\Obj\ping_test.o
#        F:\RTLworkSpace\00009982-sdk-ameba-v4.0c\sdk-ameba-v4.0c\project\zairkiss\EWARM-RELEASE\Debug\Obj\pinmap.o
#        F:\RTLworkSpace\00009982-sdk-ameba-v4.0c\sdk-ameba-v4.0c\project\zairkiss\EWARM-RELEASE\Debug\Obj\pinmap_common.o
#        F:\RTLworkSpace\00009982-sdk-ameba-v4.0c\sdk-ameba-v4.0c\project\zairkiss\EWARM-RELEASE\Debug\Obj\pkcs11.o
#        F:\RTLworkSpace\00009982-sdk-ameba-v4.0c\sdk-ameba-v4.0c\project\zairkiss\EWARM-RELEASE\Debug\Obj\pkcs12.o
#        F:\RTLworkSpace\00009982-sdk-ameba-v4.0c\sdk-ameba-v4.0c\project\zairkiss\EWARM-RELEASE\Debug\Obj\pkcs5.o
#        F:\RTLworkSpace\00009982-sdk-ameba-v4.0c\sdk-ameba-v4.0c\project\zairkiss\EWARM-RELEASE\Debug\Obj\pkparse.o
#        F:\RTLworkSpace\00009982-sdk-ameba-v4.0c\sdk-ameba-v4.0c\project\zairkiss\EWARM-RELEASE\Debug\Obj\platform.o
#        F:\RTLworkSpace\00009982-sdk-ameba-v4.0c\sdk-ameba-v4.0c\project\zairkiss\EWARM-RELEASE\Debug\Obj\port.o
#        F:\RTLworkSpace\00009982-sdk-ameba-v4.0c\sdk-ameba-v4.0c\project\zairkiss\EWARM-RELEASE\Debug\Obj\port_api.o
#        F:\RTLworkSpace\00009982-sdk-ameba-v4.0c\sdk-ameba-v4.0c\project\zairkiss\EWARM-RELEASE\Debug\Obj\portasm.o
#        F:\RTLworkSpace\00009982-sdk-ameba-v4.0c\sdk-ameba-v4.0c\project\zairkiss\EWARM-RELEASE\Debug\Obj\pwmout_api.o
#        F:\RTLworkSpace\00009982-sdk-ameba-v4.0c\sdk-ameba-v4.0c\project\zairkiss\EWARM-RELEASE\Debug\Obj\queue.o
#        F:\RTLworkSpace\00009982-sdk-ameba-v4.0c\sdk-ameba-v4.0c\project\zairkiss\EWARM-RELEASE\Debug\Obj\raw.o
#        F:\RTLworkSpace\00009982-sdk-ameba-v4.0c\sdk-ameba-v4.0c\project\zairkiss\EWARM-RELEASE\Debug\Obj\ripemd160.o
#        F:\RTLworkSpace\00009982-sdk-ameba-v4.0c\sdk-ameba-v4.0c\project\zairkiss\EWARM-RELEASE\Debug\Obj\rtc_api.o
#        F:\RTLworkSpace\00009982-sdk-ameba-v4.0c\sdk-ameba-v4.0c\project\zairkiss\EWARM-RELEASE\Debug\Obj\rtl8710b_dsleepcfg.o
#        F:\RTLworkSpace\00009982-sdk-ameba-v4.0c\sdk-ameba-v4.0c\project\zairkiss\EWARM-RELEASE\Debug\Obj\rtl8710b_dstandbycfg.o
#        F:\RTLworkSpace\00009982-sdk-ameba-v4.0c\sdk-ameba-v4.0c\project\zairkiss\EWARM-RELEASE\Debug\Obj\rtl8710b_intfcfg.o
#        F:\RTLworkSpace\00009982-sdk-ameba-v4.0c\sdk-ameba-v4.0c\project\zairkiss\EWARM-RELEASE\Debug\Obj\rtl8710b_ota.o
#        F:\RTLworkSpace\00009982-sdk-ameba-v4.0c\sdk-ameba-v4.0c\project\zairkiss\EWARM-RELEASE\Debug\Obj\rtl8710b_pinmapcfg.o
#        F:\RTLworkSpace\00009982-sdk-ameba-v4.0c\sdk-ameba-v4.0c\project\zairkiss\EWARM-RELEASE\Debug\Obj\rtl8710b_sleepcfg.o
#        F:\RTLworkSpace\00009982-sdk-ameba-v4.0c\sdk-ameba-v4.0c\project\zairkiss\EWARM-RELEASE\Debug\Obj\rtl_consol.o
#        F:\RTLworkSpace\00009982-sdk-ameba-v4.0c\sdk-ameba-v4.0c\project\zairkiss\EWARM-RELEASE\Debug\Obj\rtl_trace.o
#        F:\RTLworkSpace\00009982-sdk-ameba-v4.0c\sdk-ameba-v4.0c\project\zairkiss\EWARM-RELEASE\Debug\Obj\sendwifipacket.o
#        F:\RTLworkSpace\00009982-sdk-ameba-v4.0c\sdk-ameba-v4.0c\project\zairkiss\EWARM-RELEASE\Debug\Obj\serial_api.o
#        F:\RTLworkSpace\00009982-sdk-ameba-v4.0c\sdk-ameba-v4.0c\project\zairkiss\EWARM-RELEASE\Debug\Obj\shtc1.o
#        F:\RTLworkSpace\00009982-sdk-ameba-v4.0c\sdk-ameba-v4.0c\project\zairkiss\EWARM-RELEASE\Debug\Obj\sleep.o
#        F:\RTLworkSpace\00009982-sdk-ameba-v4.0c\sdk-ameba-v4.0c\project\zairkiss\EWARM-RELEASE\Debug\Obj\sn_coap_ameba_port.o
#        F:\RTLworkSpace\00009982-sdk-ameba-v4.0c\sdk-ameba-v4.0c\project\zairkiss\EWARM-RELEASE\Debug\Obj\sn_coap_builder.o
#        F:\RTLworkSpace\00009982-sdk-ameba-v4.0c\sdk-ameba-v4.0c\project\zairkiss\EWARM-RELEASE\Debug\Obj\sn_coap_header_check.o
#        F:\RTLworkSpace\00009982-sdk-ameba-v4.0c\sdk-ameba-v4.0c\project\zairkiss\EWARM-RELEASE\Debug\Obj\sn_coap_parser.o
#        F:\RTLworkSpace\00009982-sdk-ameba-v4.0c\sdk-ameba-v4.0c\project\zairkiss\EWARM-RELEASE\Debug\Obj\sn_coap_protocol.o
#        F:\RTLworkSpace\00009982-sdk-ameba-v4.0c\sdk-ameba-v4.0c\project\zairkiss\EWARM-RELEASE\Debug\Obj\sockets.o
#        F:\RTLworkSpace\00009982-sdk-ameba-v4.0c\sdk-ameba-v4.0c\project\zairkiss\EWARM-RELEASE\Debug\Obj\spi_api.o
#        F:\RTLworkSpace\00009982-sdk-ameba-v4.0c\sdk-ameba-v4.0c\project\zairkiss\EWARM-RELEASE\Debug\Obj\ssl_cache.o
#        F:\RTLworkSpace\00009982-sdk-ameba-v4.0c\sdk-ameba-v4.0c\project\zairkiss\EWARM-RELEASE\Debug\Obj\ssl_ciphersuites.o
#        F:\RTLworkSpace\00009982-sdk-ameba-v4.0c\sdk-ameba-v4.0c\project\zairkiss\EWARM-RELEASE\Debug\Obj\ssl_cli.o
#        F:\RTLworkSpace\00009982-sdk-ameba-v4.0c\sdk-ameba-v4.0c\project\zairkiss\EWARM-RELEASE\Debug\Obj\ssl_client.o
#        F:\RTLworkSpace\00009982-sdk-ameba-v4.0c\sdk-ameba-v4.0c\project\zairkiss\EWARM-RELEASE\Debug\Obj\ssl_ram_map.o
#        F:\RTLworkSpace\00009982-sdk-ameba-v4.0c\sdk-ameba-v4.0c\project\zairkiss\EWARM-RELEASE\Debug\Obj\ssl_srv.o
#        F:\RTLworkSpace\00009982-sdk-ameba-v4.0c\sdk-ameba-v4.0c\project\zairkiss\EWARM-RELEASE\Debug\Obj\ssl_tls.o
#        F:\RTLworkSpace\00009982-sdk-ameba-v4.0c\sdk-ameba-v4.0c\project\zairkiss\EWARM-RELEASE\Debug\Obj\startup.o
#        F:\RTLworkSpace\00009982-sdk-ameba-v4.0c\sdk-ameba-v4.0c\project\zairkiss\EWARM-RELEASE\Debug\Obj\stats.o
#        F:\RTLworkSpace\00009982-sdk-ameba-v4.0c\sdk-ameba-v4.0c\project\zairkiss\EWARM-RELEASE\Debug\Obj\sys.o
#        F:\RTLworkSpace\00009982-sdk-ameba-v4.0c\sdk-ameba-v4.0c\project\zairkiss\EWARM-RELEASE\Debug\Obj\sys_api.o
#        F:\RTLworkSpace\00009982-sdk-ameba-v4.0c\sdk-ameba-v4.0c\project\zairkiss\EWARM-RELEASE\Debug\Obj\sys_arch.o
#        F:\RTLworkSpace\00009982-sdk-ameba-v4.0c\sdk-ameba-v4.0c\project\zairkiss\EWARM-RELEASE\Debug\Obj\tasks.o
#        F:\RTLworkSpace\00009982-sdk-ameba-v4.0c\sdk-ameba-v4.0c\project\zairkiss\EWARM-RELEASE\Debug\Obj\tcp.o
#        F:\RTLworkSpace\00009982-sdk-ameba-v4.0c\sdk-ameba-v4.0c\project\zairkiss\EWARM-RELEASE\Debug\Obj\tcp_in.o
#        F:\RTLworkSpace\00009982-sdk-ameba-v4.0c\sdk-ameba-v4.0c\project\zairkiss\EWARM-RELEASE\Debug\Obj\tcp_out.o
#        F:\RTLworkSpace\00009982-sdk-ameba-v4.0c\sdk-ameba-v4.0c\project\zairkiss\EWARM-RELEASE\Debug\Obj\tcpip.o
#        F:\RTLworkSpace\00009982-sdk-ameba-v4.0c\sdk-ameba-v4.0c\project\zairkiss\EWARM-RELEASE\Debug\Obj\tcptest.o
#        F:\RTLworkSpace\00009982-sdk-ameba-v4.0c\sdk-ameba-v4.0c\project\zairkiss\EWARM-RELEASE\Debug\Obj\threading.o
#        F:\RTLworkSpace\00009982-sdk-ameba-v4.0c\sdk-ameba-v4.0c\project\zairkiss\EWARM-RELEASE\Debug\Obj\timer_api.o
#        F:\RTLworkSpace\00009982-sdk-ameba-v4.0c\sdk-ameba-v4.0c\project\zairkiss\EWARM-RELEASE\Debug\Obj\timers.o
#        F:\RTLworkSpace\00009982-sdk-ameba-v4.0c\sdk-ameba-v4.0c\project\zairkiss\EWARM-RELEASE\Debug\Obj\timing.o
#        F:\RTLworkSpace\00009982-sdk-ameba-v4.0c\sdk-ameba-v4.0c\project\zairkiss\EWARM-RELEASE\Debug\Obj\uart_adapter.o
#        F:\RTLworkSpace\00009982-sdk-ameba-v4.0c\sdk-ameba-v4.0c\project\zairkiss\EWARM-RELEASE\Debug\Obj\uart_fw_update.o
#        F:\RTLworkSpace\00009982-sdk-ameba-v4.0c\sdk-ameba-v4.0c\project\zairkiss\EWARM-RELEASE\Debug\Obj\uart_socket.o
#        F:\RTLworkSpace\00009982-sdk-ameba-v4.0c\sdk-ameba-v4.0c\project\zairkiss\EWARM-RELEASE\Debug\Obj\udp.o
#        F:\RTLworkSpace\00009982-sdk-ameba-v4.0c\sdk-ameba-v4.0c\project\zairkiss\EWARM-RELEASE\Debug\Obj\us_ticker.o
#        F:\RTLworkSpace\00009982-sdk-ameba-v4.0c\sdk-ameba-v4.0c\project\zairkiss\EWARM-RELEASE\Debug\Obj\us_ticker_api.o
#        F:\RTLworkSpace\00009982-sdk-ameba-v4.0c\sdk-ameba-v4.0c\project\zairkiss\EWARM-RELEASE\Debug\Obj\version.o
#        F:\RTLworkSpace\00009982-sdk-ameba-v4.0c\sdk-ameba-v4.0c\project\zairkiss\EWARM-RELEASE\Debug\Obj\version_features.o
#        F:\RTLworkSpace\00009982-sdk-ameba-v4.0c\sdk-ameba-v4.0c\project\zairkiss\EWARM-RELEASE\Debug\Obj\wait_api.o
#        F:\RTLworkSpace\00009982-sdk-ameba-v4.0c\sdk-ameba-v4.0c\project\zairkiss\EWARM-RELEASE\Debug\Obj\wdt_api.o
#        F:\RTLworkSpace\00009982-sdk-ameba-v4.0c\sdk-ameba-v4.0c\project\zairkiss\EWARM-RELEASE\Debug\Obj\webserver.o
#        F:\RTLworkSpace\00009982-sdk-ameba-v4.0c\sdk-ameba-v4.0c\project\zairkiss\EWARM-RELEASE\Debug\Obj\wifi_conf.o
#        F:\RTLworkSpace\00009982-sdk-ameba-v4.0c\sdk-ameba-v4.0c\project\zairkiss\EWARM-RELEASE\Debug\Obj\wifi_eap_config.o
#        F:\RTLworkSpace\00009982-sdk-ameba-v4.0c\sdk-ameba-v4.0c\project\zairkiss\EWARM-RELEASE\Debug\Obj\wifi_ind.o
#        F:\RTLworkSpace\00009982-sdk-ameba-v4.0c\sdk-ameba-v4.0c\project\zairkiss\EWARM-RELEASE\Debug\Obj\wifi_promisc.o
#        F:\RTLworkSpace\00009982-sdk-ameba-v4.0c\sdk-ameba-v4.0c\project\zairkiss\EWARM-RELEASE\Debug\Obj\wifi_simple_config.o
#        F:\RTLworkSpace\00009982-sdk-ameba-v4.0c\sdk-ameba-v4.0c\project\zairkiss\EWARM-RELEASE\Debug\Obj\wifi_util.o
#        F:\RTLworkSpace\00009982-sdk-ameba-v4.0c\sdk-ameba-v4.0c\project\zairkiss\EWARM-RELEASE\Debug\Obj\wifi_wps_config.o
#        F:\RTLworkSpace\00009982-sdk-ameba-v4.0c\sdk-ameba-v4.0c\project\zairkiss\EWARM-RELEASE\Debug\Obj\wigadget.o
#        F:\RTLworkSpace\00009982-sdk-ameba-v4.0c\sdk-ameba-v4.0c\project\zairkiss\EWARM-RELEASE\Debug\Obj\wlan_network.o
#        F:\RTLworkSpace\00009982-sdk-ameba-v4.0c\sdk-ameba-v4.0c\project\zairkiss\EWARM-RELEASE\Debug\Obj\workwithairkiss.o
#        F:\RTLworkSpace\00009982-sdk-ameba-v4.0c\sdk-ameba-v4.0c\project\zairkiss\EWARM-RELEASE\Debug\Obj\x509.o
#        F:\RTLworkSpace\00009982-sdk-ameba-v4.0c\sdk-ameba-v4.0c\project\zairkiss\EWARM-RELEASE\Debug\Obj\x509_create.o
#        F:\RTLworkSpace\00009982-sdk-ameba-v4.0c\sdk-ameba-v4.0c\project\zairkiss\EWARM-RELEASE\Debug\Obj\x509_crl.o
#        F:\RTLworkSpace\00009982-sdk-ameba-v4.0c\sdk-ameba-v4.0c\project\zairkiss\EWARM-RELEASE\Debug\Obj\x509_crt.o
#        F:\RTLworkSpace\00009982-sdk-ameba-v4.0c\sdk-ameba-v4.0c\project\zairkiss\EWARM-RELEASE\Debug\Obj\x509_csr.o
#        F:\RTLworkSpace\00009982-sdk-ameba-v4.0c\sdk-ameba-v4.0c\project\zairkiss\EWARM-RELEASE\Debug\Obj\x509write_crt.o
#        F:\RTLworkSpace\00009982-sdk-ameba-v4.0c\sdk-ameba-v4.0c\project\zairkiss\EWARM-RELEASE\Debug\Obj\x509write_csr.o
#        F:\RTLworkSpace\00009982-sdk-ameba-v4.0c\sdk-ameba-v4.0c\project\zairkiss\EWARM-RELEASE\Debug\Obj\xml.o
#        F:\RTLworkSpace\00009982-sdk-ameba-v4.0c\sdk-ameba-v4.0c\project\zairkiss\EWARM-RELEASE\Debug\Obj\xtea.o
#        -o
#        F:\RTLworkSpace\00009982-sdk-ameba-v4.0c\sdk-ameba-v4.0c\project\zairkiss\EWARM-RELEASE\Debug\Exe\application.axf
#        --redirect _Printf=_PrintfTiny --redirect _Scanf=_ScanfSmallNoMb
#        --keep bootloader
#        --image_input=F:\RTLworkSpace\00009982-sdk-ameba-v4.0c\sdk-ameba-v4.0c\project\zairkiss\EWARM-RELEASE\..\..\..\component\soc\realtek\8711b\misc\bsp\image\boot_all.bin,bootloader,LOADER,4
#        --map
#        F:\RTLworkSpace\00009982-sdk-ameba-v4.0c\sdk-ameba-v4.0c\project\zairkiss\EWARM-RELEASE\Debug\List\application.map
#        --log veneers --log_file
#        F:\RTLworkSpace\00009982-sdk-ameba-v4.0c\sdk-ameba-v4.0c\project\zairkiss\EWARM-RELEASE\Debug\List\application.log
#        --config
#        F:\RTLworkSpace\00009982-sdk-ameba-v4.0c\sdk-ameba-v4.0c\project\zairkiss\EWARM-RELEASE\image2.icf
#        --diag_suppress Lp005,Lp006 --entry Reset_Handler --no_exceptions
#        --no_vfe
#
###############################################################################

*******************************************************************************
*** RUNTIME MODEL ATTRIBUTES
***

CppFlavor                     = *
__Heap_Handler                = DLMalloc
__SystemLibrary               = DLib
__dlib_dynamic_initialization = normal


*******************************************************************************
*** PLACEMENT SUMMARY
***

"A4":  place at start of [0x10005000-0x1003dfff] {
          rw, block IMAGE2, block .ram_image2.bss, block .ram_image2.skb.bss,
          block .ram_heap.data, section .heap.stdlib };
"A5":  place at start of [0x08000020-0x08003fff] {
          block Bootloader, rw, block .xip_image1.text };
"A6":  place at start of [0x0800b020-0x080fffff] { rw, block .xip_image2.text };

  Section                 Kind        Address     Size  Object
  -------                 ----        -------     ----  ------
"A5":                                           0x1110
  Bootloader                       0x08000020   0x1110  <Block>
    LOADER                const    0x08000020   0x1110  boot_all.bin [1]
                                 - 0x08001130   0x1110

"A6":                                          0x4c038
  .xip_image2.text                 0x0800b020  0x4c038  <Block>
    .img2_custom_signature
                          const    0x0800b020     0x20  rtl8710b_ota.o [2]
    Veneer                ro code  0x0800b040      0x8  - Linker created -
    Veneer                ro code  0x0800b048      0x8  - Linker created -
    Veneer                ro code  0x0800b050      0x8  - Linker created -
    Veneer                ro code  0x0800b058      0x8  - Linker created -
    .text                 ro code  0x0800b060   0x1350  airkiss.o [2]
    Veneer                ro code  0x0800c3b0      0x8  - Linker created -
    .text                 ro code  0x0800c3b8    0xc74  rtk_wlan_if.o [9]
    Veneer                ro code  0x0800d02c      0x8  - Linker created -
    .text                 ro code  0x0800d034   0x1b24  wifi_conf.o [2]
    Veneer                ro code  0x0800eb58      0x8  - Linker created -
    Veneer                ro code  0x0800eb60      0x8  - Linker created -
    Veneer                ro code  0x0800eb68      0x8  - Linker created -
    Veneer                ro code  0x0800eb70      0x8  - Linker created -
    .text                 ro code  0x0800eb78    0x12c  ram_libc.o [8]
    Veneer                ro code  0x0800eca4      0x8  - Linker created -
    Veneer                ro code  0x0800ecac      0x8  - Linker created -
    Veneer                ro code  0x0800ecb4      0x8  - Linker created -
    Veneer                ro code  0x0800ecbc      0x8  - Linker created -
    .text                 ro code  0x0800ecc4    0x358  flash_api.o [2]
    .text                 ro code  0x0800f01c    0x3e0  lwip_netconf.o [2]
    .text                 ro code  0x0800f3fc     0xa4  device_lock.o [2]
    .text                 ro code  0x0800f4a0    0xc2c  sockets.o [2]
    .text                 ro code  0x080100cc     0x26  def.o [2]
    .text                 ro code  0x080100f2     0x1e  xsscin.o [4]
    .text                 ro code  0x08010110    0x4f0  osdep_service.o [2]
    .text                 ro code  0x08010600    0x710  airkiss.o [11]
    .text                 ro code  0x08010d10    0x8a4  tasks.o [2]
    .text                 ro code  0x080115b4      0x6  ABImemclr4.o [13]
    .text                 ro code  0x080115ba      0xa  xsprout.o [4]
    Veneer                ro code  0x080115c4      0x8  - Linker created -
    Veneer                ro code  0x080115cc      0x8  - Linker created -
    .text                 ro code  0x080115d4    0x3a0  wifi_promisc.o [2]
    Veneer                ro code  0x08011974      0x8  - Linker created -
    Veneer                ro code  0x0801197c      0x8  - Linker created -
    .text                 ro code  0x08011984    0x73c  freertos_service.o [2]
    .text                 ro code  0x080120c0    0x3a0  freertos_skbuff.o [9]
    .text                 ro code  0x08012460    0xb10  freertos_intfs.o [9]
    .text                 ro code  0x08012f70    0x27c  lwip_intf.o [2]
    Veneer                ro code  0x080131ec      0x8  - Linker created -
    Veneer                ro code  0x080131f4      0x8  - Linker created -
    Veneer                ro code  0x080131fc      0x8  - Linker created -
    Veneer                ro code  0x08013204      0x8  - Linker created -
    Veneer                ro code  0x0801320c      0x8  - Linker created -
    Veneer                ro code  0x08013214      0x8  - Linker created -
    Veneer                ro code  0x0801321c      0x8  - Linker created -
    Veneer                ro code  0x08013224      0x8  - Linker created -
    .text                 ro code  0x0801322c   0x32d4  freertos_ioctl.o [9]
    .text                 ro code  0x08016500   0x106c  wifi_util.o [2]
    .text                 ro code  0x0801756c    0xda2  dhcp.o [2]
    .text                 ro code  0x0801830e     0x22  zero_init3.o [13]
    .text                 ro code  0x08018330     0x24  sscanf.o [4]
    .text                 ro code  0x08018354     0xf8  wifi_ind.o [2]
    .text                 ro code  0x0801844c    0x18e  netif.o [2]
    .text                 ro code  0x080185dc    0x8fe  dhcps.o [2]
    .text                 ro code  0x08018edc    0x1c8  heap_5.o [2]
    Veneer                ro code  0x080190a4      0x8  - Linker created -
    .text                 ro code  0x080190ac    0x104  ram_libgloss_retarget.o [8]
    .text                 ro code  0x080191b0    0x214  tcpip.o [2]
    .text                 ro code  0x080193c4    0x2e2  autoip.o [2]
    .text                 ro code  0x080196a8    0x1f2  sys_arch.o [2]
    .text                 ro code  0x0801989c    0x4e4  api_lib.o [2]
    .text                 ro code  0x08019d80    0x462  pbuf.o [2]
    .text                 ro code  0x0801a1e2     0x9a  netbuf.o [2]
    .text                 ro code  0x0801a27c    0x3f0  igmp.o [2]
    .text                 ro code  0x0801a66c    0x15c  port.o [2]
    .text                 ro code  0x0801a7c8     0x8e  list.o [2]
    .text                 ro code  0x0801a858    0x34c  timers.o [2]
    Veneer                ro code  0x0801aba4      0x8  - Linker created -
    Veneer                ro code  0x0801abac      0x8  - Linker created -
    Veneer                ro code  0x0801abb4      0x8  - Linker created -
    Veneer                ro code  0x0801abbc      0x8  - Linker created -
    Veneer                ro code  0x0801abc4      0x8  - Linker created -
    .text                 ro code  0x0801abcc    0x5c4  rtl8710b_freertos_pmu.o [7]
    .text                 ro code  0x0801b190     0x32  ABImemset48.o [13]
    Veneer                ro code  0x0801b1c4      0x8  - Linker created -
    Veneer                ro code  0x0801b1cc      0x8  - Linker created -
    Veneer                ro code  0x0801b1d4      0x8  - Linker created -
    .text                 ro code  0x0801b1dc    0x9f4  rtw_promisc.o [9]
    .text                 ro code  0x0801bbd0    0x4a2  queue.o [2]
    .text                 ro code  0x0801c074    0x190  netdev.o [9]
    Veneer                ro code  0x0801c204      0x8  - Linker created -
    Veneer                ro code  0x0801c20c      0x8  - Linker created -
    .text                 ro code  0x0801c214   0x1074  rtw_cmd.o [9]
    .text                 ro code  0x0801d288    0x44e  hal_intf.o [9]
    Veneer                ro code  0x0801d6d8      0x8  - Linker created -
    Veneer                ro code  0x0801d6e0      0x8  - Linker created -
    Veneer                ro code  0x0801d6e8      0x8  - Linker created -
    Veneer                ro code  0x0801d6f0      0x8  - Linker created -
    Veneer                ro code  0x0801d6f8      0x8  - Linker created -
    Veneer                ro code  0x0801d700      0x8  - Linker created -
    Veneer                ro code  0x0801d708      0x8  - Linker created -
    Veneer                ro code  0x0801d710      0x8  - Linker created -
    Veneer                ro code  0x0801d718      0x8  - Linker created -
    Veneer                ro code  0x0801d720      0x8  - Linker created -
    Veneer                ro code  0x0801d728      0x8  - Linker created -
    Veneer                ro code  0x0801d730      0x8  - Linker created -
    Veneer                ro code  0x0801d738      0x8  - Linker created -
    Veneer                ro code  0x0801d740      0x8  - Linker created -
    Veneer                ro code  0x0801d748      0x8  - Linker created -
    Veneer                ro code  0x0801d750      0x8  - Linker created -
    Veneer                ro code  0x0801d758      0x8  - Linker created -
    Veneer                ro code  0x0801d760      0x8  - Linker created -
    Veneer                ro code  0x0801d768      0x8  - Linker created -
    .text                 ro code  0x0801d770    0x70c  lxbus_halinit.o [9]
    .text                 ro code  0x0801de7c    0x380  rtw_intfs.o [9]
    Veneer                ro code  0x0801e1fc      0x8  - Linker created -
    Veneer                ro code  0x0801e204      0x8  - Linker created -
    Veneer                ro code  0x0801e20c      0x8  - Linker created -
    Veneer                ro code  0x0801e214      0x8  - Linker created -
    Veneer                ro code  0x0801e21c      0x8  - Linker created -
    Veneer                ro code  0x0801e224      0x8  - Linker created -
    Veneer                ro code  0x0801e22c      0x8  - Linker created -
    .text                 ro code  0x0801e234   0x1650  rtw_ap.o [9]
    Veneer                ro code  0x0801f884      0x8  - Linker created -
    Veneer                ro code  0x0801f88c      0x8  - Linker created -
    Veneer                ro code  0x0801f894      0x8  - Linker created -
    Veneer                ro code  0x0801f89c      0x8  - Linker created -
    .text                 ro code  0x0801f8a4   0x4cc0  rtw_mlme_ext.o [9]
    .text                 ro code  0x08024564   0x143c  rtw_mlme.o [9]
    .text                 ro code  0x080259a0    0x1f6  rtw_ieee80211.o [9]
    .text                 ro code  0x08025b98     0x38  hci_intfs.o [9]
    .text                 ro code  0x08025bd0    0x718  rtw_pwrctrl.o [9]
    .text                 ro code  0x080262e8    0x1da  ip_addr.o [2]
    .text                 ro code  0x080264c4    0x164  ethernetif.o [2]
    .text                 ro code  0x08026628    0x552  rtw_ioctl_set.o [9]
    Veneer                ro code  0x08026b7c      0x8  - Linker created -
    Veneer                ro code  0x08026b84      0x8  - Linker created -
    Veneer                ro code  0x08026b8c      0x8  - Linker created -
    Veneer                ro code  0x08026b94      0x8  - Linker created -
    Veneer                ro code  0x08026b9c      0x8  - Linker created -
    Veneer                ro code  0x08026ba4      0x8  - Linker created -
    Veneer                ro code  0x08026bac      0x8  - Linker created -
    Veneer                ro code  0x08026bb4      0x8  - Linker created -
    Veneer                ro code  0x08026bbc      0x8  - Linker created -
    .text                 ro code  0x08026bc4    0xc2a  rtw_wlan_util.o [9]
    Veneer                ro code  0x080277f0      0x8  - Linker created -
    Veneer                ro code  0x080277f8      0x8  - Linker created -
    Veneer                ro code  0x08027800      0x8  - Linker created -
    Veneer                ro code  0x08027808      0x8  - Linker created -
    Veneer                ro code  0x08027810      0x8  - Linker created -
    Veneer                ro code  0x08027818      0x8  - Linker created -
    Veneer                ro code  0x08027820      0x8  - Linker created -
    Veneer                ro code  0x08027828      0x8  - Linker created -
    Veneer                ro code  0x08027830      0x8  - Linker created -
    Veneer                ro code  0x08027838      0x8  - Linker created -
    Veneer                ro code  0x08027840      0x8  - Linker created -
    Veneer                ro code  0x08027848      0x8  - Linker created -
    Veneer                ro code  0x08027850      0x8  - Linker created -
    Veneer                ro code  0x08027858      0x8  - Linker created -
    Veneer                ro code  0x08027860      0x8  - Linker created -
    Veneer                ro code  0x08027868      0x8  - Linker created -
    Veneer                ro code  0x08027870      0x8  - Linker created -
    Veneer                ro code  0x08027878      0x8  - Linker created -
    Veneer                ro code  0x08027880      0x8  - Linker created -
    Veneer                ro code  0x08027888      0x8  - Linker created -
    .text                 ro code  0x08027890   0x1570  rtw_psk.o [9]
    .text                 ro code  0x08028e00     0x54  rtw_io.o [9]
    .text                 ro code  0x08028e54    0x352  phydm_ACS.o [9]
    .text                 ro code  0x080291a8    0x624  rtw_sta_mgt.o [9]
    .text                 ro code  0x080297cc    0xc20  hal_com.o [9]
    .text                 ro code  0x0802a3ec    0xa58  hal_com_phycfg.o [9]
    Veneer                ro code  0x0802ae44      0x8  - Linker created -
    Veneer                ro code  0x0802ae4c      0x8  - Linker created -
    Veneer                ro code  0x0802ae54      0x8  - Linker created -
    Veneer                ro code  0x0802ae5c      0x8  - Linker created -
    Veneer                ro code  0x0802ae64      0x8  - Linker created -
    Veneer                ro code  0x0802ae6c      0x8  - Linker created -
    Veneer                ro code  0x0802ae74      0x8  - Linker created -
    Veneer                ro code  0x0802ae7c      0x8  - Linker created -
    .text                 ro code  0x0802ae84    0x440  rtl8711b_hal_efuse.o [9]
    .text                 ro code  0x0802b2c4   0x104c  HalHWImg8711B_BB.o [9]
    .text                 ro code  0x0802c310     0x16  wifi_eap_config.o [2]
    .text                 ro code  0x0802c328     0x66  ABImemset.o [13]
    .text                 ro code  0x0802c390    0x738  etharp.o [2]
    .text                 ro code  0x0802cac8     0x1c  I32ToDbl.o [12]
    .text                 ro code  0x0802cae4    0x1a2  DblMul.o [12]
    .text                 ro code  0x0802cc88     0x2c  DblToI32.o [12]
    .text                 ro code  0x0802ccb4    0x6ac  dns.o [2]
    .text                 ro code  0x0802d360    0x260  mem.o [2]
    .text                 ro code  0x0802d5c0    0x410  udp.o [2]
    .text                 ro code  0x0802d9d0     0x20  srand.o [4]
    .text                 ro code  0x0802d9f0     0xe0  rand.o [4]
    .text                 ro code  0x0802dad0    0x514  xscanfsmall_nomb.o [4]
    .text                 ro code  0x0802dfe4    0xb34  tcp.o [2]
    Veneer                ro code  0x0802eb18      0x8  - Linker created -
    Veneer                ro code  0x0802eb20      0x8  - Linker created -
    Veneer                ro code  0x0802eb28      0x8  - Linker created -
    Veneer                ro code  0x0802eb30      0x8  - Linker created -
    Veneer                ro code  0x0802eb38      0x8  - Linker created -
    Veneer                ro code  0x0802eb40      0x8  - Linker created -
    Veneer                ro code  0x0802eb48      0x8  - Linker created -
    Veneer                ro code  0x0802eb50      0x8  - Linker created -
    .text                 ro code  0x0802eb58    0x10c  system_8195a.o [7]
    .text                 ro code  0x0802ec64    0x264  lwip_timers.o [2]
    .text                 ro code  0x0802eec8    0x35c  ip.o [2]
    .text                 ro code  0x0802f224     0xd8  memp.o [2]
    .text                 ro code  0x0802f2fc     0x2e  init.o [2]
    .text                 ro code  0x0802f32c    0xba4  api_msg.o [2]
    .text                 ro code  0x0802fed0    0x13a  inet_chksum.o [2]
    .text                 ro code  0x0803000c     0x24  printf.o [4]
    Veneer                ro code  0x08030030      0x8  - Linker created -
    Veneer                ro code  0x08030038      0x8  - Linker created -
    Veneer                ro code  0x08030040      0x8  - Linker created -
    Veneer                ro code  0x08030048      0x8  - Linker created -
    Veneer                ro code  0x08030050      0x8  - Linker created -
    Veneer                ro code  0x08030058      0x8  - Linker created -
    Veneer                ro code  0x08030060      0x8  - Linker created -
    Veneer                ro code  0x08030068      0x8  - Linker created -
    Veneer                ro code  0x08030070      0x8  - Linker created -
    Veneer                ro code  0x08030078      0x8  - Linker created -
    Veneer                ro code  0x08030080      0x8  - Linker created -
    Veneer                ro code  0x08030088      0x8  - Linker created -
    Veneer                ro code  0x08030090      0x8  - Linker created -
    Veneer                ro code  0x08030098      0x8  - Linker created -
    Veneer                ro code  0x080300a0      0x8  - Linker created -
    Veneer                ro code  0x080300a8      0x8  - Linker created -
    Veneer                ro code  0x080300b0      0x8  - Linker created -
    Veneer                ro code  0x080300b8      0x8  - Linker created -
    Veneer                ro code  0x080300c0      0x8  - Linker created -
    Veneer                ro code  0x080300c8      0x8  - Linker created -
    Veneer                ro code  0x080300d0      0x8  - Linker created -
    Veneer                ro code  0x080300d8      0x8  - Linker created -
    Veneer                ro code  0x080300e0      0x8  - Linker created -
    Veneer                ro code  0x080300e8      0x8  - Linker created -
    .text                 ro code  0x080300f0    0x694  rtl8710b_psm.o [7]
    Veneer                ro code  0x08030784      0x8  - Linker created -
    .text                 ro code  0x0803078c   0x1528  rtw_recv.o [9]
    .text                 ro code  0x08031cb4    0x374  phydm_RaInfo.o [9]
    .text                 ro code  0x08032028    0xdf0  lxbus_ops.o [9]
    Veneer                ro code  0x08032e18      0x8  - Linker created -
    Veneer                ro code  0x08032e20      0x8  - Linker created -
    .text                 ro code  0x08032e28    0x9cc  rtl8711b_phycfg.o [9]
    Veneer                ro code  0x080337f4      0x8  - Linker created -
    Veneer                ro code  0x080337fc      0x8  - Linker created -
    .text                 ro code  0x08033804    0x450  rtl8711b_firmware.o [9]
    Veneer                ro code  0x08033c54      0x8  - Linker created -
    Veneer                ro code  0x08033c5c      0x8  - Linker created -
    Veneer                ro code  0x08033c64      0x8  - Linker created -
    Veneer                ro code  0x08033c6c      0x8  - Linker created -
    Veneer                ro code  0x08033c74      0x8  - Linker created -
    Veneer                ro code  0x08033c7c      0x8  - Linker created -
    .text                 ro code  0x08033c84    0x540  rtl8711b_dm.o [9]
    .text                 ro code  0x080341c4   0x14ac  HalPhyRf_8711B.o [9]
    Veneer                ro code  0x08035670      0x8  - Linker created -
    Veneer                ro code  0x08035678      0x8  - Linker created -
    Veneer                ro code  0x08035680      0x8  - Linker created -
    Veneer                ro code  0x08035688      0x8  - Linker created -
    .text                 ro code  0x08035690    0xd28  rtl8711b_cmd.o [9]
    .text                 ro code  0x080363b8     0xdc  HalPwrSeqCmd.o [9]
    .text                 ro code  0x08036494     0x18  wlan_ram_map.o [9]
    Veneer                ro code  0x080364ac      0x8  - Linker created -
    Veneer                ro code  0x080364b4      0x8  - Linker created -
    Veneer                ro code  0x080364bc      0x8  - Linker created -
    Veneer                ro code  0x080364c4      0x8  - Linker created -
    Veneer                ro code  0x080364cc      0x8  - Linker created -
    Veneer                ro code  0x080364d4      0x8  - Linker created -
    Veneer                ro code  0x080364dc      0x8  - Linker created -
    Veneer                ro code  0x080364e4      0x8  - Linker created -
    Veneer                ro code  0x080364ec      0x8  - Linker created -
    Veneer                ro code  0x080364f4      0x8  - Linker created -
    Veneer                ro code  0x080364fc      0x8  - Linker created -
    Veneer                ro code  0x08036504      0x8  - Linker created -
    Veneer                ro code  0x0803650c      0x8  - Linker created -
    Veneer                ro code  0x08036514      0x8  - Linker created -
    Veneer                ro code  0x0803651c      0x8  - Linker created -
    Veneer                ro code  0x08036524      0x8  - Linker created -
    Veneer                ro code  0x0803652c      0x8  - Linker created -
    Veneer                ro code  0x08036534      0x8  - Linker created -
    Veneer                ro code  0x0803653c      0x8  - Linker created -
    Veneer                ro code  0x08036544      0x8  - Linker created -
    Veneer                ro code  0x0803654c      0x8  - Linker created -
    Veneer                ro code  0x08036554      0x8  - Linker created -
    Veneer                ro code  0x0803655c      0x8  - Linker created -
    Veneer                ro code  0x08036564      0x8  - Linker created -
    Veneer                ro code  0x0803656c      0x8  - Linker created -
    Veneer                ro code  0x08036574      0x8  - Linker created -
    .text                 ro code  0x0803657c   0x10ce  rtl8711b_hal_init.o [9]
    .text                 ro code  0x0803764c   0x1740  rtw_xmit.o [9]
    Veneer                ro code  0x08038d8c      0x8  - Linker created -
    Veneer                ro code  0x08038d94      0x8  - Linker created -
    Veneer                ro code  0x08038d9c      0x8  - Linker created -
    Veneer                ro code  0x08038da4      0x8  - Linker created -
    Veneer                ro code  0x08038dac      0x8  - Linker created -
    Veneer                ro code  0x08038db4      0x8  - Linker created -
    .text                 ro code  0x08038dbc    0x314  rtw_security.o [9]
    .text                 ro code  0x080390d0     0x76  ABImemcpy_unaligned.o [13]
    .text                 ro code  0x08039146    0x100  freertos_xmit.o [9]
    .text                 ro code  0x08039248      0x6  ABImemclr.o [13]
    .text                 ro code  0x0803924e     0x66  phydm_interface.o [9]
    Veneer                ro code  0x080392b4      0x8  - Linker created -
    .text                 ro code  0x080392bc    0x88c  rtl8710b_efuse.o [7]
    .text                 ro code  0x08039b48     0xd8  phydm_RegConfig8711B.o [9]
    .text                 ro code  0x08039c20    0x188  icmp.o [2]
    .text                 ro code  0x08039da8      0x2  xtls.o [4]
    .text                 ro code  0x08039dac     0x16  strchr.o [13]
    .text                 ro code  0x08039dc2     0x86  xstol.o [4]
    .text                 ro code  0x08039e48    0x19c  xstoul.o [4]
    .text                 ro code  0x08039fe4    0xa60  tcp_out.o [2]
    .text                 ro code  0x0803aa44    0x508  ip_frag.o [2]
    .text                 ro code  0x0803af4c    0x174  raw.o [2]
    .text                 ro code  0x0803b0c0    0xed8  tcp_in.o [2]
    .text                 ro code  0x0803bf98    0x150  xprintftiny.o [4]
    Veneer                ro code  0x0803c0e8      0x8  - Linker created -
    .text                 ro code  0x0803c0f0    0x810  lxbus_suspend.o [9]
    .text                 ro code  0x0803c900     0x10  rtl8710b_bor.o [7]
    Veneer                ro code  0x0803c910      0x8  - Linker created -
    .text                 ro code  0x0803c918     0xac  rtl8710b_pinmap.o [7]
    Veneer                ro code  0x0803c9c4      0x8  - Linker created -
    Veneer                ro code  0x0803c9cc      0x8  - Linker created -
    Veneer                ro code  0x0803c9d4      0x8  - Linker created -
    Veneer                ro code  0x0803c9dc      0x8  - Linker created -
    Veneer                ro code  0x0803c9e4      0x8  - Linker created -
    Veneer                ro code  0x0803c9ec      0x8  - Linker created -
    Veneer                ro code  0x0803c9f4      0x8  - Linker created -
    Veneer                ro code  0x0803c9fc      0x8  - Linker created -
    Veneer                ro code  0x0803ca04      0x8  - Linker created -
    Veneer                ro code  0x0803ca0c      0x8  - Linker created -
    Veneer                ro code  0x0803ca14      0x8  - Linker created -
    Veneer                ro code  0x0803ca1c      0x8  - Linker created -
    Veneer                ro code  0x0803ca24      0x8  - Linker created -
    Veneer                ro code  0x0803ca2c      0x8  - Linker created -
    .text                 ro code  0x0803ca34    0x31c  rtl_consol.o [2]
    .text                 ro code  0x0803cd50    0x3d0  freertos_recv.o [9]
    .text                 ro code  0x0803d120    0x91a  rtl8711b_xmit.o [9]
    .text                 ro code  0x0803da3a    0x266  rtl8711b_rxdesc.o [9]
    .text                 ro code  0x0803dca0    0x668  phydm_HWConfig.o [9]
    .text                 ro code  0x0803e308     0xf4  rtl8711b_rf6052.o [9]
    .text                 ro code  0x0803e3fc    0x47a  phydm.o [9]
    .text                 ro code  0x0803e878    0x4e8  HalPhyRf.o [9]
    .text                 ro code  0x0803ed60    0x7dc  phydm_DIG.o [9]
    .text                 ro code  0x0803f53c    0x33a  PhyDM_Adaptivity.o [9]
    .text                 ro code  0x0803f878      0xc  errno.o [4]
    .text                 ro code  0x0803f884     0x58  memchr.o [13]
    .text                 ro code  0x0803f8dc     0x36  strlen.o [13]
    Veneer                ro code  0x0803f914      0x8  - Linker created -
    Veneer                ro code  0x0803f91c      0x8  - Linker created -
    Veneer                ro code  0x0803f924      0x8  - Linker created -
    Veneer                ro code  0x0803f92c      0x8  - Linker created -
    Veneer                ro code  0x0803f934      0x8  - Linker created -
    Veneer                ro code  0x0803f93c      0x8  - Linker created -
    Veneer                ro code  0x0803f944      0x8  - Linker created -
    Veneer                ro code  0x0803f94c      0x8  - Linker created -
    Veneer                ro code  0x0803f954      0x8  - Linker created -
    Veneer                ro code  0x0803f95c      0x8  - Linker created -
    .text                 ro code  0x0803f964    0x5b0  monitor.o [2]
    Veneer                ro code  0x0803ff14      0x8  - Linker created -
    .text                 ro code  0x0803ff1c    0x474  log_service.o [2]
    Veneer                ro code  0x08040390      0x8  - Linker created -
    Veneer                ro code  0x08040398      0x8  - Linker created -
    Veneer                ro code  0x080403a0      0x8  - Linker created -
    .text                 ro code  0x080403a8     0x86  phydm_CfoTracking.o [9]
    .text                 ro code  0x08040430    0xf90  HalHWImg8711B_RF.o [9]
    .text                 ro code  0x080413c0    0x478  HalHWImg8711B_MAC.o [9]
    .text                 ro code  0x08041838   0x7da0  HalHWImg8711B_FW.o [9]
    .text                 ro code  0x080495d8    0x1e8  phydm_PowerTracking.o [9]
    .text                 ro code  0x080497c0     0x14  phydm_debug.o [9]
    .text                 ro code  0x080497d4   0x1dd8  atcmd_wifi.o [2]
    .text                 ro code  0x0804b5ac   0x1afc  wifi_simple_config.o [2]
    Veneer                ro code  0x0804d0a8      0x8  - Linker created -
    Veneer                ro code  0x0804d0b0      0x8  - Linker created -
    .text                 ro code  0x0804d0b8   0x14e4  webserver.o [2]
    Veneer                ro code  0x0804e59c      0x8  - Linker created -
    Veneer                ro code  0x0804e5a4      0x8  - Linker created -
    .text                 ro code  0x0804e5ac   0x101c  rtl8710b_ota.o [2]
    .text                 ro code  0x0804f5c8    0x620  ping_test.o [2]
    Veneer                ro code  0x0804fbe8      0x8  - Linker created -
    .text                 ro code  0x0804fbf0   0x1f94  tcptest.o [2]
    Veneer                ro code  0x08051b84      0x8  - Linker created -
    Veneer                ro code  0x08051b8c      0x8  - Linker created -
    Veneer                ro code  0x08051b94      0x8  - Linker created -
    Veneer                ro code  0x08051b9c      0x8  - Linker created -
    Veneer                ro code  0x08051ba4      0x8  - Linker created -
    Veneer                ro code  0x08051bac      0x8  - Linker created -
    Veneer                ro code  0x08051bb4      0x8  - Linker created -
    .text                 ro code  0x08051bbc   0x136c  wifi_simple_config_parser.o [9]
    .text                 ro code  0x08052f28     0x18  cmsis_os.o [2]
    .text                 ro code  0x08052f40     0x40  netdb.o [2]
    Veneer                ro code  0x08052f80      0x8  - Linker created -
    .text                 ro code  0x08052f88     0x30  app_start.o [2]
    .text                 ro code  0x08052fb8     0x20  cmain_call_ctors.o [13]
    .text                 ro code  0x08052fd8     0x1a  main.o [2]
    .text                 ro code  0x08052ff4     0x18  cppinit.o [4]
    .text                 ro code  0x0805300c     0xac  example_entry.o [2]
    .text                 ro code  0x080530b8    0x510  workwithairkiss.o [2]
    .text                 ro code  0x080535c8     0x2c  vsprintf.o [4]
    .text                 ro code  0x080535f4     0x35  puts.o [4]
    .text                 ro code  0x0805362c    0x120  gpio_api.o [2]
    Veneer                ro code  0x0805374c      0x8  - Linker created -
    Veneer                ro code  0x08053754      0x8  - Linker created -
    .text                 ro code  0x0805375c     0xb8  gpio_irq_api.o [2]
    .text                 ro code  0x08053814     0x2c  low_level_io.o [2]
    Veneer                ro code  0x08053840      0x8  - Linker created -
    Veneer                ro code  0x08053848      0x8  - Linker created -
    Veneer                ro code  0x08053850      0x8  - Linker created -
    Veneer                ro code  0x08053858      0x8  - Linker created -
    Veneer                ro code  0x08053860      0x8  - Linker created -
    .text                 ro code  0x08053868    0xbac  atcmd_sys.o [2]
    .text                 ro code  0x08054414    0x148  sys_api.o [2]
    .text                 ro code  0x0805455c     0x58  efuse_api.o [2]
    .text                 ro code  0x080545b4    0x1fc  example_wlan_fast_connect.o [2]
    Veneer                ro code  0x080547b0      0x8  - Linker created -
    Veneer                ro code  0x080547b8      0x8  - Linker created -
    Veneer                ro code  0x080547c0      0x8  - Linker created -
    Veneer                ro code  0x080547c8      0x8  - Linker created -
    Veneer                ro code  0x080547d0      0x8  - Linker created -
    Veneer                ro code  0x080547d8      0x8  - Linker created -
    Veneer                ro code  0x080547e0      0x8  - Linker created -
    Veneer                ro code  0x080547e8      0x8  - Linker created -
    Veneer                ro code  0x080547f0      0x8  - Linker created -
    .text                 ro code  0x080547f8    0x1d0  startup.o [2]
    .text                 ro code  0x080549c8    0x2c4  rtl8710b_clk.o [7]
    .text                 ro code  0x08054c8c     0x28  data_init.o [13]
    Veneer                ro code  0x08054cb4      0x8  - Linker created -
    .text                 ro code  0x08054cbc     0xe8  lxbus_hci_intf.o [9]
    .text                 ro code  0x08054da4     0x34  lxbus_intf.o [9]
    .text                 ro code  0x08054dd8     0x7c  freertos_isr.o [9]
    .text                 ro code  0x08054e54     0x62  memcmp_unaligned.o [13]
    .text                 ro code  0x08054eb8    0x246  DblDiv.o [12]
    .text                 ro code  0x08055100     0x1a  fpinit_M.o [12]
    .text                 ro code  0x0805511a      0xc  memcpy.o [4]
    .text                 ro code  0x08055126     0x14  memset.o [4]
    .text                 ro code  0x0805513a     0x16  xprout.o [4]
    .text                 ro code  0x08055150     0x28  putchar.o [4]
    .rodata               const    0x08055178     0x58  atcmd_sys.o [2]
    .rodata               const    0x080551d0    0x8b0  atcmd_wifi.o [2]
    .rodata               const    0x08055a80    0x144  freertos_service.o [2]
    .rodata               const    0x08055bc4      0x8  ip_addr.o [2]
    .rodata               const    0x08055bcc     0x10  log_service.o [2]
    .rodata               const    0x08055bdc    0x3dc  monitor.o [2]
    .rodata               const    0x08055fb8    0x320  rtl8710b_pinmapcfg.o [2]
    .rodata               const    0x080562d8     0xe4  rtl8710b_sleepcfg.o [2]
    .rodata               const    0x080563bc    0x33c  webserver.o [2]
    .rodata               const    0x080566f8      0x8  rtw_mlme_ext.o [9]
    .rodata               const    0x08056700     0x10  lxbus_hci_intf.o [9]
    .rodata               const    0x08056710     0x90  HalHWImg8711B_BB.o [9]
    .rodata               const    0x080567a0    0x184  rom_rtw_message_f.o [9]
    .rodata               const    0x08056924    0x140  Hal8711BPwrSeq.o [9]
    .rodata               const    0x08056a64     0xa4  phydm_PowerTracking.o [9]
    .rodata               const    0x08056b08    0x498  HalHWImg8711B_RF.o [9]
    .rodata               const    0x08056fa0      0x2  ram_libc.o [8]
    .rodata               const    0x08056fa2      0x0  zero_init3.o [13]
    CODE                  ro code  0x08056fa4     0xb4  portasm.o [2]
                                 - 0x08057058  0x4c038

"A4":                                          0x2842c
  IMAGE2                           0x10005000   0x14dc  <Block>
    .ram_image2.entry              0x10005000     0x1c  <Block>
      .image2.entry.data  const    0x10005000      0x8  startup.o [2]
      .image2.validate.rodata
                          const    0x10005008     0x14  startup.o [2]
    .ram.data                      0x10005020    0xfc0  <Block>
      .data               const    0x10005020    0x428  ram_libc.o [8]
      .data               const    0x10005448     0x2c  airkiss.o [2]
      .data               const    0x10005474     0x14  airkiss.o [2]
      .data               const    0x10005488     0xb0  atcmd_sys.o [2]
      .data               const    0x10005538     0x38  atcmd_wifi.o [2]
      .data               const    0x10005570      0x4  atcmd_wifi.o [2]
      .data               const    0x10005574    0x1d0  atcmd_wifi.o [2]
      .data               const    0x10005744     0x60  dhcps.o [2]
      .data               const    0x100057a4      0x4  freertos_service.o [2]
      .data               const    0x100057a8     0x44  heap_5.o [2]
      .data               const    0x100057ec     0x84  log_service.o [2]
      .data               const    0x10005870     0x20  log_service.o [2]
      .data               const    0x10005890      0x4  port.o [2]
      .data               const    0x10005894     0x9c  tasks.o [2]
      .data               const    0x10005930     0x20  tcp.o [2]
      .data               const    0x10005950      0x8  udp.o [2]
      .data               const    0x10005958     0x14  wifi_conf.o [2]
      .data               const    0x1000596c     0x68  wifi_simple_config.o [2]
      .data               const    0x100059d4     0x5c  wifi_simple_config.o [2]
      .data               const    0x10005a30     0x4c  wifi_util.o [2]
      .data               const    0x10005a7c    0x2ac  rtl8710b_freertos_pmu.o [7]
      .data               const    0x10005d28      0x4  rtl8710b_freertos_pmu.o [7]
      .data               const    0x10005d2c     0x70  rtw_mlme_ext.o [9]
      .data               const    0x10005d9c      0x8  rtw_psk.o [9]
      .data               const    0x10005da4      0x4  system_8195a.o [7]
      .data               const    0x10005da8      0x4  freertos_skbuff.o [9]
      .data               const    0x10005dac      0x4  freertos_skbuff.o [9]
      .data               const    0x10005db0      0x4  rtw_debug.o [9]
      .data               const    0x10005db4      0x4  rtl8710b_clk.o [7]
      .data               const    0x10005db8    0x148  wifi_simple_config_parser.o [9]
      .data               const    0x10005f00      0x8  wifi_simple_config_parser.o [9]
      .data               const    0x10005f08      0x4  rtw_xmit.o [9]
      .data               const    0x10005f0c      0x4  rtw_xmit.o [9]
      .data               const    0x10005f10      0x8  rtl8711b_cmd.o [9]
      .data               const    0x10005f18      0x4  phydm_DIG.o [9]
      .data               const    0x10005f1c      0x2  tcp.o [2]
      .data               const    0x10005f1e      0x1  rtw_mlme_ext.o [9]
      .data               const    0x10005f1f      0x4  freertos_intfs.o [9]
      .data               const    0x10005f23      0x1  freertos_ioctl.o [9]
      .iar.init_table     const    0x10005f24     0x2c  - Linker created -
      __DLIB_PERTHREAD    const    0x10005f50     0x8c  rand.o [4]
      __DLIB_PERTHREAD    const    0x10005fdc      0x4  errno.o [4]
      CPP_INIT                     0x10005fe0      0x0  <Block>
        SHT$$PREINIT_ARRAY
                                   0x10005fe0      0x0  <Block>
        SHT$$INIT_ARRAY            0x10005fe0      0x0  <Block>
    .ram.text                      0x10005fe0    0x4fc  <Block>
      Veneer              ro code  0x10005fe0      0x8  - Linker created -
      Veneer              ro code  0x10005fe8      0x8  - Linker created -
      Veneer              ro code  0x10005ff0      0x8  - Linker created -
      Veneer              ro code  0x10005ff8      0x8  - Linker created -
      Veneer              ro code  0x10006000      0x8  - Linker created -
      Veneer              ro code  0x10006008      0x8  - Linker created -
      Veneer              ro code  0x10006010      0x8  - Linker created -
      Veneer              ro code  0x10006018      0x8  - Linker created -
      .image2.ram.text    ro code  0x10006020    0x170  rtl8710b_flash_ram.o [7]
      Veneer              ro code  0x10006190      0x8  - Linker created -
      .image2.ram.text    ro code  0x10006198    0x138  rtl8710b_ota_ram.o [7]
      Veneer              ro code  0x100062d0      0x8  - Linker created -
      Veneer              ro code  0x100062d8      0x8  - Linker created -
      Veneer              ro code  0x100062e0      0x8  - Linker created -
      Veneer              ro code  0x100062e8      0x8  - Linker created -
      Veneer              ro code  0x100062f0      0x8  - Linker created -
      Veneer              ro code  0x100062f8      0x8  - Linker created -
      Veneer              ro code  0x10006300      0x8  - Linker created -
      Veneer              ro code  0x10006308      0x8  - Linker created -
      .image2.ram.text    ro code  0x10006310    0x1cc  rtl8710b_psm_ram.o [7]
  .ram_image2.bss                  0x100064e0   0x825e  <Block>
    .bss                  zero     0x100064e0     0x70  tcptest.o [2]
    .bss                  zero     0x10006550     0x70  tcptest.o [2]
    .bss                  zero     0x100065c0     0x6c  airkiss.o [2]
    .bss                  zero     0x1000662c     0x78  atcmd_wifi.o [2]
    .bss                  zero     0x100066a4      0x4  atcmd_wifi.o [2]
    .bss                  zero     0x100066a8     0x18  device_lock.o [2]
    .bss                  zero     0x100066c0     0x34  dhcp.o [2]
    .bss                  zero     0x100066f4      0x4  dhcp.o [2]
    .bss                  zero     0x100066f8    0x620  dhcps.o [2]
    .bss                  zero     0x10006d18    0x224  dns.o [2]
    .bss                  zero     0x10006f3c    0x440  dns.o [2]
    .bss                  zero     0x1000737c     0x30  dns.o [2]
    .bss                  zero     0x100073ac     0xc8  etharp.o [2]
    .bss                  zero     0x10007474      0x4  etharp.o [2]
    .bss                  zero     0x10007478      0x4  ethernetif.o [2]
    .bss                  zero     0x1000747c      0x4  example_wlan_fast_connect.o [2]
    .bss                  zero     0x10007480     0x24  flash_api.o [2]
    .bss                  zero     0x100074a4      0x4  freertos_service.o [2]
    .bss                  zero     0x100074a8      0xc  igmp.o [2]
    .bss                  zero     0x100074b4     0x10  ip.o [2]
    .bss                  zero     0x100074c4     0x10  ip_addr.o [2]
    .bss                  zero     0x100074d4      0x8  ip_frag.o [2]
    .bss                  zero     0x100074dc    0x100  log_service.o [2]
    .bss                  zero     0x100075dc     0x7c  lwip_netconf.o [2]
    .bss                  zero     0x10007658      0x8  lwip_timers.o [2]
    .bss                  zero     0x10007660      0x4  lwip_timers.o [2]
    .bss                  zero     0x10007664   0x1424  mem.o [2]
    .bss                  zero     0x10008a88   0x4030  memp.o [2]
    .bss                  zero     0x1000cab8     0x28  netdb.o [2]
    .bss                  zero     0x1000cae0      0xc  netif.o [2]
    .bss                  zero     0x1000caec      0x4  osdep_service.o [2]
    .bss                  zero     0x1000caf0     0x20  ping_test.o [2]
    .bss                  zero     0x1000cb10      0xc  port.o [2]
    .bss                  zero     0x1000cb1c      0x4  raw.o [2]
    .bss                  zero     0x1000cb20      0x4  rtl8710b_ota.o [2]
    .bss                  zero     0x1000cb24      0x8  rtl_consol.o [2]
    .bss                  zero     0x1000cb2c     0xc0  sockets.o [2]
    .bss                  zero     0x1000cbec      0x8  sockets.o [2]
    .bss                  zero     0x1000cbf4      0xc  startup.o [2]
    .bss                  zero     0x1000cc00     0x34  sys_arch.o [2]
    .bss                  zero     0x1000cc34     0xdc  tasks.o [2]
    .bss                  zero     0x1000cd10     0x30  tcp_in.o [2]
    .bss                  zero     0x1000cd40      0xc  tcpip.o [2]
    .bss                  zero     0x1000cd4c     0x14  tcptest.o [2]
    .bss                  zero     0x1000cd60     0x14  tcptest.o [2]
    .bss                  zero     0x1000cd74     0x3c  timers.o [2]
    .bss                  zero     0x1000cdb0     0x6c  webserver.o [2]
    .bss                  zero     0x1000ce1c    0xfb0  webserver.o [2]
    .bss                  zero     0x1000ddcc     0x24  wifi_conf.o [2]
    .bss                  zero     0x1000ddf0      0x4  wifi_conf.o [2]
    .bss                  zero     0x1000ddf4     0x18  wifi_conf.o [2]
    .bss                  zero     0x1000de0c    0x198  wifi_ind.o [2]
    .bss                  zero     0x1000dfa4      0x8  wifi_promisc.o [2]
    .bss                  zero     0x1000dfac     0x78  wifi_promisc.o [2]
    .bss                  zero     0x1000e024      0x8  workwithairkiss.o [2]
    .bss                  zero     0x1000e02c      0x8  workwithairkiss.o [2]
    .bss                  zero     0x1000e034     0x40  rtk_wlan_if.o [9]
    .bss                  zero     0x1000e074      0x4  ram_libc.o [8]
    .bss                  zero     0x1000e078     0x6c  rtl8710b_psm.o [7]
    .bss                  zero     0x1000e0e4     0x64  rtl8710b_psm.o [7]
    .bss                  zero     0x1000e148      0x8  rtl8710b_psm.o [7]
    .bss                  zero     0x1000e150     0x80  rtl8710b_freertos_pmu.o [7]
    .bss                  zero     0x1000e1d0    0x174  rtl8710b_freertos_pmu.o [7]
    .bss                  zero     0x1000e344      0x4  rtl8710b_efuse.o [7]
    .bss                  zero     0x1000e348      0x4  rtw_mlme_ext.o [9]
    .bss                  zero     0x1000e34c      0x4  rtw_mlme_ext.o [9]
    .bss                  zero     0x1000e350      0x4  rtw_mlme_ext.o [9]
    .bss                  zero     0x1000e354      0x4  freertos_intfs.o [9]
    .bss                  zero     0x1000e358      0xc  freertos_intfs.o [9]
    .bss                  zero     0x1000e364      0x4  freertos_intfs.o [9]
    .bss                  zero     0x1000e368     0x14  freertos_intfs.o [9]
    .bss                  zero     0x1000e37c    0x11c  rtw_psk.o [9]
    .bss                  zero     0x1000e498     0x44  rtw_psk.o [9]
    .bss                  zero     0x1000e4dc      0x4  freertos_skbuff.o [9]
    .bss                  zero     0x1000e4e0    0x1e0  freertos_skbuff.o [9]
    .bss                  zero     0x1000e6c0     0x18  freertos_skbuff.o [9]
    .bss                  zero     0x1000e6d8     0x24  rtl8710b_flash_ram.o [7]
    .bss                  zero     0x1000e6fc      0x8  rtw_mlme.o [9]
    .bss                  zero     0x1000e704      0xc  rtw_promisc.o [9]
    .bss                  zero     0x1000e710      0x4  ram_libgloss_retarget.o [8]
    .bss                  zero     0x1000e714      0x4  rtl8710b_bor.o [7]
    .bss                  zero     0x1000e718      0x8  lxbus_suspend.o [9]
    .bss                  zero     0x1000e720      0x8  lxbus_suspend.o [9]
    .bss                  zero     0x1000e728      0x4  rtl8711b_dm.o [9]
    .bss                  zero     0x1000e72c      0x4  freertos_isr.o [9]
    .bss                  zero     0x1000e730      0x2  ip.o [2]
    .bss                  zero     0x1000e732      0x2  rtw_mlme_ext.o [9]
    .bss                  zero     0x1000e734      0x1  dns.o [2]
    .bss                  zero     0x1000e735      0x1  etharp.o [2]
    .bss                  zero     0x1000e736      0x1  pbuf.o [2]
    .bss                  zero     0x1000e737      0x1  tcp.o [2]
    .bss                  zero     0x1000e738      0x1  wifi_eap_config.o [2]
    .bss                  zero     0x1000e739      0x1  wifi_eap_config.o [2]
    .bss                  zero     0x1000e73a      0x1  wifi_promisc.o [2]
    .bss                  zero     0x1000e73b      0x1  rtw_mlme_ext.o [9]
    .bss                  zero     0x1000e73c      0x1  rtw_mlme_ext.o [9]
    .bss                  zero     0x1000e73d      0x1  lxbus_ops.o [9]
  .ram_image2.skb.bss              0x1000e740   0x54e8  <Block>
    .bdsram.data          zero     0x1000e740   0x3400  freertos_skbuff.o [9]
    .bdsram.data          zero     0x10011b40      0x8  freertos_skbuff.o [9]
    .bdsram.data          zero     0x10011b48   0x20e0  lxbus_ops.o [9]
  .ram_heap.data                   0x10013c28  0x19800  <Block>
    .bfsram.data          zero     0x10013c28  0x19000  heap_5.o [2]
    .bfsram.data          zero     0x1002cc28    0x800  tasks.o [2]
  .heap.stdlib            zero     0x1002d428      0x1  ram_libgloss_retarget.o [8]
                                 - 0x1002d429  0x28429


*******************************************************************************
*** INIT TABLE
***

          Address     Size
          -------     ----
Zero (__iar_zero_init3)
    4 destination ranges, total size 0x26f47:
          0x100064e0   0x825e
          0x1000e740   0x54e8
          0x10013c28  0x19800
          0x1002d428      0x1

Extra (__iar_cstart_call_ctors)



*******************************************************************************
*** MODULE SUMMARY
***

    Module                       ro code  ro data  rw data
    ------                       -------  -------  -------
F:\RTLworkSpace\00009982-sdk-ameba-v4.0c\sdk-ameba-v4.0c\project\zairkiss\EWARM-RELEASE\..\..\..\component\soc\realtek\8711b\misc\bsp\image: [1]
    boot_all.bin                            4 368
    ------------------------------------------------------
    Total:                                  4 368

F:\RTLworkSpace\00009982-sdk-ameba-v4.0c\sdk-ameba-v4.0c\project\zairkiss\EWARM-RELEASE\Debug\Obj: [2]
    airkiss.o                      4 944               172
    api_lib.o                      1 252
    api_msg.o                      2 980
    app_start.o                       48
    atcmd_sys.o                    2 988       88      176
    atcmd_wifi.o                   7 640    2 224      648
    autoip.o                         738
    cmsis_os.o                        24
    def.o                             38
    device_lock.o                    164                24
    dhcp.o                         3 490                56
    dhcps.o                        2 302             1 664
    dns.o                          1 708             1 685
    efuse_api.o                       88
    etharp.o                       1 848               205
    ethernetif.o                     356                 4
    example_entry.o                  172
    example_wlan_fast_connect.o      508                 4
    flash_api.o                      856                36
    freertos_service.o             1 852      324        8
    gpio_api.o                       288
    gpio_irq_api.o                   184
    heap_5.o                         456           102 468
    icmp.o                           392
    igmp.o                         1 008                12
    inet_chksum.o                    314
    init.o                            46
    ip.o                             860                18
    ip_addr.o                        474        8       16
    ip_frag.o                      1 288                 8
    list.o                           142
    log_service.o                  1 140       16      420
    low_level_io.o                    44
    lwip_intf.o                      636
    lwip_netconf.o                   992               124
    lwip_timers.o                    612                12
    main.o                            26
    mem.o                            608             5 156
    memp.o                           216            16 432
    monitor.o                      1 456      988
    netbuf.o                         154
    netdb.o                           64                40
    netif.o                          398                12
    osdep_service.o                1 264                 4
    pbuf.o                         1 122                 1
    ping_test.o                    1 568                32
    port.o                           348                16
    portasm.o                        180
    queue.o                        1 186
    raw.o                            372                 4
    rtl8710b_ota.o                 4 124       32        4
    rtl8710b_pinmapcfg.o                      800
    rtl8710b_sleepcfg.o                       228
    rtl_consol.o                     796                 8
    sockets.o                      3 116               200
    startup.o                        464       20       20
    sys_api.o                        328
    sys_arch.o                       498                52
    tasks.o                        2 212             2 424
    tcp.o                          2 868                35
    tcp_in.o                       3 800                48
    tcp_out.o                      2 656
    tcpip.o                          532                12
    tcptest.o                      8 084               264
    timers.o                         844                60
    udp.o                          1 040                 8
    webserver.o                    5 348      828    4 124
    wifi_conf.o                    6 948                84
    wifi_eap_config.o                 22                 2
    wifi_ind.o                       248               408
    wifi_promisc.o                   928               129
    wifi_simple_config.o           6 908               196
    wifi_util.o                    4 204                76
    workwithairkiss.o              1 296                16
    ------------------------------------------------------
    Total:                       109 098    5 556  137 627

command line: [3]
    ------------------------------------------------------
    Total:

dl7M_tln.a: [4]
    cppinit.o                         24
    errno.o                           12                 4
    memcpy.o                          12
    memset.o                          20
    printf.o                          36
    putchar.o                         40
    puts.o                            53
    rand.o                           224               140
    srand.o                           32
    sscanf.o                          36
    vsprintf.o                        44
    xprintftiny.o                    336
    xprout.o                          22
    xscanfsmall_nomb.o             1 300
    xsprout.o                         10
    xsscin.o                          30
    xstol.o                          134
    xstoul.o                         412
    xtls.o                             2
    ------------------------------------------------------
    Total:                         2 779               144

lib_http.a: [5]
    ------------------------------------------------------
    Total:

lib_mdns.a: [6]
[...]
udp_server_handler      0x08050af9     0x2c  Code  Lc  tcptest.o [2]
ulPortSetInterruptMask  0x08056ff5           Code  Gb  portasm.o [2]
ulStoppedTimerCompensation
                        0x1000cb18      0x4  Data  Lc  port.o [2]
ulTimerCountsForOneTick
                        0x1000cb10      0x4  Data  Lc  port.o [2]
update_BCNTIM           0x0801e2a9    0x118  Code  Lc  rtw_ap.o [9]
update_IOT_info         0x0802751b     0x3c  Code  Gb  rtw_wlan_util.o [9]
update_MCS_rate {Abs}   0x00017125            --   Gb  command line/config [3]
update_TSF              0x080276e5      0xc  Code  Gb  rtw_wlan_util.o [9]
update_attrib           0x080379f9    0x334  Code  Lc  rtw_xmit.o [9]
update_basic_rate {Abs}
                        0x000170bd            --   Gb  command line/config [3]
update_bcn_vendor_spec_ie
                        0x0801ee8f     0x48  Code  Lc  rtw_ap.o [9]
update_bcn_wps_ie       0x0801edc1     0xce  Code  Lc  rtw_ap.o [9]
update_beacon           0x0801eef1     0xb0  Code  Gb  rtw_ap.o [9]
update_beacon_info      0x080272ff     0x5e  Code  Gb  rtw_wlan_util.o [9]
update_bmc_sta          0x0801e6a5     0xea  Code  Lc  rtw_ap.o [9]
update_bmc_sta_support_rate
                        0x0802767f     0x22  Code  Gb  rtw_wlan_util.o [9]
update_capinfo          0x08027557     0x86  Code  Gb  rtw_wlan_util.o [9]
update_hidden_ssid      0x08021039     0x4a  Code  Gb  rtw_mlme_ext.o [9]
update_mgnt_tx_rate     0x08020f11      0x6  Code  Gb  rtw_mlme_ext.o [9]
update_mgntframe_attrib
                        0x08020f17     0x5a  Code  Gb  rtw_mlme_ext.o [9]
update_network          0x08024b31     0xa8  Code  Gb  rtw_mlme.o [9]
update_ota_local        0x0804f0d1     0x80  Code  Gb  rtl8710b_ota.o [2]
update_sta_info         0x0802348d     0x80  Code  Gb  rtw_mlme_ext.o [9]
update_sta_info_apmode  0x0801e78f     0xa8  Code  Gb  rtw_ap.o [9]
update_supported_rate {Abs}
                        0x000170f5            --   Gb  command line/config [3]
update_tx_basic_rate    0x0802740d     0x4a  Code  Gb  rtw_wlan_util.o [9]
update_wireless_mode    0x080275dd     0xa2  Code  Gb  rtw_wlan_util.o [9]
use_ios7_mac            0x10005f07      0x1  Data  Lc  wifi_simple_config_parser.o [9]
uxCriticalNesting       0x10005890      0x4  Data  Lc  port.o [2]
uxCurrentNumberOfTasks  0x100058e0      0x4  Data  Lc  tasks.o [2]
uxListRemove            0x0801a833     0x24  Code  Gb  list.o [2]
uxPendedTicks           0x100058f0      0x4  Data  Lc  tasks.o [2]
uxQueueMessagesWaiting  0x0801bf07      0xa  Code  Gb  queue.o [2]
uxSavedInterruptStatus  0x100074a4      0x4  Data  Lc  freertos_service.o [2]
uxSchedulerSuspended    0x10005904      0x4  Data  Lc  tasks.o [2]
uxTaskNumber            0x100058fc      0x4  Data  Lc  tasks.o [2]
uxTaskPriorityGet       0x08010eb9     0x14  Code  Gb  tasks.o [2]
uxTasksDeleted          0x100058c8      0x4  Data  Lc  tasks.o [2]
uxTopReadyPriority      0x100058e8      0x4  Data  Lc  tasks.o [2]
vApplicationIdleHook    0x0801a76d      0x2  Code  Gb  port.o [2]
vApplicationStackOverflowHook
                        0x0801a76f     0x12  Code  Gb  port.o [2]
vBasicWEBServer         0x0804daa9     0x84  Code  Gb  webserver.o [2]
vListInitialise         0x0801a7c9     0x1a  Code  Gb  list.o [2]
vListInitialiseItem     0x0801a7e3      0x6  Code  Gb  list.o [2]
vListInsert             0x0801a801     0x32  Code  Gb  list.o [2]
vListInsertEnd          0x0801a7e9     0x18  Code  Gb  list.o [2]
vPortClearInterruptMask
                        0x08057003           Code  Gb  portasm.o [2]
vPortDefineHeapRegions  0x08019035     0x60  Code  Gb  heap_5.o [2]
vPortEnableVFP          0x0805703d           Code  Gb  portasm.o [2]
vPortEnterCritical      0x0801a6df     0x18  Code  Gb  port.o [2]
vPortExitCritical       0x0801a6f7     0x12  Code  Gb  port.o [2]
vPortFree               0x08018fcd     0x1a  Code  Gb  heap_5.o [2]
vPortSVCHandler         0x08057009           Code  Gb  portasm.o [2]
vPortSetupTimerInterrupt
                        0x0801a727     0x24  Code  Wk  port.o [2]
vPortStartFirstTask     0x08057025           Code  Gb  portasm.o [2]
vPortSuppressTicksAndSleep
                        0x0801afa5     0x4a  Code  Gb  rtl8710b_freertos_pmu.o [7]
vPortYield              0x0801a6cd     0x12  Code  Gb  port.o [2]
vProcessConnection      0x0804d915    0x128  Code  Lc  webserver.o [2]
vQueueDelete            0x0801bf19     0x16  Code  Gb  queue.o [2]
vQueueWaitForMessageRestricted
                        0x0801c037     0x3c  Code  Gb  queue.o [2]
vTaskDelay              0x08010e73     0x2e  Code  Gb  tasks.o [2]
vTaskDelete             0x08010e29     0x4a  Code  Gb  tasks.o [2]
vTaskGetCurrentTCB      0x08011581      0x2  Code  Gb  tasks.o [2]
vTaskMissedYield        0x08011349      0x8  Code  Gb  tasks.o [2]
vTaskPlaceOnEventList   0x08011219     0x18  Code  Gb  tasks.o [2]
vTaskPlaceOnEventListRestricted
                        0x0801126d     0x24  Code  Gb  tasks.o [2]
vTaskPriorityInherit    0x08011485     0x80  Code  Gb  tasks.o [2]
vTaskPrioritySet        0x08010ecd     0xa0  Code  Gb  tasks.o [2]
vTaskSetTimeOutState    0x080112f9      0xc  Code  Gb  tasks.o [2]
vTaskStartScheduler     0x08010faf     0x50  Code  Gb  tasks.o [2]
vTaskStepTick           0x080110eb      0xc  Code  Gb  tasks.o [2]
vTaskSuspendAll         0x08010fff      0xc  Code  Gb  tasks.o [2]
vTaskSwitchContext      0x080111a7     0x66  Code  Gb  tasks.o [2]
validate_recv_ctrl_frame
                        0x080312b3    0x162  Code  Gb  rtw_recv.o [9]
validate_recv_data_frame
                        0x08031451    0x204  Code  Gb  rtw_recv.o [9]
validate_recv_frame     0x08031673     0xb0  Code  Gb  rtw_recv.o [9]
validate_recv_mgnt_frame
                        0x08031415     0x3c  Code  Gb  rtw_recv.o [9]
verify_ota_checksum     0x0804eb83    0x128  Code  Gb  rtl8710b_ota.o [2]
vsprintf                0x080535c9     0x2c  Code  Gb  vsprintf.o [4]
wakelock                0x10005a98      0x4  Data  Lc  rtl8710b_freertos_pmu.o [7]
wakeup_sta_to_xmit      0x0803899b    0x1c6  Code  Gb  rtw_xmit.o [9]
wakeup_time_ms          0x10005aa0      0x4  Data  Lc  rtl8710b_freertos_pmu.o [7]
web_atoi                0x0804d31d     0x44  Code  Gb  webserver.o [2]
webs_sema               0x1000ce28      0x4  Data  Gb  webserver.o [2]
webs_task               0x1000ce24      0x4  Data  Gb  webserver.o [2]
webs_terminate          0x1000ce1c      0x1  Data  Gb  webserver.o [2]
wep_80211_decrypt {Abs}
                        0x000158e1            --   Gb  command line/config [3]
wep_80211_encrypt {Abs}
                        0x0001587d            --   Gb  command line/config [3]
wext_del_station        0x080171c7      0x4  Code  Gb  wifi_util.o [2]
wext_disable_powersave  0x080169bf     0x48  Code  Gb  wifi_util.o [2]
wext_enable_powersave   0x08016971     0x4e  Code  Gb  wifi_util.o [2]
wext_get_auto_chl       0x0801719b     0x2c  Code  Gb  wifi_util.o [2]
wext_get_autoreconnect  0x0801711d     0x4a  Code  Gb  wifi_util.o [2]
wext_get_channel        0x08016d01     0x2c  Code  Gb  wifi_util.o [2]
wext_get_enc_ext        0x08016815     0x6c  Code  Gb  wifi_util.o [2]
wext_get_lps_dtim       0x08016ab5     0x60  Code  Gb  wifi_util.o [2]
wext_get_mode           0x08016bcb     0x2a  Code  Gb  wifi_util.o [2]
wext_get_passphrase     0x08016911     0x36  Code  Gb  wifi_util.o [2]
wext_get_rssi           0x08016c25     0x2c  Code  Gb  wifi_util.o [2]
wext_get_scan           0x08016e5d     0x2e  Code  Gb  wifi_util.o [2]
wext_get_ssid           0x0801651d     0x50  Code  Gb  wifi_util.o [2]
wext_private_command    0x08016e93     0xe2  Code  Gb  wifi_util.o [2]
wext_set_adaptivity     0x08017177     0x1e  Code  Gb  wifi_util.o [2]
wext_set_ap_ssid        0x08016bf5     0x30  Code  Gb  wifi_util.o [2]
wext_set_auth_param     0x08016683     0x38  Code  Gb  wifi_util.o [2]
wext_set_autoreconnect  0x080170a9     0x50  Code  Gb  wifi_util.o [2]
wext_set_bssid          0x080165f1     0x4c  Code  Gb  wifi_util.o [2]
wext_set_channel        0x08016cd3     0x2e  Code  Gb  wifi_util.o [2]
wext_set_key_ext        0x080166f1     0xfc  Code  Gb  wifi_util.o [2]
wext_set_lps_dtim       0x08016a6f     0x3e  Code  Gb  wifi_util.o [2]
wext_set_mode           0x08016ba5     0x26  Code  Gb  wifi_util.o [2]
wext_set_passphrase     0x080168a1     0x32  Code  Gb  wifi_util.o [2]
wext_set_pscan_channel  0x08016c51     0x82  Code  Gb  wifi_util.o [2]
wext_set_scan           0x08016da7     0x9a  Code  Gb  wifi_util.o [2]
wext_set_ssid           0x080165a1     0x34  Code  Gb  wifi_util.o [2]
wext_set_tdma_param     0x08016a07     0x50  Code  Gb  wifi_util.o [2]
wext_set_tos_value      0x08016b15     0x7a  Code  Gb  wifi_util.o [2]
wext_wlan_indicate      0x08016f8b    0x106  Code  Gb  wifi_util.o [2]
whc_fix_channel         0x08051bbd      0x2  Code  Wk  wifi_simple_config_parser.o [9]
whc_unfix_channel       0x08051bbf      0x2  Code  Wk  wifi_simple_config_parser.o [9]
wifi                    0x10005538     0x38  Data  Lc  atcmd_wifi.o [2]
wifi_ap_sta_assoc_hdl   0x0800dd99      0x2  Code  Lc  wifi_conf.o [2]
wifi_ap_sta_disassoc_hdl
                        0x0800dd9b      0x2  Code  Lc  wifi_conf.o [2]
wifi_autoreconnect_hdl  0x0800e6b7     0x32  Code  Gb  wifi_conf.o [2]
wifi_autoreconnect_thread
                        0x0800e64f     0x68  Code  Lc  wifi_conf.o [2]
wifi_config_autoreconnect
                        0x0800e6e9     0x1a  Code  Gb  wifi_conf.o [2]
wifi_connect            0x0800d515    0x284  Code  Gb  wifi_conf.o [2]
wifi_connect_bssid      0x0800d7e9    0x1d8  Code  Gb  wifi_conf.o [2]
wifi_connect_bssid_local
                        0x0800d121    0x116  Code  Lc  wifi_conf.o [2]
wifi_connect_local      0x0800d035     0xe2  Code  Lc  wifi_conf.o [2]
wifi_connected_hdl      0x0800d2cd     0x42  Code  Lc  wifi_conf.o [2]
wifi_disable_powersave  0x0800da71      0x8  Code  Gb  wifi_conf.o [2]
wifi_disconn_hdl        0x0800d327     0x6a  Code  Lc  wifi_conf.o [2]
wifi_disconnect         0x0800da0b     0x2a  Code  Gb  wifi_conf.o [2]
wifi_enter_promisc_mode
                        0x0800e4f7     0x4c  Code  Gb  wifi_conf.o [2]
wifi_get_associated_client_list
                        0x0800da79     0x36  Code  Gb  wifi_conf.o [2]
wifi_get_autoreconnect  0x0800e749      0xa  Code  Gb  wifi_conf.o [2]
wifi_get_lps_dtim       0x0800dd8f      0xa  Code  Gb  wifi_conf.o [2]
wifi_get_rssi           0x0800dae1      0xa  Code  Gb  wifi_conf.o [2]
wifi_get_setting        0x0800e387     0xac  Code  Gb  wifi_conf.o [2]
wifi_handshake_done_hdl
                        0x0800d30f     0x18  Code  Lc  wifi_conf.o [2]
wifi_indication         0x08018355     0x3a  Code  Gb  wifi_ind.o [2]
wifi_init_packet_filter
                        0x0800e753      0x4  Code  Gb  wifi_conf.o [2]
wifi_is_connected_to_ap
                        0x0800da6d      0x4  Code  Gb  wifi_conf.o [2]
wifi_mac_hash           0x080291a9     0x2a  Code  Lc  rtw_sta_mgt.o [9]
wifi_mode               0x10005570      0x4  Data  Gb  atcmd_wifi.o [2]
wifi_no_network_hdl     0x0800d2bf      0xe  Code  Lc  wifi_conf.o [2]
wifi_off                0x0800dc69     0x8c  Code  Gb  wifi_conf.o [2]
wifi_on                 0x0800db05     0xe0  Code  Gb  wifi_conf.o [2]
wifi_promisc_rx         0x0800b7c3     0xcc  Code  Gb  airkiss.o [2]
wifi_reg_event_handler  0x0801838f     0x4e  Code  Gb  wifi_ind.o [2]
wifi_restart_ap         0x0800e551     0xfe  Code  Gb  wifi_conf.o [2]
wifi_rx_beacon_hdl      0x0800d2bd      0x2  Code  Gb  wifi_conf.o [2]
wifi_scan               0x0800e087     0xa8  Code  Gb  wifi_conf.o [2]
wifi_scan_done_hdl      0x0800e01d     0x5c  Code  Gb  wifi_conf.o [2]
wifi_scan_each_report_hdl
                        0x0800dec1    0x158  Code  Gb  wifi_conf.o [2]
wifi_scan_networks      0x0800e2a3     0xc6  Code  Gb  wifi_conf.o [2]
wifi_scan_networks_with_ssid
                        0x0800e135    0x16e  Code  Gb  wifi_conf.o [2]
wifi_set_autoreconnect  0x0800e703      0xc  Code  Gb  wifi_conf.o [2]
wifi_set_channel        0x0800daeb      0xa  Code  Gb  wifi_conf.o [2]
wifi_set_country_code   0x0800db03      0x2  Code  Wk  wifi_conf.o [2]
wifi_set_lps_dtim       0x0800dd85      0xa  Code  Gb  wifi_conf.o [2]
wifi_set_mib            0x0800dafd      0x6  Code  Wk  wifi_conf.o [2]
wifi_set_power_mode     0x0800dd65      0x4  Code  Gb  wifi_conf.o [2]
wifi_set_promisc        0x0800e4f3      0x4  Code  Gb  wifi_conf.o [2]
wifi_set_pscan_chan     0x0800e375     0x12  Code  Gb  wifi_conf.o [2]
wifi_set_tdma_param     0x0800dd71     0x14  Code  Gb  wifi_conf.o [2]
wifi_setting            0x1000cdb0     0x6c  Data  Gb  webserver.o [2]
wifi_show_setting       0x0800e43d     0xa6  Code  Gb  wifi_conf.o [2]
wifi_start_ap           0x0800ddad     0x78  Code  Gb  wifi_conf.o [2]
wifi_unreg_event_handler
                        0x080183dd     0x30  Code  Gb  wifi_ind.o [2]
wifirate2_ratetbl_inx {Abs}
                        0x00017015            --   Gb  command line/config [3]
wireless_send_event     0x0801323b      0xa  Code  Gb  freertos_ioctl.o [9]
wlan_init_done_callback
                        0x080545b5    0x15e  Code  Gb  example_wlan_fast_connect.o [2]
wlancmds                0x0801d090    0x1f8  Data  Gb  rtw_cmd.o [9]
wlanevents              0x08024498     0xc0  Data  Lc  rtw_mlme_ext.o [9]
wlanhdr_to_ethhdr       0x08031723    0x126  Code  Gb  rtw_recv.o [9]
workwithairkiss         0x08053301     0x34  Code  Gb  workwithairkiss.o [2]
workwithairkiss_init_thread
                        0x080531f9    0x108  Code  Gb  workwithairkiss.o [2]
wpa_global_PSK          0x1000e448     0x50  Data  Gb  rtw_psk.o [9]
wpa_set_encryption      0x08013435    0x180  Code  Lc  freertos_ioctl.o [9]
wrapper_skbbuf_list     0x1000e6c0      0x8  Data  Lc  freertos_skbuff.o [9]
write_cam               0x08026e3d     0x10  Code  Gb  rtw_wlan_util.o [9]
write_cam_rom {Abs}     0x00016f0d            --   Gb  command line/config [3]
xActiveTimerList1       0x1000cd88     0x14  Data  Lc  timers.o [2]
xActiveTimerList2       0x1000cd9c     0x14  Data  Lc  timers.o [2]
xBlockAllocatedBit      0x100057dc      0x4  Data  Lc  heap_5.o [2]
xDelayedTaskList1       0x10005908     0x14  Data  Lc  tasks.o [2]
xDelayedTaskList2       0x1000591c     0x14  Data  Lc  tasks.o [2]
xFreeBytesRemaining     0x100057d4      0x4  Data  Lc  heap_5.o [2]
xHeapRegions            0x100057a8     0x20  Data  Gb  heap_5.o [2]
xMCtrl {Abs}            0x10000fb8            --   Gb  command line/config [3]
xMaximumPossibleSuppressedTicks
                        0x1000cb14      0x4  Data  Lc  port.o [2]
xMinimumEverFreeBytesRemaining
                        0x100057d8      0x4  Data  Lc  heap_5.o [2]
xModemDebug {Abs}       0x0000e2dd            --   Gb  command line/config [3]
xModemDebugInit {Abs}   0x0000e2a5            --   Gb  command line/config [3]
xModemGetFirst {Abs}    0x0000e339            --   Gb  command line/config [3]
xModemGetOthers {Abs}   0x0000e45d            --   Gb  command line/config [3]
xModemHandshake {Abs}   0x0000e6d5            --   Gb  command line/config [3]
xModemInquiry {Abs}     0x0000e315            --   Gb  command line/config [3]
xModemRxBuffer {Abs}    0x0000e945            --   Gb  command line/config [3]
xModemRxFrame {Abs}     0x0000e691            --   Gb  command line/config [3]
xNextTaskUnblockTime    0x10005900      0x4  Data  Lc  tasks.o [2]
xNumOfOverflows         0x100058f8      0x4  Data  Lc  tasks.o [2]
xPendingReadyList       0x10005894     0x14  Data  Lc  tasks.o [2]
xPortGetFreeHeapSize    0x08018fe7      0x6  Code  Gb  heap_5.o [2]
xPortPendSVHandler      0x08056fa5           Code  Gb  portasm.o [2]
xPortStartScheduler     0x0801a699     0x34  Code  Gb  port.o [2]
xPortSysTickHandler     0x0801a709     0x1e  Code  Gb  port.o [2]
xQueueCreateCountingSemaphore
                        0x0801bcb7     0x12  Code  Gb  queue.o [2]
xQueueCreateMutex       0x0801bc6d     0x40  Code  Gb  queue.o [2]
xQueueGenericCreate     0x0801bc31     0x3c  Code  Gb  queue.o [2]
xQueueGenericReceive    0x0801bdf9     0xfa  Code  Gb  queue.o [2]
xQueueGenericReset      0x0801bbd1     0x60  Code  Gb  queue.o [2]
xQueueGenericSend       0x0801bcc9     0xc4  Code  Gb  queue.o [2]
xQueueGenericSendFromISR
                        0x0801bd8d     0x6c  Code  Gb  queue.o [2]
xSchedulerRunning       0x100058ec      0x4  Data  Lc  tasks.o [2]
xStart                  0x100057c8      0x8  Data  Lc  heap_5.o [2]
xSuspendedTaskList      0x100058cc     0x14  Data  Lc  tasks.o [2]
xTaskCheckForTimeOut    0x08011305     0x3c  Code  Gb  tasks.o [2]
xTaskGenericCreate      0x08010d11    0x118  Code  Gb  tasks.o [2]
xTaskGetSchedulerState  0x0801146f     0x16  Code  Gb  tasks.o [2]
xTaskGetTickCount       0x080110b7      0xc  Code  Gb  tasks.o [2]
xTaskGetTickCountFromISR
                        0x080110cb     0x14  Code  Gb  tasks.o [2]
xTaskIncrementTick      0x080110f7     0xb0  Code  Gb  tasks.o [2]
xTaskPriorityDisinherit
                        0x08011505     0x6a  Code  Gb  tasks.o [2]
xTaskRemoveFromEventList
                        0x0801129b     0x38  Code  Gb  tasks.o [2]
xTaskResumeAll          0x0801102b     0x8c  Code  Gb  tasks.o [2]
xTasksWaitingTermination
                        0x100058a8     0x14  Data  Lc  tasks.o [2]
xTickCount              0x100058e4      0x4  Data  Lc  tasks.o [2]
xTimerCreate            0x0801a88f     0x3a  Code  Gb  timers.o [2]
xTimerCreateTimerTask   0x0801a859     0x36  Code  Gb  timers.o [2]
xTimerGenericCommand    0x0801a8c9     0x98  Code  Gb  timers.o [2]
xTimerIsTimerActive     0x0801ab7b     0x1a  Code  Gb  timers.o [2]
xTimerQueue             0x1000cd7c      0x4  Data  Lc  timers.o [2]
xTimerTaskHandle        0x1000cd80      0x4  Data  Lc  timers.o [2]
xYieldPending           0x100058f4      0x4  Data  Lc  tasks.o [2]
xmit_delivery_enabled_frames
                        0x08038b97     0xf6  Code  Gb  rtw_xmit.o [9]
xmitframe_addmic        0x08037d33    0x17a  Code  Gb  rtw_xmit.o [9]
xmitframe_enqueue_for_sleeping_sta
                        0x080386a7    0x18c  Code  Gb  rtw_xmit.o [9]
xmitframe_swencrypt     0x08037eb3     0x30  Code  Gb  rtw_xmit.o [9]
xmodem_log_close {Abs}  0x0000e9f5            --   Gb  command line/config [3]
xmodem_log_open {Abs}   0x0000ea01            --   Gb  command line/config [3]
xmodem_uart_deinit {Abs}
                        0x0000eb25            --   Gb  command line/config [3]
xmodem_uart_getc {Abs}  0x0000ec0d            --   Gb  command line/config [3]
xmodem_uart_init {Abs}  0x0000ea39            --   Gb  command line/config [3]
xmodem_uart_port_deinit {Abs}
                        0x0000eb99            --   Gb  command line/config [3]
xmodem_uart_port_init {Abs}
                        0x0000eb35            --   Gb  command line/config [3]
xmodem_uart_putc {Abs}  0x0000ec35            --   Gb  command line/config [3]
xmodem_uart_putdata {Abs}
                        0x0000ec49            --   Gb  command line/config [3]
xmodem_uart_readable {Abs}
                        0x0000ebdd            --   Gb  command line/config [3]
xmodem_uart_writable {Abs}
                        0x0000ebf5            --   Gb  command line/config [3]
xnetif                  0x100075dc     0x78  Data  Gb  lwip_netconf.o [2]
zero_bssid              0x0801bbc8      0x8  Data  Gb  rtw_promisc.o [9]


[1] = F:\RTLworkSpace\00009982-sdk-ameba-v4.0c\sdk-ameba-v4.0c\project\zairkiss\EWARM-RELEASE\..\..\..\component\soc\realtek\8711b\misc\bsp\image
[2] = F:\RTLworkSpace\00009982-sdk-ameba-v4.0c\sdk-ameba-v4.0c\project\zairkiss\EWARM-RELEASE\Debug\Obj
[3] = command line
[4] = dl7M_tln.a
[5] = lib_http.a
[6] = lib_mdns.a
[7] = lib_platform.a
[8] = lib_rtlstd.a
[9] = lib_wlan.a
[10] = lib_xmodem.a
[11] = libairkiss.a
[12] = m7M_tlv.a
[13] = rt7M_tl.a

  304 874 bytes of readonly  code memory
   12 186 bytes of readonly  data memory
  163 555 bytes of readwrite data memory

Errors: none
Warnings: none
