###############################################################################
#
# IAR ELF Linker V7.20.2.7424/W32 for ARM                 13/Aug/2018  09:48:39
# Copyright 2007-2014 IAR Systems AB.
#
#    Output file  =  
#        F:\RTLworkSpace\00009982-sdk-ameba-v4.0c\sdk-ameba-v4.0c\project\zairkiss\EWARM-RELEASE\Debug\Exe\application.axf
#    Map file     =  
#        F:\RTLworkSpace\00009982-sdk-ameba-v4.0c\sdk-ameba-v4.0c\project\zairkiss\EWARM-RELEASE\Debug\List\application.map
#    Command line =  
#        F:\RTLworkSpace\00009982-sdk-ameba-v4.0c\sdk-ameba-v4.0c\project\zairkiss\EWARM-RELEASE\Debug\Obj\aesni.o
#        F:\RTLworkSpace\00009982-sdk-ameba-v4.0c\sdk-ameba-v4.0c\project\zairkiss\EWARM-RELEASE\Debug\Obj\airkiss.o
#        F:\RTLworkSpace\00009982-sdk-ameba-v4.0c\sdk-ameba-v4.0c\project\zairkiss\EWARM-RELEASE\Debug\Obj\analogin_api.o
#        F:\RTLworkSpace\00009982-sdk-ameba-v4.0c\sdk-ameba-v4.0c\project\zairkiss\EWARM-RELEASE\Debug\Obj\api_lib.o
#        F:\RTLworkSpace\00009982-sdk-ameba-v4.0c\sdk-ameba-v4.0c\project\zairkiss\EWARM-RELEASE\Debug\Obj\api_msg.o
#        F:\RTLworkSpace\00009982-sdk-ameba-v4.0c\sdk-ameba-v4.0c\project\zairkiss\EWARM-RELEASE\Debug\Obj\app_start.o
#        F:\RTLworkSpace\00009982-sdk-ameba-v4.0c\sdk-ameba-v4.0c\project\zairkiss\EWARM-RELEASE\Debug\Obj\atcmd_lwip.o
#        F:\RTLworkSpace\00009982-sdk-ameba-v4.0c\sdk-ameba-v4.0c\project\zairkiss\EWARM-RELEASE\Debug\Obj\atcmd_sys.o
#        F:\RTLworkSpace\00009982-sdk-ameba-v4.0c\sdk-ameba-v4.0c\project\zairkiss\EWARM-RELEASE\Debug\Obj\atcmd_wifi.o
#        F:\RTLworkSpace\00009982-sdk-ameba-v4.0c\sdk-ameba-v4.0c\project\zairkiss\EWARM-RELEASE\Debug\Obj\autoip.o
#        F:\RTLworkSpace\00009982-sdk-ameba-v4.0c\sdk-ameba-v4.0c\project\zairkiss\EWARM-RELEASE\Debug\Obj\blowfish.o
#        F:\RTLworkSpace\00009982-sdk-ameba-v4.0c\sdk-ameba-v4.0c\project\zairkiss\EWARM-RELEASE\Debug\Obj\camellia.o
#        F:\RTLworkSpace\00009982-sdk-ameba-v4.0c\sdk-ameba-v4.0c\project\zairkiss\EWARM-RELEASE\Debug\Obj\ccm.o
#        F:\RTLworkSpace\00009982-sdk-ameba-v4.0c\sdk-ameba-v4.0c\project\zairkiss\EWARM-RELEASE\Debug\Obj\certs.o
#        F:\RTLworkSpace\00009982-sdk-ameba-v4.0c\sdk-ameba-v4.0c\project\zairkiss\EWARM-RELEASE\Debug\Obj\cipher.o
#        F:\RTLworkSpace\00009982-sdk-ameba-v4.0c\sdk-ameba-v4.0c\project\zairkiss\EWARM-RELEASE\Debug\Obj\cipher_wrap.o
#        F:\RTLworkSpace\00009982-sdk-ameba-v4.0c\sdk-ameba-v4.0c\project\zairkiss\EWARM-RELEASE\Debug\Obj\cJSON.o
#        F:\RTLworkSpace\00009982-sdk-ameba-v4.0c\sdk-ameba-v4.0c\project\zairkiss\EWARM-RELEASE\Debug\Obj\cloud_link.o
#        F:\RTLworkSpace\00009982-sdk-ameba-v4.0c\sdk-ameba-v4.0c\project\zairkiss\EWARM-RELEASE\Debug\Obj\cmsis_os.o
#        F:\RTLworkSpace\00009982-sdk-ameba-v4.0c\sdk-ameba-v4.0c\project\zairkiss\EWARM-RELEASE\Debug\Obj\croutine.o
#        F:\RTLworkSpace\00009982-sdk-ameba-v4.0c\sdk-ameba-v4.0c\project\zairkiss\EWARM-RELEASE\Debug\Obj\debug.o
#        F:\RTLworkSpace\00009982-sdk-ameba-v4.0c\sdk-ameba-v4.0c\project\zairkiss\EWARM-RELEASE\Debug\Obj\def.o
#        F:\RTLworkSpace\00009982-sdk-ameba-v4.0c\sdk-ameba-v4.0c\project\zairkiss\EWARM-RELEASE\Debug\Obj\device_lock.o
#        F:\RTLworkSpace\00009982-sdk-ameba-v4.0c\sdk-ameba-v4.0c\project\zairkiss\EWARM-RELEASE\Debug\Obj\dhcp.o
#        F:\RTLworkSpace\00009982-sdk-ameba-v4.0c\sdk-ameba-v4.0c\project\zairkiss\EWARM-RELEASE\Debug\Obj\dhcps.o
#        F:\RTLworkSpace\00009982-sdk-ameba-v4.0c\sdk-ameba-v4.0c\project\zairkiss\EWARM-RELEASE\Debug\Obj\dma_api.o
#        F:\RTLworkSpace\00009982-sdk-ameba-v4.0c\sdk-ameba-v4.0c\project\zairkiss\EWARM-RELEASE\Debug\Obj\dns.o
#        F:\RTLworkSpace\00009982-sdk-ameba-v4.0c\sdk-ameba-v4.0c\project\zairkiss\EWARM-RELEASE\Debug\Obj\ecp_ram.o
#        F:\RTLworkSpace\00009982-sdk-ameba-v4.0c\sdk-ameba-v4.0c\project\zairkiss\EWARM-RELEASE\Debug\Obj\efuse_api.o
#        F:\RTLworkSpace\00009982-sdk-ameba-v4.0c\sdk-ameba-v4.0c\project\zairkiss\EWARM-RELEASE\Debug\Obj\entropy.o
#        F:\RTLworkSpace\00009982-sdk-ameba-v4.0c\sdk-ameba-v4.0c\project\zairkiss\EWARM-RELEASE\Debug\Obj\entropy_poll.o
#        F:\RTLworkSpace\00009982-sdk-ameba-v4.0c\sdk-ameba-v4.0c\project\zairkiss\EWARM-RELEASE\Debug\Obj\err.o
#        F:\RTLworkSpace\00009982-sdk-ameba-v4.0c\sdk-ameba-v4.0c\project\zairkiss\EWARM-RELEASE\Debug\Obj\error.o
#        F:\RTLworkSpace\00009982-sdk-ameba-v4.0c\sdk-ameba-v4.0c\project\zairkiss\EWARM-RELEASE\Debug\Obj\etharp.o
#        F:\RTLworkSpace\00009982-sdk-ameba-v4.0c\sdk-ameba-v4.0c\project\zairkiss\EWARM-RELEASE\Debug\Obj\ethernetif.o
#        F:\RTLworkSpace\00009982-sdk-ameba-v4.0c\sdk-ameba-v4.0c\project\zairkiss\EWARM-RELEASE\Debug\Obj\event_groups.o
#        F:\RTLworkSpace\00009982-sdk-ameba-v4.0c\sdk-ameba-v4.0c\project\zairkiss\EWARM-RELEASE\Debug\Obj\example_bcast.o
#        F:\RTLworkSpace\00009982-sdk-ameba-v4.0c\sdk-ameba-v4.0c\project\zairkiss\EWARM-RELEASE\Debug\Obj\example_coap.o
#        F:\RTLworkSpace\00009982-sdk-ameba-v4.0c\sdk-ameba-v4.0c\project\zairkiss\EWARM-RELEASE\Debug\Obj\example_eap.o
#        F:\RTLworkSpace\00009982-sdk-ameba-v4.0c\sdk-ameba-v4.0c\project\zairkiss\EWARM-RELEASE\Debug\Obj\example_entry.o
#        F:\RTLworkSpace\00009982-sdk-ameba-v4.0c\sdk-ameba-v4.0c\project\zairkiss\EWARM-RELEASE\Debug\Obj\example_get_beacon_frame.o
#        F:\RTLworkSpace\00009982-sdk-ameba-v4.0c\sdk-ameba-v4.0c\project\zairkiss\EWARM-RELEASE\Debug\Obj\example_google.o
#        F:\RTLworkSpace\00009982-sdk-ameba-v4.0c\sdk-ameba-v4.0c\project\zairkiss\EWARM-RELEASE\Debug\Obj\example_high_load_memory_use.o
#        F:\RTLworkSpace\00009982-sdk-ameba-v4.0c\sdk-ameba-v4.0c\project\zairkiss\EWARM-RELEASE\Debug\Obj\example_http_client.o
#        F:\RTLworkSpace\00009982-sdk-ameba-v4.0c\sdk-ameba-v4.0c\project\zairkiss\EWARM-RELEASE\Debug\Obj\example_http_download.o
#        F:\RTLworkSpace\00009982-sdk-ameba-v4.0c\sdk-ameba-v4.0c\project\zairkiss\EWARM-RELEASE\Debug\Obj\example_httpc.o
#        F:\RTLworkSpace\00009982-sdk-ameba-v4.0c\sdk-ameba-v4.0c\project\zairkiss\EWARM-RELEASE\Debug\Obj\example_httpd.o
#        F:\RTLworkSpace\00009982-sdk-ameba-v4.0c\sdk-ameba-v4.0c\project\zairkiss\EWARM-RELEASE\Debug\Obj\example_inic_gspi.o
#        F:\RTLworkSpace\00009982-sdk-ameba-v4.0c\sdk-ameba-v4.0c\project\zairkiss\EWARM-RELEASE\Debug\Obj\example_mcast.o
#        F:\RTLworkSpace\00009982-sdk-ameba-v4.0c\sdk-ameba-v4.0c\project\zairkiss\EWARM-RELEASE\Debug\Obj\example_mdns.o
#        F:\RTLworkSpace\00009982-sdk-ameba-v4.0c\sdk-ameba-v4.0c\project\zairkiss\EWARM-RELEASE\Debug\Obj\example_nonblock_connect.o
#        F:\RTLworkSpace\00009982-sdk-ameba-v4.0c\sdk-ameba-v4.0c\project\zairkiss\EWARM-RELEASE\Debug\Obj\example_rarp.o
#        F:\RTLworkSpace\00009982-sdk-ameba-v4.0c\sdk-ameba-v4.0c\project\zairkiss\EWARM-RELEASE\Debug\Obj\example_sntp_showtime.o
#        F:\RTLworkSpace\00009982-sdk-ameba-v4.0c\sdk-ameba-v4.0c\project\zairkiss\EWARM-RELEASE\Debug\Obj\example_socket_select.o
#        F:\RTLworkSpace\00009982-sdk-ameba-v4.0c\sdk-ameba-v4.0c\project\zairkiss\EWARM-RELEASE\Debug\Obj\example_ssl_download.o
#        F:\RTLworkSpace\00009982-sdk-ameba-v4.0c\sdk-ameba-v4.0c\project\zairkiss\EWARM-RELEASE\Debug\Obj\example_ssl_server.o
#        F:\RTLworkSpace\00009982-sdk-ameba-v4.0c\sdk-ameba-v4.0c\project\zairkiss\EWARM-RELEASE\Debug\Obj\example_tcp_keepalive.o
#        F:\RTLworkSpace\00009982-sdk-ameba-v4.0c\sdk-ameba-v4.0c\project\zairkiss\EWARM-RELEASE\Debug\Obj\example_uart_atcmd.o
#        F:\RTLworkSpace\00009982-sdk-ameba-v4.0c\sdk-ameba-v4.0c\project\zairkiss\EWARM-RELEASE\Debug\Obj\example_uart_update.o
#        F:\RTLworkSpace\00009982-sdk-ameba-v4.0c\sdk-ameba-v4.0c\project\zairkiss\EWARM-RELEASE\Debug\Obj\example_wifi_mac_monitor.o
#        F:\RTLworkSpace\00009982-sdk-ameba-v4.0c\sdk-ameba-v4.0c\project\zairkiss\EWARM-RELEASE\Debug\Obj\example_wifi_roaming.o
#        F:\RTLworkSpace\00009982-sdk-ameba-v4.0c\sdk-ameba-v4.0c\project\zairkiss\EWARM-RELEASE\Debug\Obj\example_wlan_fast_connect.o
#        F:\RTLworkSpace\00009982-sdk-ameba-v4.0c\sdk-ameba-v4.0c\project\zairkiss\EWARM-RELEASE\Debug\Obj\example_wlan_scenario.o
#        F:\RTLworkSpace\00009982-sdk-ameba-v4.0c\sdk-ameba-v4.0c\project\zairkiss\EWARM-RELEASE\Debug\Obj\example_wsclient.o
#        F:\RTLworkSpace\00009982-sdk-ameba-v4.0c\sdk-ameba-v4.0c\project\zairkiss\EWARM-RELEASE\Debug\Obj\example_xml.o
#        F:\RTLworkSpace\00009982-sdk-ameba-v4.0c\sdk-ameba-v4.0c\project\zairkiss\EWARM-RELEASE\Debug\Obj\flash_api.o
#        F:\RTLworkSpace\00009982-sdk-ameba-v4.0c\sdk-ameba-v4.0c\project\zairkiss\EWARM-RELEASE\Debug\Obj\freertos_service.o
#        F:\RTLworkSpace\00009982-sdk-ameba-v4.0c\sdk-ameba-v4.0c\project\zairkiss\EWARM-RELEASE\Debug\Obj\gcm.o
#        F:\RTLworkSpace\00009982-sdk-ameba-v4.0c\sdk-ameba-v4.0c\project\zairkiss\EWARM-RELEASE\Debug\Obj\google_tls.o
#        F:\RTLworkSpace\00009982-sdk-ameba-v4.0c\sdk-ameba-v4.0c\project\zairkiss\EWARM-RELEASE\Debug\Obj\gpio_api.o
#        F:\RTLworkSpace\00009982-sdk-ameba-v4.0c\sdk-ameba-v4.0c\project\zairkiss\EWARM-RELEASE\Debug\Obj\gpio_irq_api.o
#        F:\RTLworkSpace\00009982-sdk-ameba-v4.0c\sdk-ameba-v4.0c\project\zairkiss\EWARM-RELEASE\Debug\Obj\havege.o
#        F:\RTLworkSpace\00009982-sdk-ameba-v4.0c\sdk-ameba-v4.0c\project\zairkiss\EWARM-RELEASE\Debug\Obj\heap_5.o
#        F:\RTLworkSpace\00009982-sdk-ameba-v4.0c\sdk-ameba-v4.0c\project\zairkiss\EWARM-RELEASE\Debug\Obj\http_client.o
#        F:\RTLworkSpace\00009982-sdk-ameba-v4.0c\sdk-ameba-v4.0c\project\zairkiss\EWARM-RELEASE\Debug\Obj\httpc_tls.o
#        F:\RTLworkSpace\00009982-sdk-ameba-v4.0c\sdk-ameba-v4.0c\project\zairkiss\EWARM-RELEASE\Debug\Obj\httpd_tls.o
#        F:\RTLworkSpace\00009982-sdk-ameba-v4.0c\sdk-ameba-v4.0c\project\zairkiss\EWARM-RELEASE\Debug\Obj\i2c_api.o
#        F:\RTLworkSpace\00009982-sdk-ameba-v4.0c\sdk-ameba-v4.0c\project\zairkiss\EWARM-RELEASE\Debug\Obj\i2s_api.o
#        F:\RTLworkSpace\00009982-sdk-ameba-v4.0c\sdk-ameba-v4.0c\project\zairkiss\EWARM-RELEASE\Debug\Obj\icmp.o
#        F:\RTLworkSpace\00009982-sdk-ameba-v4.0c\sdk-ameba-v4.0c\project\zairkiss\EWARM-RELEASE\Debug\Obj\igmp.o
#        F:\RTLworkSpace\00009982-sdk-ameba-v4.0c\sdk-ameba-v4.0c\project\zairkiss\EWARM-RELEASE\Debug\Obj\inet.o
#        F:\RTLworkSpace\00009982-sdk-ameba-v4.0c\sdk-ameba-v4.0c\project\zairkiss\EWARM-RELEASE\Debug\Obj\inet_chksum.o
#        F:\RTLworkSpace\00009982-sdk-ameba-v4.0c\sdk-ameba-v4.0c\project\zairkiss\EWARM-RELEASE\Debug\Obj\init.o
#        F:\RTLworkSpace\00009982-sdk-ameba-v4.0c\sdk-ameba-v4.0c\project\zairkiss\EWARM-RELEASE\Debug\Obj\ip.o
#        F:\RTLworkSpace\00009982-sdk-ameba-v4.0c\sdk-ameba-v4.0c\project\zairkiss\EWARM-RELEASE\Debug\Obj\ip_addr.o
#        F:\RTLworkSpace\00009982-sdk-ameba-v4.0c\sdk-ameba-v4.0c\project\zairkiss\EWARM-RELEASE\Debug\Obj\ip_frag.o
#        F:\RTLworkSpace\00009982-sdk-ameba-v4.0c\sdk-ameba-v4.0c\component\soc\realtek\8711b\misc\bsp\lib\common\IAR\lib_http.a
#        F:\RTLworkSpace\00009982-sdk-ameba-v4.0c\sdk-ameba-v4.0c\component\soc\realtek\8711b\misc\bsp\lib\common\IAR\lib_mdns.a
#        F:\RTLworkSpace\00009982-sdk-ameba-v4.0c\sdk-ameba-v4.0c\component\soc\realtek\8711b\misc\bsp\lib\common\IAR\lib_platform.a
#        F:\RTLworkSpace\00009982-sdk-ameba-v4.0c\sdk-ameba-v4.0c\component\soc\realtek\8711b\misc\bsp\lib\common\IAR\lib_rtlstd.a
#        F:\RTLworkSpace\00009982-sdk-ameba-v4.0c\sdk-ameba-v4.0c\component\soc\realtek\8711b\misc\bsp\lib\common\IAR\lib_wlan.a
#        F:\RTLworkSpace\00009982-sdk-ameba-v4.0c\sdk-ameba-v4.0c\component\soc\realtek\8711b\misc\bsp\lib\common\IAR\lib_wps.a
#        F:\RTLworkSpace\00009982-sdk-ameba-v4.0c\sdk-ameba-v4.0c\component\soc\realtek\8711b\misc\bsp\lib\common\IAR\lib_xmodem.a
#        F:\RTLworkSpace\00009982-sdk-ameba-v4.0c\sdk-ameba-v4.0c\project\zairkiss\src\lib\libairkiss.a
#        F:\RTLworkSpace\00009982-sdk-ameba-v4.0c\sdk-ameba-v4.0c\project\zairkiss\src\lib\libairkiss_aes.a
#        F:\RTLworkSpace\00009982-sdk-ameba-v4.0c\sdk-ameba-v4.0c\project\zairkiss\src\lib\libairkiss_aes_log.a
#        F:\RTLworkSpace\00009982-sdk-ameba-v4.0c\sdk-ameba-v4.0c\project\zairkiss\src\lib\libairkiss_log.a
#        F:\RTLworkSpace\00009982-sdk-ameba-v4.0c\sdk-ameba-v4.0c\project\zairkiss\EWARM-RELEASE\Debug\Obj\list.o
#        F:\RTLworkSpace\00009982-sdk-ameba-v4.0c\sdk-ameba-v4.0c\project\zairkiss\EWARM-RELEASE\Debug\Obj\log_service.o
#        F:\RTLworkSpace\00009982-sdk-ameba-v4.0c\sdk-ameba-v4.0c\project\zairkiss\EWARM-RELEASE\Debug\Obj\low_level_io.o
#        F:\RTLworkSpace\00009982-sdk-ameba-v4.0c\sdk-ameba-v4.0c\project\zairkiss\EWARM-RELEASE\Debug\Obj\lwip_intf.o
#        F:\RTLworkSpace\00009982-sdk-ameba-v4.0c\sdk-ameba-v4.0c\project\zairkiss\EWARM-RELEASE\Debug\Obj\lwip_netconf.o
#        F:\RTLworkSpace\00009982-sdk-ameba-v4.0c\sdk-ameba-v4.0c\project\zairkiss\EWARM-RELEASE\Debug\Obj\lwip_timers.o
#        F:\RTLworkSpace\00009982-sdk-ameba-v4.0c\sdk-ameba-v4.0c\project\zairkiss\EWARM-RELEASE\Debug\Obj\main.o
#        F:\RTLworkSpace\00009982-sdk-ameba-v4.0c\sdk-ameba-v4.0c\project\zairkiss\EWARM-RELEASE\Debug\Obj\md2.o
#        F:\RTLworkSpace\00009982-sdk-ameba-v4.0c\sdk-ameba-v4.0c\project\zairkiss\EWARM-RELEASE\Debug\Obj\md4.o
#        F:\RTLworkSpace\00009982-sdk-ameba-v4.0c\sdk-ameba-v4.0c\project\zairkiss\EWARM-RELEASE\Debug\Obj\mDNSPlatform.o
#        F:\RTLworkSpace\00009982-sdk-ameba-v4.0c\sdk-ameba-v4.0c\project\zairkiss\EWARM-RELEASE\Debug\Obj\mem.o
#        F:\RTLworkSpace\00009982-sdk-ameba-v4.0c\sdk-ameba-v4.0c\project\zairkiss\EWARM-RELEASE\Debug\Obj\memory_buffer_alloc.o
#        F:\RTLworkSpace\00009982-sdk-ameba-v4.0c\sdk-ameba-v4.0c\project\zairkiss\EWARM-RELEASE\Debug\Obj\memp.o
#        F:\RTLworkSpace\00009982-sdk-ameba-v4.0c\sdk-ameba-v4.0c\project\zairkiss\EWARM-RELEASE\Debug\Obj\monitor.o
#        F:\RTLworkSpace\00009982-sdk-ameba-v4.0c\sdk-ameba-v4.0c\project\zairkiss\EWARM-RELEASE\Debug\Obj\net.o
#        F:\RTLworkSpace\00009982-sdk-ameba-v4.0c\sdk-ameba-v4.0c\project\zairkiss\EWARM-RELEASE\Debug\Obj\netbuf.o
#        F:\RTLworkSpace\00009982-sdk-ameba-v4.0c\sdk-ameba-v4.0c\project\zairkiss\EWARM-RELEASE\Debug\Obj\netdb.o
#        F:\RTLworkSpace\00009982-sdk-ameba-v4.0c\sdk-ameba-v4.0c\project\zairkiss\EWARM-RELEASE\Debug\Obj\netif.o
#        F:\RTLworkSpace\00009982-sdk-ameba-v4.0c\sdk-ameba-v4.0c\project\zairkiss\EWARM-RELEASE\Debug\Obj\netifapi.o
#        F:\RTLworkSpace\00009982-sdk-ameba-v4.0c\sdk-ameba-v4.0c\project\zairkiss\EWARM-RELEASE\Debug\Obj\nfc_api.o
#        F:\RTLworkSpace\00009982-sdk-ameba-v4.0c\sdk-ameba-v4.0c\project\zairkiss\EWARM-RELEASE\Debug\Obj\osdep_service.o
#        F:\RTLworkSpace\00009982-sdk-ameba-v4.0c\sdk-ameba-v4.0c\project\zairkiss\EWARM-RELEASE\Debug\Obj\padlock.o
#        F:\RTLworkSpace\00009982-sdk-ameba-v4.0c\sdk-ameba-v4.0c\project\zairkiss\EWARM-RELEASE\Debug\Obj\pbkdf2.o
#        F:\RTLworkSpace\00009982-sdk-ameba-v4.0c\sdk-ameba-v4.0c\project\zairkiss\EWARM-RELEASE\Debug\Obj\pbuf.o
#        F:\RTLworkSpace\00009982-sdk-ameba-v4.0c\sdk-ameba-v4.0c\project\zairkiss\EWARM-RELEASE\Debug\Obj\ping_test.o
#        F:\RTLworkSpace\00009982-sdk-ameba-v4.0c\sdk-ameba-v4.0c\project\zairkiss\EWARM-RELEASE\Debug\Obj\pinmap.o
#        F:\RTLworkSpace\00009982-sdk-ameba-v4.0c\sdk-ameba-v4.0c\project\zairkiss\EWARM-RELEASE\Debug\Obj\pinmap_common.o
#        F:\RTLworkSpace\00009982-sdk-ameba-v4.0c\sdk-ameba-v4.0c\project\zairkiss\EWARM-RELEASE\Debug\Obj\pkcs11.o
#        F:\RTLworkSpace\00009982-sdk-ameba-v4.0c\sdk-ameba-v4.0c\project\zairkiss\EWARM-RELEASE\Debug\Obj\pkcs12.o
#        F:\RTLworkSpace\00009982-sdk-ameba-v4.0c\sdk-ameba-v4.0c\project\zairkiss\EWARM-RELEASE\Debug\Obj\pkcs5.o
#        F:\RTLworkSpace\00009982-sdk-ameba-v4.0c\sdk-ameba-v4.0c\project\zairkiss\EWARM-RELEASE\Debug\Obj\pkparse.o
#        F:\RTLworkSpace\00009982-sdk-ameba-v4.0c\sdk-ameba-v4.0c\project\zairkiss\EWARM-RELEASE\Debug\Obj\platform.o
#        F:\RTLworkSpace\00009982-sdk-ameba-v4.0c\sdk-ameba-v4.0c\project\zairkiss\EWARM-RELEASE\Debug\Obj\port.o
#        F:\RTLworkSpace\00009982-sdk-ameba-v4.0c\sdk-ameba-v4.0c\project\zairkiss\EWARM-RELEASE\Debug\Obj\port_api.o
#        F:\RTLworkSpace\00009982-sdk-ameba-v4.0c\sdk-ameba-v4.0c\project\zairkiss\EWARM-RELEASE\Debug\Obj\portasm.o
#        F:\RTLworkSpace\00009982-sdk-ameba-v4.0c\sdk-ameba-v4.0c\project\zairkiss\EWARM-RELEASE\Debug\Obj\pwmout_api.o
#        F:\RTLworkSpace\00009982-sdk-ameba-v4.0c\sdk-ameba-v4.0c\project\zairkiss\EWARM-RELEASE\Debug\Obj\queue.o
#        F:\RTLworkSpace\00009982-sdk-ameba-v4.0c\sdk-ameba-v4.0c\project\zairkiss\EWARM-RELEASE\Debug\Obj\raw.o
#        F:\RTLworkSpace\00009982-sdk-ameba-v4.0c\sdk-ameba-v4.0c\project\zairkiss\EWARM-RELEASE\Debug\Obj\ripemd160.o
#        F:\RTLworkSpace\00009982-sdk-ameba-v4.0c\sdk-ameba-v4.0c\project\zairkiss\EWARM-RELEASE\Debug\Obj\rtc_api.o
#        F:\RTLworkSpace\00009982-sdk-ameba-v4.0c\sdk-ameba-v4.0c\project\zairkiss\EWARM-RELEASE\Debug\Obj\rtl8710b_dsleepcfg.o
#        F:\RTLworkSpace\00009982-sdk-ameba-v4.0c\sdk-ameba-v4.0c\project\zairkiss\EWARM-RELEASE\Debug\Obj\rtl8710b_dstandbycfg.o
#        F:\RTLworkSpace\00009982-sdk-ameba-v4.0c\sdk-ameba-v4.0c\project\zairkiss\EWARM-RELEASE\Debug\Obj\rtl8710b_intfcfg.o
#        F:\RTLworkSpace\00009982-sdk-ameba-v4.0c\sdk-ameba-v4.0c\project\zairkiss\EWARM-RELEASE\Debug\Obj\rtl8710b_ota.o
#        F:\RTLworkSpace\00009982-sdk-ameba-v4.0c\sdk-ameba-v4.0c\project\zairkiss\EWARM-RELEASE\Debug\Obj\rtl8710b_pinmapcfg.o
#        F:\RTLworkSpace\00009982-sdk-ameba-v4.0c\sdk-ameba-v4.0c\project\zairkiss\EWARM-RELEASE\Debug\Obj\rtl8710b_sleepcfg.o
#        F:\RTLworkSpace\00009982-sdk-ameba-v4.0c\sdk-ameba-v4.0c\project\zairkiss\EWARM-RELEASE\Debug\Obj\rtl_consol.o
#        F:\RTLworkSpace\00009982-sdk-ameba-v4.0c\sdk-ameba-v4.0c\project\zairkiss\EWARM-RELEASE\Debug\Obj\rtl_trace.o
#        F:\RTLworkSpace\00009982-sdk-ameba-v4.0c\sdk-ameba-v4.0c\project\zairkiss\EWARM-RELEASE\Debug\Obj\sendwifipacket.o
#        F:\RTLworkSpace\00009982-sdk-ameba-v4.0c\sdk-ameba-v4.0c\project\zairkiss\EWARM-RELEASE\Debug\Obj\serial_api.o
#        F:\RTLworkSpace\00009982-sdk-ameba-v4.0c\sdk-ameba-v4.0c\project\zairkiss\EWARM-RELEASE\Debug\Obj\shtc1.o
#        F:\RTLworkSpace\00009982-sdk-ameba-v4.0c\sdk-ameba-v4.0c\project\zairkiss\EWARM-RELEASE\Debug\Obj\sleep.o
#        F:\RTLworkSpace\00009982-sdk-ameba-v4.0c\sdk-ameba-v4.0c\project\zairkiss\EWARM-RELEASE\Debug\Obj\sn_coap_ameba_port.o
#        F:\RTLworkSpace\00009982-sdk-ameba-v4.0c\sdk-ameba-v4.0c\project\zairkiss\EWARM-RELEASE\Debug\Obj\sn_coap_builder.o
#        F:\RTLworkSpace\00009982-sdk-ameba-v4.0c\sdk-ameba-v4.0c\project\zairkiss\EWARM-RELEASE\Debug\Obj\sn_coap_header_check.o
#        F:\RTLworkSpace\00009982-sdk-ameba-v4.0c\sdk-ameba-v4.0c\project\zairkiss\EWARM-RELEASE\Debug\Obj\sn_coap_parser.o
#        F:\RTLworkSpace\00009982-sdk-ameba-v4.0c\sdk-ameba-v4.0c\project\zairkiss\EWARM-RELEASE\Debug\Obj\sn_coap_protocol.o
#        F:\RTLworkSpace\00009982-sdk-ameba-v4.0c\sdk-ameba-v4.0c\project\zairkiss\EWARM-RELEASE\Debug\Obj\sockets.o
#        F:\RTLworkSpace\00009982-sdk-ameba-v4.0c\sdk-ameba-v4.0c\project\zairkiss\EWARM-RELEASE\Debug\Obj\spi_api.o
#        F:\RTLworkSpace\00009982-sdk-ameba-v4.0c\sdk-ameba-v4.0c\project\zairkiss\EWARM-RELEASE\Debug\Obj\ssl_cache.o
#        F:\RTLworkSpace\00009982-sdk-ameba-v4.0c\sdk-ameba-v4.0c\project\zairkiss\EWARM-RELEASE\Debug\Obj\ssl_ciphersuites.o
#        F:\RTLworkSpace\00009982-sdk-ameba-v4.0c\sdk-ameba-v4.0c\project\zairkiss\EWARM-RELEASE\Debug\Obj\ssl_cli.o
#        F:\RTLworkSpace\00009982-sdk-ameba-v4.0c\sdk-ameba-v4.0c\project\zairkiss\EWARM-RELEASE\Debug\Obj\ssl_client.o
#        F:\RTLworkSpace\00009982-sdk-ameba-v4.0c\sdk-ameba-v4.0c\project\zairkiss\EWARM-RELEASE\Debug\Obj\ssl_ram_map.o
#        F:\RTLworkSpace\00009982-sdk-ameba-v4.0c\sdk-ameba-v4.0c\project\zairkiss\EWARM-RELEASE\Debug\Obj\ssl_srv.o
#        F:\RTLworkSpace\00009982-sdk-ameba-v4.0c\sdk-ameba-v4.0c\project\zairkiss\EWARM-RELEASE\Debug\Obj\ssl_tls.o
#        F:\RTLworkSpace\00009982-sdk-ameba-v4.0c\sdk-ameba-v4.0c\project\zairkiss\EWARM-RELEASE\Debug\Obj\startup.o
#        F:\RTLworkSpace\00009982-sdk-ameba-v4.0c\sdk-ameba-v4.0c\project\zairkiss\EWARM-RELEASE\Debug\Obj\stats.o
#        F:\RTLworkSpace\00009982-sdk-ameba-v4.0c\sdk-ameba-v4.0c\project\zairkiss\EWARM-RELEASE\Debug\Obj\sys.o
#        F:\RTLworkSpace\00009982-sdk-ameba-v4.0c\sdk-ameba-v4.0c\project\zairkiss\EWARM-RELEASE\Debug\Obj\sys_api.o
#        F:\RTLworkSpace\00009982-sdk-ameba-v4.0c\sdk-ameba-v4.0c\project\zairkiss\EWARM-RELEASE\Debug\Obj\sys_arch.o
#        F:\RTLworkSpace\00009982-sdk-ameba-v4.0c\sdk-ameba-v4.0c\project\zairkiss\EWARM-RELEASE\Debug\Obj\tasks.o
#        F:\RTLworkSpace\00009982-sdk-ameba-v4.0c\sdk-ameba-v4.0c\project\zairkiss\EWARM-RELEASE\Debug\Obj\tcp.o
#        F:\RTLworkSpace\00009982-sdk-ameba-v4.0c\sdk-ameba-v4.0c\project\zairkiss\EWARM-RELEASE\Debug\Obj\tcp_in.o
#        F:\RTLworkSpace\00009982-sdk-ameba-v4.0c\sdk-ameba-v4.0c\project\zairkiss\EWARM-RELEASE\Debug\Obj\tcp_out.o
#        F:\RTLworkSpace\00009982-sdk-ameba-v4.0c\sdk-ameba-v4.0c\project\zairkiss\EWARM-RELEASE\Debug\Obj\tcpip.o
#        F:\RTLworkSpace\00009982-sdk-ameba-v4.0c\sdk-ameba-v4.0c\project\zairkiss\EWARM-RELEASE\Debug\Obj\tcptest.o
#        F:\RTLworkSpace\00009982-sdk-ameba-v4.0c\sdk-ameba-v4.0c\project\zairkiss\EWARM-RELEASE\Debug\Obj\threading.o
#        F:\RTLworkSpace\00009982-sdk-ameba-v4.0c\sdk-ameba-v4.0c\project\zairkiss\EWARM-RELEASE\Debug\Obj\timer_api.o
#        F:\RTLworkSpace\00009982-sdk-ameba-v4.0c\sdk-ameba-v4.0c\project\zairkiss\EWARM-RELEASE\Debug\Obj\timers.o
#        F:\RTLworkSpace\00009982-sdk-ameba-v4.0c\sdk-ameba-v4.0c\project\zairkiss\EWARM-RELEASE\Debug\Obj\timing.o
#        F:\RTLworkSpace\00009982-sdk-ameba-v4.0c\sdk-ameba-v4.0c\project\zairkiss\EWARM-RELEASE\Debug\Obj\uart_adapter.o
#        F:\RTLworkSpace\00009982-sdk-ameba-v4.0c\sdk-ameba-v4.0c\project\zairkiss\EWARM-RELEASE\Debug\Obj\uart_fw_update.o
#        F:\RTLworkSpace\00009982-sdk-ameba-v4.0c\sdk-ameba-v4.0c\project\zairkiss\EWARM-RELEASE\Debug\Obj\uart_socket.o
#        F:\RTLworkSpace\00009982-sdk-ameba-v4.0c\sdk-ameba-v4.0c\project\zairkiss\EWARM-RELEASE\Debug\Obj\udp.o
#        F:\RTLworkSpace\00009982-sdk-ameba-v4.0c\sdk-ameba-v4.0c\project\zairkiss\EWARM-RELEASE\Debug\Obj\us_ticker.o
#        F:\RTLworkSpace\00009982-sdk-ameba-v4.0c\sdk-ameba-v4.0c\project\zairkiss\EWARM-RELEASE\Debug\Obj\us_ticker_api.o
#        F:\RTLworkSpace\00009982-sdk-ameba-v4.0c\sdk-ameba-v4.0c\project\zairkiss\EWARM-RELEASE\Debug\Obj\version.o
#        F:\RTLworkSpace\00009982-sdk-ameba-v4.0c\sdk-ameba-v4.0c\project\zairkiss\EWARM-RELEASE\Debug\Obj\version_features.o
#        F:\RTLworkSpace\00009982-sdk-ameba-v4.0c\sdk-ameba-v4.0c\project\zairkiss\EWARM-RELEASE\Debug\Obj\wait_api.o
#        F:\RTLworkSpace\00009982-sdk-ameba-v4.0c\sdk-ameba-v4.0c\project\zairkiss\EWARM-RELEASE\Debug\Obj\wdt_api.o
#        F:\RTLworkSpace\00009982-sdk-ameba-v4.0c\sdk-ameba-v4.0c\project\zairkiss\EWARM-RELEASE\Debug\Obj\webserver.o
#        F:\RTLworkSpace\00009982-sdk-ameba-v4.0c\sdk-ameba-v4.0c\project\zairkiss\EWARM-RELEASE\Debug\Obj\wifi_conf.o
#        F:\RTLworkSpace\00009982-sdk-ameba-v4.0c\sdk-ameba-v4.0c\project\zairkiss\EWARM-RELEASE\Debug\Obj\wifi_eap_config.o
#        F:\RTLworkSpace\00009982-sdk-ameba-v4.0c\sdk-ameba-v4.0c\project\zairkiss\EWARM-RELEASE\Debug\Obj\wifi_ind.o
#        F:\RTLworkSpace\00009982-sdk-ameba-v4.0c\sdk-ameba-v4.0c\project\zairkiss\EWARM-RELEASE\Debug\Obj\wifi_promisc.o
#        F:\RTLworkSpace\00009982-sdk-ameba-v4.0c\sdk-ameba-v4.0c\project\zairkiss\EWARM-RELEASE\Debug\Obj\wifi_simple_config.o
#        F:\RTLworkSpace\00009982-sdk-ameba-v4.0c\sdk-ameba-v4.0c\project\zairkiss\EWARM-RELEASE\Debug\Obj\wifi_util.o
#        F:\RTLworkSpace\00009982-sdk-ameba-v4.0c\sdk-ameba-v4.0c\project\zairkiss\EWARM-RELEASE\Debug\Obj\wifi_wps_config.o
#        F:\RTLworkSpace\00009982-sdk-ameba-v4.0c\sdk-ameba-v4.0c\project\zairkiss\EWARM-RELEASE\Debug\Obj\wigadget.o
#        F:\RTLworkSpace\00009982-sdk-ameba-v4.0c\sdk-ameba-v4.0c\project\zairkiss\EWARM-RELEASE\Debug\Obj\wlan_network.o
#        F:\RTLworkSpace\00009982-sdk-ameba-v4.0c\sdk-ameba-v4.0c\project\zairkiss\EWARM-RELEASE\Debug\Obj\workwithairkiss.o
#        F:\RTLworkSpace\00009982-sdk-ameba-v4.0c\sdk-ameba-v4.0c\project\zairkiss\EWARM-RELEASE\Debug\Obj\x509.o
#        F:\RTLworkSpace\00009982-sdk-ameba-v4.0c\sdk-ameba-v4.0c\project\zairkiss\EWARM-RELEASE\Debug\Obj\x509_create.o
#        F:\RTLworkSpace\00009982-sdk-ameba-v4.0c\sdk-ameba-v4.0c\project\zairkiss\EWARM-RELEASE\Debug\Obj\x509_crl.o
#        F:\RTLworkSpace\00009982-sdk-ameba-v4.0c\sdk-ameba-v4.0c\project\zairkiss\EWARM-RELEASE\Debug\Obj\x509_crt.o
#        F:\RTLworkSpace\00009982-sdk-ameba-v4.0c\sdk-ameba-v4.0c\project\zairkiss\EWARM-RELEASE\Debug\Obj\x509_csr.o
#        F:\RTLworkSpace\00009982-sdk-ameba-v4.0c\sdk-ameba-v4.0c\project\zairkiss\EWARM-RELEASE\Debug\Obj\x509write_crt.o
#        F:\RTLworkSpace\00009982-sdk-ameba-v4.0c\sdk-ameba-v4.0c\project\zairkiss\EWARM-RELEASE\Debug\Obj\x509write_csr.o
#        F:\RTLworkSpace\00009982-sdk-ameba-v4.0c\sdk-ameba-v4.0c\project\zairkiss\EWARM-RELEASE\Debug\Obj\xml.o
#        F:\RTLworkSpace\00009982-sdk-ameba-v4.0c\sdk-ameba-v4.0c\project\zairkiss\EWARM-RELEASE\Debug\Obj\xtea.o
#        -o
#        F:\RTLworkSpace\00009982-sdk-ameba-v4.0c\sdk-ameba-v4.0c\project\zairkiss\EWARM-RELEASE\Debug\Exe\application.axf
#        --redirect _Printf=_PrintfTiny --redirect _Scanf=_ScanfSmallNoMb
#        --keep bootloader
#        --image_input=F:\RTLworkSpace\00009982-sdk-ameba-v4.0c\sdk-ameba-v4.0c\project\zairkiss\EWARM-RELEASE\..\..\..\component\soc\realtek\8711b\misc\bsp\image\boot_all.bin,bootloader,LOADER,4
#        --map
#        F:\RTLworkSpace\00009982-sdk-ameba-v4.0c\sdk-ameba-v4.0c\project\zairkiss\EWARM-RELEASE\Debug\List\application.map
#        --log veneers --log_file
#        F:\RTLworkSpace\00009982-sdk-ameba-v4.0c\sdk-ameba-v4.0c\project\zairkiss\EWARM-RELEASE\Debug\List\application.log
#        --config
#        F:\RTLworkSpace\00009982-sdk-ameba-v4.0c\sdk-ameba-v4.0c\project\zairkiss\EWARM-RELEASE\image2.icf
#        --diag_suppress Lp005,Lp006 --entry Reset_Handler --no_exceptions
#        --no_vfe
#
###############################################################################

*******************************************************************************
*** RUNTIME MODEL ATTRIBUTES
***

CppFlavor                     = *
__Heap_Handler                = DLMalloc
__SystemLibrary               = DLib
__dlib_dynamic_initialization = normal


*******************************************************************************
*** PLACEMENT SUMMARY
***

"A4":  place at start of [0x10005000-0x1003dfff] {
          rw, block IMAGE2, block .ram_image2.bss, block .ram_image2.skb.bss,
          block .ram_heap.data, section .heap.stdlib };
"A5":  place at start of [0x08000020-0x08003fff] {
          block Bootloader, rw, block .xip_image1.text };
"A6":  place at start of [0x0800b020-0x080fffff] { rw, block .xip_image2.text };

  Section                 Kind        Address     Size  Object
  -------                 ----        -------     ----  ------
"A5":                                           0x1110
  Bootloader                       0x08000020   0x1110  <Block>
    LOADER                const    0x08000020   0x1110  boot_all.bin [1]
                                 - 0x08001130   0x1110

"A6":                                          0x4bcec
  .xip_image2.text                 0x0800b020  0x4bcec  <Block>
    .img2_custom_signature
                          const    0x0800b020     0x20  rtl8710b_ota.o [2]
    Veneer                ro code  0x0800b040      0x8  - Linker created -
    Veneer                ro code  0x0800b048      0x8  - Linker created -
    Veneer                ro code  0x0800b050      0x8  - Linker created -
    Veneer                ro code  0x0800b058      0x8  - Linker created -
    .text                 ro code  0x0800b060   0x11a0  airkiss.o [2]
    Veneer                ro code  0x0800c200      0x8  - Linker created -
    .text                 ro code  0x0800c208    0xc74  rtk_wlan_if.o [9]
    Veneer                ro code  0x0800ce7c      0x8  - Linker created -
    .text                 ro code  0x0800ce84   0x1b14  wifi_conf.o [2]
    Veneer                ro code  0x0800e998      0x8  - Linker created -
    Veneer                ro code  0x0800e9a0      0x8  - Linker created -
    Veneer                ro code  0x0800e9a8      0x8  - Linker created -
    Veneer                ro code  0x0800e9b0      0x8  - Linker created -
    .text                 ro code  0x0800e9b8    0x12c  ram_libc.o [8]
    Veneer                ro code  0x0800eae4      0x8  - Linker created -
    Veneer                ro code  0x0800eaec      0x8  - Linker created -
    Veneer                ro code  0x0800eaf4      0x8  - Linker created -
    Veneer                ro code  0x0800eafc      0x8  - Linker created -
    .text                 ro code  0x0800eb04    0x358  flash_api.o [2]
    .text                 ro code  0x0800ee5c     0xa4  device_lock.o [2]
    .text                 ro code  0x0800ef00    0xc2c  sockets.o [2]
    .text                 ro code  0x0800fb2c     0x26  def.o [2]
    .text                 ro code  0x0800fb52     0x1e  xsscin.o [4]
    .text                 ro code  0x0800fb70    0x4f0  osdep_service.o [2]
    .text                 ro code  0x08010060    0x710  airkiss.o [11]
    .text                 ro code  0x08010770    0x3e0  lwip_netconf.o [2]
    .text                 ro code  0x08010b50    0x8a4  tasks.o [2]
    .text                 ro code  0x080113f4      0x6  ABImemclr4.o [13]
    .text                 ro code  0x080113fa     0x22  zero_init3.o [13]
    Veneer                ro code  0x0801141c      0x8  - Linker created -
    Veneer                ro code  0x08011424      0x8  - Linker created -
    .text                 ro code  0x0801142c    0x3a0  wifi_promisc.o [2]
    Veneer                ro code  0x080117cc      0x8  - Linker created -
    Veneer                ro code  0x080117d4      0x8  - Linker created -
    .text                 ro code  0x080117dc    0x73c  freertos_service.o [2]
    .text                 ro code  0x08011f18    0x3a0  freertos_skbuff.o [9]
    .text                 ro code  0x080122b8    0xb10  freertos_intfs.o [9]
    .text                 ro code  0x08012dc8    0x27c  lwip_intf.o [2]
    Veneer                ro code  0x08013044      0x8  - Linker created -
    Veneer                ro code  0x0801304c      0x8  - Linker created -
    Veneer                ro code  0x08013054      0x8  - Linker created -
    Veneer                ro code  0x0801305c      0x8  - Linker created -
    Veneer                ro code  0x08013064      0x8  - Linker created -
    Veneer                ro code  0x0801306c      0x8  - Linker created -
    Veneer                ro code  0x08013074      0x8  - Linker created -
    Veneer                ro code  0x0801307c      0x8  - Linker created -
    .text                 ro code  0x08013084   0x32d4  freertos_ioctl.o [9]
    .text                 ro code  0x08016358   0x101c  wifi_util.o [2]
    .text                 ro code  0x08017374    0xda2  dhcp.o [2]
    .text                 ro code  0x08018118     0x24  sscanf.o [4]
    .text                 ro code  0x0801813c     0xfc  wifi_ind.o [2]
    .text                 ro code  0x08018238    0x18e  netif.o [2]
    .text                 ro code  0x080183c8    0x8fe  dhcps.o [2]
    .text                 ro code  0x08018cc8    0x1c8  heap_5.o [2]
    Veneer                ro code  0x08018e90      0x8  - Linker created -
    .text                 ro code  0x08018e98    0x104  ram_libgloss_retarget.o [8]
    .text                 ro code  0x08018f9c    0x1f2  sys_arch.o [2]
    .text                 ro code  0x08019190    0x4e4  api_lib.o [2]
    .text                 ro code  0x08019674    0x462  pbuf.o [2]
    .text                 ro code  0x08019ad6     0x9a  netbuf.o [2]
    .text                 ro code  0x08019b70    0x214  tcpip.o [2]
    .text                 ro code  0x08019d84    0x3f0  igmp.o [2]
    .text                 ro code  0x0801a174    0x2e2  autoip.o [2]
    .text                 ro code  0x0801a458    0x15c  port.o [2]
    .text                 ro code  0x0801a5b4     0x8e  list.o [2]
    .text                 ro code  0x0801a644    0x34c  timers.o [2]
    Veneer                ro code  0x0801a990      0x8  - Linker created -
    Veneer                ro code  0x0801a998      0x8  - Linker created -
    Veneer                ro code  0x0801a9a0      0x8  - Linker created -
    Veneer                ro code  0x0801a9a8      0x8  - Linker created -
    Veneer                ro code  0x0801a9b0      0x8  - Linker created -
    .text                 ro code  0x0801a9b8    0x5c4  rtl8710b_freertos_pmu.o [7]
    .text                 ro code  0x0801af7c     0x32  ABImemset48.o [13]
    Veneer                ro code  0x0801afb0      0x8  - Linker created -
    Veneer                ro code  0x0801afb8      0x8  - Linker created -
    Veneer                ro code  0x0801afc0      0x8  - Linker created -
    .text                 ro code  0x0801afc8    0x9f4  rtw_promisc.o [9]
    .text                 ro code  0x0801b9bc    0x4a2  queue.o [2]
    .text                 ro code  0x0801be60    0x190  netdev.o [9]
    Veneer                ro code  0x0801bff0      0x8  - Linker created -
    Veneer                ro code  0x0801bff8      0x8  - Linker created -
    .text                 ro code  0x0801c000   0x1074  rtw_cmd.o [9]
    .text                 ro code  0x0801d074    0x44e  hal_intf.o [9]
    Veneer                ro code  0x0801d4c4      0x8  - Linker created -
    Veneer                ro code  0x0801d4cc      0x8  - Linker created -
    Veneer                ro code  0x0801d4d4      0x8  - Linker created -
    Veneer                ro code  0x0801d4dc      0x8  - Linker created -
    Veneer                ro code  0x0801d4e4      0x8  - Linker created -
    Veneer                ro code  0x0801d4ec      0x8  - Linker created -
    Veneer                ro code  0x0801d4f4      0x8  - Linker created -
    Veneer                ro code  0x0801d4fc      0x8  - Linker created -
    Veneer                ro code  0x0801d504      0x8  - Linker created -
    Veneer                ro code  0x0801d50c      0x8  - Linker created -
    Veneer                ro code  0x0801d514      0x8  - Linker created -
    Veneer                ro code  0x0801d51c      0x8  - Linker created -
    Veneer                ro code  0x0801d524      0x8  - Linker created -
    Veneer                ro code  0x0801d52c      0x8  - Linker created -
    Veneer                ro code  0x0801d534      0x8  - Linker created -
    Veneer                ro code  0x0801d53c      0x8  - Linker created -
    Veneer                ro code  0x0801d544      0x8  - Linker created -
    Veneer                ro code  0x0801d54c      0x8  - Linker created -
    Veneer                ro code  0x0801d554      0x8  - Linker created -
    .text                 ro code  0x0801d55c    0x70c  lxbus_halinit.o [9]
    .text                 ro code  0x0801dc68    0x380  rtw_intfs.o [9]
    Veneer                ro code  0x0801dfe8      0x8  - Linker created -
    Veneer                ro code  0x0801dff0      0x8  - Linker created -
    Veneer                ro code  0x0801dff8      0x8  - Linker created -
    Veneer                ro code  0x0801e000      0x8  - Linker created -
    Veneer                ro code  0x0801e008      0x8  - Linker created -
    Veneer                ro code  0x0801e010      0x8  - Linker created -
    Veneer                ro code  0x0801e018      0x8  - Linker created -
    .text                 ro code  0x0801e020   0x1650  rtw_ap.o [9]
    Veneer                ro code  0x0801f670      0x8  - Linker created -
    Veneer                ro code  0x0801f678      0x8  - Linker created -
    Veneer                ro code  0x0801f680      0x8  - Linker created -
    Veneer                ro code  0x0801f688      0x8  - Linker created -
    .text                 ro code  0x0801f690   0x4cc0  rtw_mlme_ext.o [9]
    .text                 ro code  0x08024350   0x143c  rtw_mlme.o [9]
    .text                 ro code  0x0802578c    0x1f6  rtw_ieee80211.o [9]
    .text                 ro code  0x08025984     0x38  hci_intfs.o [9]
    .text                 ro code  0x080259bc    0x718  rtw_pwrctrl.o [9]
    .text                 ro code  0x080260d4    0x1da  ip_addr.o [2]
    .text                 ro code  0x080262b0    0x164  ethernetif.o [2]
    .text                 ro code  0x08026414    0x552  rtw_ioctl_set.o [9]
    Veneer                ro code  0x08026968      0x8  - Linker created -
    Veneer                ro code  0x08026970      0x8  - Linker created -
    Veneer                ro code  0x08026978      0x8  - Linker created -
    Veneer                ro code  0x08026980      0x8  - Linker created -
    Veneer                ro code  0x08026988      0x8  - Linker created -
    Veneer                ro code  0x08026990      0x8  - Linker created -
    Veneer                ro code  0x08026998      0x8  - Linker created -
    Veneer                ro code  0x080269a0      0x8  - Linker created -
    Veneer                ro code  0x080269a8      0x8  - Linker created -
    .text                 ro code  0x080269b0    0xc2a  rtw_wlan_util.o [9]
    Veneer                ro code  0x080275dc      0x8  - Linker created -
    Veneer                ro code  0x080275e4      0x8  - Linker created -
    Veneer                ro code  0x080275ec      0x8  - Linker created -
    Veneer                ro code  0x080275f4      0x8  - Linker created -
    Veneer                ro code  0x080275fc      0x8  - Linker created -
    Veneer                ro code  0x08027604      0x8  - Linker created -
    Veneer                ro code  0x0802760c      0x8  - Linker created -
    Veneer                ro code  0x08027614      0x8  - Linker created -
    Veneer                ro code  0x0802761c      0x8  - Linker created -
    Veneer                ro code  0x08027624      0x8  - Linker created -
    Veneer                ro code  0x0802762c      0x8  - Linker created -
    Veneer                ro code  0x08027634      0x8  - Linker created -
    Veneer                ro code  0x0802763c      0x8  - Linker created -
    Veneer                ro code  0x08027644      0x8  - Linker created -
    Veneer                ro code  0x0802764c      0x8  - Linker created -
    Veneer                ro code  0x08027654      0x8  - Linker created -
    Veneer                ro code  0x0802765c      0x8  - Linker created -
    Veneer                ro code  0x08027664      0x8  - Linker created -
    Veneer                ro code  0x0802766c      0x8  - Linker created -
    Veneer                ro code  0x08027674      0x8  - Linker created -
    .text                 ro code  0x0802767c   0x1570  rtw_psk.o [9]
    .text                 ro code  0x08028bec     0x54  rtw_io.o [9]
    .text                 ro code  0x08028c40    0x352  phydm_ACS.o [9]
    .text                 ro code  0x08028f94    0x624  rtw_sta_mgt.o [9]
    .text                 ro code  0x080295b8    0xc20  hal_com.o [9]
    .text                 ro code  0x0802a1d8    0xa58  hal_com_phycfg.o [9]
    Veneer                ro code  0x0802ac30      0x8  - Linker created -
    Veneer                ro code  0x0802ac38      0x8  - Linker created -
    Veneer                ro code  0x0802ac40      0x8  - Linker created -
    Veneer                ro code  0x0802ac48      0x8  - Linker created -
    Veneer                ro code  0x0802ac50      0x8  - Linker created -
    Veneer                ro code  0x0802ac58      0x8  - Linker created -
    Veneer                ro code  0x0802ac60      0x8  - Linker created -
    Veneer                ro code  0x0802ac68      0x8  - Linker created -
    .text                 ro code  0x0802ac70    0x440  rtl8711b_hal_efuse.o [9]
    .text                 ro code  0x0802b0b0   0x104c  HalHWImg8711B_BB.o [9]
    .text                 ro code  0x0802c0fc     0x16  wifi_eap_config.o [2]
    .text                 ro code  0x0802c114     0x66  ABImemset.o [13]
    .text                 ro code  0x0802c17c    0x738  etharp.o [2]
    .text                 ro code  0x0802c8b4     0x1c  I32ToDbl.o [12]
    .text                 ro code  0x0802c8d0    0x1a2  DblMul.o [12]
    .text                 ro code  0x0802ca74     0x2c  DblToI32.o [12]
    .text                 ro code  0x0802caa0    0x6ac  dns.o [2]
    .text                 ro code  0x0802d14c    0x260  mem.o [2]
    .text                 ro code  0x0802d3ac    0x410  udp.o [2]
    .text                 ro code  0x0802d7bc     0x20  srand.o [4]
    .text                 ro code  0x0802d7dc     0xe0  rand.o [4]
    .text                 ro code  0x0802d8bc    0x514  xscanfsmall_nomb.o [4]
    .text                 ro code  0x0802ddd0    0xb34  tcp.o [2]
    Veneer                ro code  0x0802e904      0x8  - Linker created -
    Veneer                ro code  0x0802e90c      0x8  - Linker created -
    Veneer                ro code  0x0802e914      0x8  - Linker created -
    Veneer                ro code  0x0802e91c      0x8  - Linker created -
    Veneer                ro code  0x0802e924      0x8  - Linker created -
    Veneer                ro code  0x0802e92c      0x8  - Linker created -
    Veneer                ro code  0x0802e934      0x8  - Linker created -
    Veneer                ro code  0x0802e93c      0x8  - Linker created -
    .text                 ro code  0x0802e944    0x10c  system_8195a.o [7]
    .text                 ro code  0x0802ea50    0xba4  api_msg.o [2]
    .text                 ro code  0x0802f5f4     0xd8  memp.o [2]
    .text                 ro code  0x0802f6cc    0x264  lwip_timers.o [2]
    .text                 ro code  0x0802f930    0x35c  ip.o [2]
    .text                 ro code  0x0802fc8c     0x2e  init.o [2]
    .text                 ro code  0x0802fcba    0x13a  inet_chksum.o [2]
    .text                 ro code  0x0802fdf4     0x24  printf.o [4]
    Veneer                ro code  0x0802fe18      0x8  - Linker created -
    Veneer                ro code  0x0802fe20      0x8  - Linker created -
    Veneer                ro code  0x0802fe28      0x8  - Linker created -
    Veneer                ro code  0x0802fe30      0x8  - Linker created -
    Veneer                ro code  0x0802fe38      0x8  - Linker created -
    Veneer                ro code  0x0802fe40      0x8  - Linker created -
    Veneer                ro code  0x0802fe48      0x8  - Linker created -
    Veneer                ro code  0x0802fe50      0x8  - Linker created -
    Veneer                ro code  0x0802fe58      0x8  - Linker created -
    Veneer                ro code  0x0802fe60      0x8  - Linker created -
    Veneer                ro code  0x0802fe68      0x8  - Linker created -
    Veneer                ro code  0x0802fe70      0x8  - Linker created -
    Veneer                ro code  0x0802fe78      0x8  - Linker created -
    Veneer                ro code  0x0802fe80      0x8  - Linker created -
    Veneer                ro code  0x0802fe88      0x8  - Linker created -
    Veneer                ro code  0x0802fe90      0x8  - Linker created -
    Veneer                ro code  0x0802fe98      0x8  - Linker created -
    Veneer                ro code  0x0802fea0      0x8  - Linker created -
    Veneer                ro code  0x0802fea8      0x8  - Linker created -
    Veneer                ro code  0x0802feb0      0x8  - Linker created -
    Veneer                ro code  0x0802feb8      0x8  - Linker created -
    Veneer                ro code  0x0802fec0      0x8  - Linker created -
    Veneer                ro code  0x0802fec8      0x8  - Linker created -
    Veneer                ro code  0x0802fed0      0x8  - Linker created -
    Veneer                ro code  0x0802fed8      0x8  - Linker created -
    .text                 ro code  0x0802fee0    0x6f0  rtl8710b_psm.o [7]
    Veneer                ro code  0x080305d0      0x8  - Linker created -
    .text                 ro code  0x080305d8   0x1528  rtw_recv.o [9]
    .text                 ro code  0x08031b00    0x374  phydm_RaInfo.o [9]
    .text                 ro code  0x08031e74    0xdf0  lxbus_ops.o [9]
    Veneer                ro code  0x08032c64      0x8  - Linker created -
    Veneer                ro code  0x08032c6c      0x8  - Linker created -
    .text                 ro code  0x08032c74    0x9cc  rtl8711b_phycfg.o [9]
    Veneer                ro code  0x08033640      0x8  - Linker created -
    Veneer                ro code  0x08033648      0x8  - Linker created -
    .text                 ro code  0x08033650    0x450  rtl8711b_firmware.o [9]
    Veneer                ro code  0x08033aa0      0x8  - Linker created -
    Veneer                ro code  0x08033aa8      0x8  - Linker created -
    Veneer                ro code  0x08033ab0      0x8  - Linker created -
    Veneer                ro code  0x08033ab8      0x8  - Linker created -
    Veneer                ro code  0x08033ac0      0x8  - Linker created -
    Veneer                ro code  0x08033ac8      0x8  - Linker created -
    .text                 ro code  0x08033ad0    0x540  rtl8711b_dm.o [9]
    .text                 ro code  0x08034010   0x14ac  HalPhyRf_8711B.o [9]
    Veneer                ro code  0x080354bc      0x8  - Linker created -
    Veneer                ro code  0x080354c4      0x8  - Linker created -
    Veneer                ro code  0x080354cc      0x8  - Linker created -
    Veneer                ro code  0x080354d4      0x8  - Linker created -
    .text                 ro code  0x080354dc    0xd28  rtl8711b_cmd.o [9]
    .text                 ro code  0x08036204     0xdc  HalPwrSeqCmd.o [9]
    .text                 ro code  0x080362e0     0x18  wlan_ram_map.o [9]
    Veneer                ro code  0x080362f8      0x8  - Linker created -
    Veneer                ro code  0x08036300      0x8  - Linker created -
    Veneer                ro code  0x08036308      0x8  - Linker created -
    Veneer                ro code  0x08036310      0x8  - Linker created -
    Veneer                ro code  0x08036318      0x8  - Linker created -
    Veneer                ro code  0x08036320      0x8  - Linker created -
    Veneer                ro code  0x08036328      0x8  - Linker created -
    Veneer                ro code  0x08036330      0x8  - Linker created -
    Veneer                ro code  0x08036338      0x8  - Linker created -
    Veneer                ro code  0x08036340      0x8  - Linker created -
    Veneer                ro code  0x08036348      0x8  - Linker created -
    Veneer                ro code  0x08036350      0x8  - Linker created -
    Veneer                ro code  0x08036358      0x8  - Linker created -
    Veneer                ro code  0x08036360      0x8  - Linker created -
    Veneer                ro code  0x08036368      0x8  - Linker created -
    Veneer                ro code  0x08036370      0x8  - Linker created -
    Veneer                ro code  0x08036378      0x8  - Linker created -
    Veneer                ro code  0x08036380      0x8  - Linker created -
    Veneer                ro code  0x08036388      0x8  - Linker created -
    Veneer                ro code  0x08036390      0x8  - Linker created -
    Veneer                ro code  0x08036398      0x8  - Linker created -
    Veneer                ro code  0x080363a0      0x8  - Linker created -
    Veneer                ro code  0x080363a8      0x8  - Linker created -
    Veneer                ro code  0x080363b0      0x8  - Linker created -
    Veneer                ro code  0x080363b8      0x8  - Linker created -
    Veneer                ro code  0x080363c0      0x8  - Linker created -
    .text                 ro code  0x080363c8   0x10ce  rtl8711b_hal_init.o [9]
    .text                 ro code  0x08037498   0x1740  rtw_xmit.o [9]
    Veneer                ro code  0x08038bd8      0x8  - Linker created -
    Veneer                ro code  0x08038be0      0x8  - Linker created -
    Veneer                ro code  0x08038be8      0x8  - Linker created -
    Veneer                ro code  0x08038bf0      0x8  - Linker created -
    Veneer                ro code  0x08038bf8      0x8  - Linker created -
    Veneer                ro code  0x08038c00      0x8  - Linker created -
    .text                 ro code  0x08038c08    0x314  rtw_security.o [9]
    .text                 ro code  0x08038f1c     0x76  ABImemcpy_unaligned.o [13]
    .text                 ro code  0x08038f92    0x100  freertos_xmit.o [9]
    .text                 ro code  0x08039094      0x6  ABImemclr.o [13]
    .text                 ro code  0x0803909a     0x66  phydm_interface.o [9]
    Veneer                ro code  0x08039100      0x8  - Linker created -
    .text                 ro code  0x08039108    0x88c  rtl8710b_efuse.o [7]
    .text                 ro code  0x08039994     0xd8  phydm_RegConfig8711B.o [9]
    .text                 ro code  0x08039a6c    0x188  icmp.o [2]
    .text                 ro code  0x08039bf4      0x2  xtls.o [4]
    .text                 ro code  0x08039bf8     0x16  strchr.o [13]
    .text                 ro code  0x08039c0e     0x86  xstol.o [4]
    .text                 ro code  0x08039c94    0x19c  xstoul.o [4]
    .text                 ro code  0x08039e30    0xa60  tcp_out.o [2]
    .text                 ro code  0x0803a890    0x174  raw.o [2]
    .text                 ro code  0x0803aa04    0x508  ip_frag.o [2]
    .text                 ro code  0x0803af0c    0xed8  tcp_in.o [2]
    .text                 ro code  0x0803bde4    0x150  xprintftiny.o [4]
    Veneer                ro code  0x0803bf34      0x8  - Linker created -
    .text                 ro code  0x0803bf3c    0x810  lxbus_suspend.o [9]
    .text                 ro code  0x0803c74c     0x10  rtl8710b_bor.o [7]
    Veneer                ro code  0x0803c75c      0x8  - Linker created -
    .text                 ro code  0x0803c764     0xac  rtl8710b_pinmap.o [7]
    Veneer                ro code  0x0803c810      0x8  - Linker created -
    Veneer                ro code  0x0803c818      0x8  - Linker created -
    Veneer                ro code  0x0803c820      0x8  - Linker created -
    Veneer                ro code  0x0803c828      0x8  - Linker created -
    Veneer                ro code  0x0803c830      0x8  - Linker created -
    Veneer                ro code  0x0803c838      0x8  - Linker created -
    Veneer                ro code  0x0803c840      0x8  - Linker created -
    Veneer                ro code  0x0803c848      0x8  - Linker created -
    Veneer                ro code  0x0803c850      0x8  - Linker created -
    Veneer                ro code  0x0803c858      0x8  - Linker created -
    Veneer                ro code  0x0803c860      0x8  - Linker created -
    Veneer                ro code  0x0803c868      0x8  - Linker created -
    Veneer                ro code  0x0803c870      0x8  - Linker created -
    Veneer                ro code  0x0803c878      0x8  - Linker created -
    .text                 ro code  0x0803c880    0x31c  rtl_consol.o [2]
    .text                 ro code  0x0803cb9c    0x3d0  freertos_recv.o [9]
    .text                 ro code  0x0803cf6c    0x91a  rtl8711b_xmit.o [9]
    .text                 ro code  0x0803d886    0x266  rtl8711b_rxdesc.o [9]
    .text                 ro code  0x0803daec    0x668  phydm_HWConfig.o [9]
    .text                 ro code  0x0803e154     0xf4  rtl8711b_rf6052.o [9]
    .text                 ro code  0x0803e248    0x47a  phydm.o [9]
    .text                 ro code  0x0803e6c4    0x4e8  HalPhyRf.o [9]
    .text                 ro code  0x0803ebac    0x7dc  phydm_DIG.o [9]
    .text                 ro code  0x0803f388    0x33a  PhyDM_Adaptivity.o [9]
    .text                 ro code  0x0803f6c4      0xc  errno.o [4]
    .text                 ro code  0x0803f6d0     0x58  memchr.o [13]
    .text                 ro code  0x0803f728     0x36  strlen.o [13]
    Veneer                ro code  0x0803f760      0x8  - Linker created -
    Veneer                ro code  0x0803f768      0x8  - Linker created -
    Veneer                ro code  0x0803f770      0x8  - Linker created -
    Veneer                ro code  0x0803f778      0x8  - Linker created -
    Veneer                ro code  0x0803f780      0x8  - Linker created -
    Veneer                ro code  0x0803f788      0x8  - Linker created -
    Veneer                ro code  0x0803f790      0x8  - Linker created -
    Veneer                ro code  0x0803f798      0x8  - Linker created -
    Veneer                ro code  0x0803f7a0      0x8  - Linker created -
    Veneer                ro code  0x0803f7a8      0x8  - Linker created -
    .text                 ro code  0x0803f7b0    0x5b0  monitor.o [2]
    Veneer                ro code  0x0803fd60      0x8  - Linker created -
    .text                 ro code  0x0803fd68    0x474  log_service.o [2]
    Veneer                ro code  0x080401dc      0x8  - Linker created -
    Veneer                ro code  0x080401e4      0x8  - Linker created -
    Veneer                ro code  0x080401ec      0x8  - Linker created -
    .text                 ro code  0x080401f4     0x86  phydm_CfoTracking.o [9]
    .text                 ro code  0x0804027c    0xf90  HalHWImg8711B_RF.o [9]
    .text                 ro code  0x0804120c    0x478  HalHWImg8711B_MAC.o [9]
    .text                 ro code  0x08041684   0x7da0  HalHWImg8711B_FW.o [9]
    .text                 ro code  0x08049424    0x1e8  phydm_PowerTracking.o [9]
    .text                 ro code  0x0804960c     0x14  phydm_debug.o [9]
    .text                 ro code  0x08049620   0x1dd8  atcmd_wifi.o [2]
    .text                 ro code  0x0804b3f8   0x1afc  wifi_simple_config.o [2]
    Veneer                ro code  0x0804cef4      0x8  - Linker created -
    Veneer                ro code  0x0804cefc      0x8  - Linker created -
    .text                 ro code  0x0804cf04   0x14e4  webserver.o [2]
    Veneer                ro code  0x0804e3e8      0x8  - Linker created -
    Veneer                ro code  0x0804e3f0      0x8  - Linker created -
    .text                 ro code  0x0804e3f8   0x101c  rtl8710b_ota.o [2]
    .text                 ro code  0x0804f414    0x620  ping_test.o [2]
    Veneer                ro code  0x0804fa34      0x8  - Linker created -
    .text                 ro code  0x0804fa3c   0x1f94  tcptest.o [2]
    Veneer                ro code  0x080519d0      0x8  - Linker created -
    Veneer                ro code  0x080519d8      0x8  - Linker created -
    Veneer                ro code  0x080519e0      0x8  - Linker created -
    Veneer                ro code  0x080519e8      0x8  - Linker created -
    Veneer                ro code  0x080519f0      0x8  - Linker created -
    Veneer                ro code  0x080519f8      0x8  - Linker created -
    Veneer                ro code  0x08051a00      0x8  - Linker created -
    .text                 ro code  0x08051a08   0x136c  wifi_simple_config_parser.o [9]
    .text                 ro code  0x08052d74     0x18  cmsis_os.o [2]
    .text                 ro code  0x08052d8c     0x40  netdb.o [2]
    Veneer                ro code  0x08052dcc      0x8  - Linker created -
    .text                 ro code  0x08052dd4     0x30  app_start.o [2]
    .text                 ro code  0x08052e04     0x20  cmain_call_ctors.o [13]
    .text                 ro code  0x08052e24     0x1a  main.o [2]
    .text                 ro code  0x08052e40     0x18  cppinit.o [4]
    .text                 ro code  0x08052e58     0xac  example_entry.o [2]
    .text                 ro code  0x08052f04    0x35c  sendwifipacket.o [2]
    Veneer                ro code  0x08053260      0x8  - Linker created -
    Veneer                ro code  0x08053268      0x8  - Linker created -
    Veneer                ro code  0x08053270      0x8  - Linker created -
    Veneer                ro code  0x08053278      0x8  - Linker created -
    Veneer                ro code  0x08053280      0x8  - Linker created -
    Veneer                ro code  0x08053288      0x8  - Linker created -
    .text                 ro code  0x08053290    0x1bc  timer_api.o [2]
    Veneer                ro code  0x0805344c      0x8  - Linker created -
    .text                 ro code  0x08053454     0x1e  sleep.o [2]
    Veneer                ro code  0x08053474      0x8  - Linker created -
    Veneer                ro code  0x0805347c      0x8  - Linker created -
    Veneer                ro code  0x08053484      0x8  - Linker created -
    Veneer                ro code  0x0805348c      0x8  - Linker created -
    Veneer                ro code  0x08053494      0x8  - Linker created -
    .text                 ro code  0x0805349c    0xbac  atcmd_sys.o [2]
    .text                 ro code  0x08054048    0x148  sys_api.o [2]
    .text                 ro code  0x08054190     0x58  efuse_api.o [2]
    .text                 ro code  0x080541e8    0x1fc  example_wlan_fast_connect.o [2]
    Veneer                ro code  0x080543e4      0x8  - Linker created -
    Veneer                ro code  0x080543ec      0x8  - Linker created -
    Veneer                ro code  0x080543f4      0x8  - Linker created -
    Veneer                ro code  0x080543fc      0x8  - Linker created -
    Veneer                ro code  0x08054404      0x8  - Linker created -
    Veneer                ro code  0x0805440c      0x8  - Linker created -
    Veneer                ro code  0x08054414      0x8  - Linker created -
    Veneer                ro code  0x0805441c      0x8  - Linker created -
    Veneer                ro code  0x08054424      0x8  - Linker created -
    .text                 ro code  0x0805442c    0x1d0  startup.o [2]
    .text                 ro code  0x080545fc    0x2c4  rtl8710b_clk.o [7]
    .text                 ro code  0x080548c0     0x28  data_init.o [13]
    Veneer                ro code  0x080548e8      0x8  - Linker created -
    .text                 ro code  0x080548f0     0xe8  lxbus_hci_intf.o [9]
    .text                 ro code  0x080549d8     0x34  lxbus_intf.o [9]
    .text                 ro code  0x08054a0c     0x7c  freertos_isr.o [9]
    .text                 ro code  0x08054a88     0x62  memcmp_unaligned.o [13]
    .text                 ro code  0x08054aec    0x246  DblDiv.o [12]
    .text                 ro code  0x08054d34     0x1a  fpinit_M.o [12]
    .text                 ro code  0x08054d4e     0x2c  low_level_io.o [2]
    .text                 ro code  0x08054d7a      0xc  memcpy.o [4]
    .text                 ro code  0x08054d86     0x14  memset.o [4]
    .text                 ro code  0x08054d9a     0x16  xprout.o [4]
    .text                 ro code  0x08054db0     0x28  putchar.o [4]
    .rodata               const    0x08054dd8     0x58  atcmd_sys.o [2]
    .rodata               const    0x08054e30    0x8b0  atcmd_wifi.o [2]
    .rodata               const    0x080556e0    0x144  freertos_service.o [2]
    .rodata               const    0x08055824      0x8  ip_addr.o [2]
    .rodata               const    0x0805582c     0x10  log_service.o [2]
    .rodata               const    0x0805583c    0x3dc  monitor.o [2]
    .rodata               const    0x08055c18     0x4c  rtl8710b_dsleepcfg.o [2]
    .rodata               const    0x08055c64    0x320  rtl8710b_pinmapcfg.o [2]
    .rodata               const    0x08055f84     0xe4  rtl8710b_sleepcfg.o [2]
    .rodata               const    0x08056068      0x8  sendwifipacket.o [2]
    .rodata               const    0x08056070    0x33c  webserver.o [2]
    .rodata               const    0x080563ac      0x8  rtw_mlme_ext.o [9]
    .rodata               const    0x080563b4     0x10  lxbus_hci_intf.o [9]
    .rodata               const    0x080563c4     0x90  HalHWImg8711B_BB.o [9]
    .rodata               const    0x08056454    0x184  rom_rtw_message_f.o [9]
    .rodata               const    0x080565d8    0x140  Hal8711BPwrSeq.o [9]
    .rodata               const    0x08056718     0xa4  phydm_PowerTracking.o [9]
    .rodata               const    0x080567bc    0x498  HalHWImg8711B_RF.o [9]
    .rodata               const    0x08056c54      0x2  ram_libc.o [8]
    .rodata               const    0x08056c56      0x0  zero_init3.o [13]
    CODE                  ro code  0x08056c58     0xb4  portasm.o [2]
                                 - 0x08056d0c  0x4bcec

"A4":                                          0x2850c
  IMAGE2                           0x10005000   0x15cc  <Block>
    .ram_image2.entry              0x10005000     0x1c  <Block>
      .image2.entry.data  const    0x10005000      0x8  startup.o [2]
      .image2.validate.rodata
                          const    0x10005008     0x14  startup.o [2]
    .ram.data                      0x10005020   0x1020  <Block>
      .data               const    0x10005020    0x428  ram_libc.o [8]
      .data               const    0x10005448     0x2c  airkiss.o [2]
      .data               const    0x10005474     0x14  airkiss.o [2]
      .data               const    0x10005488     0xb0  atcmd_sys.o [2]
      .data               const    0x10005538     0x38  atcmd_wifi.o [2]
      .data               const    0x10005570      0x4  atcmd_wifi.o [2]
      .data               const    0x10005574    0x1d0  atcmd_wifi.o [2]
      .data               const    0x10005744     0x60  dhcps.o [2]
      .data               const    0x100057a4      0x4  freertos_service.o [2]
      .data               const    0x100057a8     0x44  heap_5.o [2]
      .data               const    0x100057ec     0x84  log_service.o [2]
      .data               const    0x10005870     0x20  log_service.o [2]
      .data               const    0x10005890      0x4  port.o [2]
      .data               const    0x10005894     0x60  sendwifipacket.o [2]
      .data               const    0x100058f4     0x9c  tasks.o [2]
      .data               const    0x10005990     0x20  tcp.o [2]
      .data               const    0x100059b0      0x8  udp.o [2]
      .data               const    0x100059b8     0x14  wifi_conf.o [2]
      .data               const    0x100059cc     0x68  wifi_simple_config.o [2]
      .data               const    0x10005a34     0x5c  wifi_simple_config.o [2]
      .data               const    0x10005a90     0x4c  wifi_util.o [2]
      .data               const    0x10005adc    0x2ac  rtl8710b_freertos_pmu.o [7]
      .data               const    0x10005d88      0x4  rtl8710b_freertos_pmu.o [7]
      .data               const    0x10005d8c     0x70  rtw_mlme_ext.o [9]
      .data               const    0x10005dfc      0x8  rtw_psk.o [9]
      .data               const    0x10005e04      0x4  system_8195a.o [7]
      .data               const    0x10005e08      0x4  freertos_skbuff.o [9]
      .data               const    0x10005e0c      0x4  freertos_skbuff.o [9]
      .data               const    0x10005e10      0x4  rtw_debug.o [9]
      .data               const    0x10005e14      0x4  rtl8710b_clk.o [7]
      .data               const    0x10005e18    0x148  wifi_simple_config_parser.o [9]
      .data               const    0x10005f60      0x8  wifi_simple_config_parser.o [9]
      .data               const    0x10005f68      0x4  rtw_xmit.o [9]
      .data               const    0x10005f6c      0x4  rtw_xmit.o [9]
      .data               const    0x10005f70      0x8  rtl8711b_cmd.o [9]
      .data               const    0x10005f78      0x4  phydm_DIG.o [9]
      .data               const    0x10005f7c      0x2  tcp.o [2]
      .data               const    0x10005f7e      0x1  rtw_mlme_ext.o [9]
      .data               const    0x10005f7f      0x4  freertos_intfs.o [9]
      .data               const    0x10005f83      0x1  freertos_ioctl.o [9]
      .iar.init_table     const    0x10005f84     0x2c  - Linker created -
      __DLIB_PERTHREAD    const    0x10005fb0     0x8c  rand.o [4]
      __DLIB_PERTHREAD    const    0x1000603c      0x4  errno.o [4]
      CPP_INIT                     0x10006040      0x0  <Block>
        SHT$$PREINIT_ARRAY
                                   0x10006040      0x0  <Block>
        SHT$$INIT_ARRAY            0x10006040      0x0  <Block>
    .ram.text                      0x10006040    0x58c  <Block>
      Veneer              ro code  0x10006040      0x8  - Linker created -
      Veneer              ro code  0x10006048      0x8  - Linker created -
      Veneer              ro code  0x10006050      0x8  - Linker created -
      Veneer              ro code  0x10006058      0x8  - Linker created -
      Veneer              ro code  0x10006060      0x8  - Linker created -
      Veneer              ro code  0x10006068      0x8  - Linker created -
      Veneer              ro code  0x10006070      0x8  - Linker created -
      Veneer              ro code  0x10006078      0x8  - Linker created -
      .image2.ram.text    ro code  0x10006080    0x170  rtl8710b_flash_ram.o [7]
      Veneer              ro code  0x100061f0      0x8  - Linker created -
      .image2.ram.text    ro code  0x100061f8    0x138  rtl8710b_ota_ram.o [7]
      Veneer              ro code  0x10006330      0x8  - Linker created -
      Veneer              ro code  0x10006338      0x8  - Linker created -
      Veneer              ro code  0x10006340      0x8  - Linker created -
      Veneer              ro code  0x10006348      0x8  - Linker created -
      Veneer              ro code  0x10006350      0x8  - Linker created -
      Veneer              ro code  0x10006358      0x8  - Linker created -
      Veneer              ro code  0x10006360      0x8  - Linker created -
      Veneer              ro code  0x10006368      0x8  - Linker created -
      Veneer              ro code  0x10006370      0x8  - Linker created -
      Veneer              ro code  0x10006378      0x8  - Linker created -
      .image2.ram.text    ro code  0x10006380    0x24c  rtl8710b_psm_ram.o [7]
  .ram_image2.bss                  0x100065d0   0x824e  <Block>
    .bss                  zero     0x100065d0     0x70  tcptest.o [2]
    .bss                  zero     0x10006640     0x70  tcptest.o [2]
    .bss                  zero     0x100066b0     0x6c  airkiss.o [2]
    .bss                  zero     0x1000671c     0x78  atcmd_wifi.o [2]
    .bss                  zero     0x10006794      0x4  atcmd_wifi.o [2]
    .bss                  zero     0x10006798     0x18  device_lock.o [2]
    .bss                  zero     0x100067b0     0x34  dhcp.o [2]
    .bss                  zero     0x100067e4      0x4  dhcp.o [2]
    .bss                  zero     0x100067e8    0x620  dhcps.o [2]
    .bss                  zero     0x10006e08    0x224  dns.o [2]
    .bss                  zero     0x1000702c    0x440  dns.o [2]
    .bss                  zero     0x1000746c     0x30  dns.o [2]
    .bss                  zero     0x1000749c     0xc8  etharp.o [2]
    .bss                  zero     0x10007564      0x4  etharp.o [2]
    .bss                  zero     0x10007568      0x4  ethernetif.o [2]
    .bss                  zero     0x1000756c      0x4  example_wlan_fast_connect.o [2]
    .bss                  zero     0x10007570     0x24  flash_api.o [2]
    .bss                  zero     0x10007594      0x4  freertos_service.o [2]
    .bss                  zero     0x10007598      0xc  igmp.o [2]
    .bss                  zero     0x100075a4     0x10  ip.o [2]
    .bss                  zero     0x100075b4     0x10  ip_addr.o [2]
    .bss                  zero     0x100075c4      0x8  ip_frag.o [2]
    .bss                  zero     0x100075cc    0x100  log_service.o [2]
    .bss                  zero     0x100076cc     0x7c  lwip_netconf.o [2]
    .bss                  zero     0x10007748      0x8  lwip_timers.o [2]
    .bss                  zero     0x10007750      0x4  lwip_timers.o [2]
    .bss                  zero     0x10007754   0x1424  mem.o [2]
    .bss                  zero     0x10008b78   0x4030  memp.o [2]
    .bss                  zero     0x1000cba8     0x28  netdb.o [2]
    .bss                  zero     0x1000cbd0      0xc  netif.o [2]
    .bss                  zero     0x1000cbdc      0x4  osdep_service.o [2]
    .bss                  zero     0x1000cbe0     0x20  ping_test.o [2]
    .bss                  zero     0x1000cc00      0xc  port.o [2]
    .bss                  zero     0x1000cc0c      0x4  raw.o [2]
    .bss                  zero     0x1000cc10      0x4  rtl8710b_ota.o [2]
    .bss                  zero     0x1000cc14      0x8  rtl_consol.o [2]
    .bss                  zero     0x1000cc1c     0xc0  sockets.o [2]
    .bss                  zero     0x1000ccdc      0x8  sockets.o [2]
    .bss                  zero     0x1000cce4      0xc  startup.o [2]
    .bss                  zero     0x1000ccf0     0x34  sys_arch.o [2]
    .bss                  zero     0x1000cd24     0xdc  tasks.o [2]
    .bss                  zero     0x1000ce00     0x30  tcp_in.o [2]
    .bss                  zero     0x1000ce30      0xc  tcpip.o [2]
    .bss                  zero     0x1000ce3c     0x14  tcptest.o [2]
    .bss                  zero     0x1000ce50     0x14  tcptest.o [2]
    .bss                  zero     0x1000ce64     0x3c  timers.o [2]
    .bss                  zero     0x1000cea0     0x6c  webserver.o [2]
    .bss                  zero     0x1000cf0c    0xfb0  webserver.o [2]
    .bss                  zero     0x1000debc     0x24  wifi_conf.o [2]
    .bss                  zero     0x1000dee0      0x4  wifi_conf.o [2]
    .bss                  zero     0x1000dee4     0x18  wifi_conf.o [2]
    .bss                  zero     0x1000defc    0x198  wifi_ind.o [2]
    .bss                  zero     0x1000e094      0x8  wifi_promisc.o [2]
    .bss                  zero     0x1000e09c     0x78  wifi_promisc.o [2]
    .bss                  zero     0x1000e114     0x40  rtk_wlan_if.o [9]
    .bss                  zero     0x1000e154      0x4  ram_libc.o [8]
    .bss                  zero     0x1000e158     0x6c  rtl8710b_psm.o [7]
    .bss                  zero     0x1000e1c4     0x64  rtl8710b_psm.o [7]
    .bss                  zero     0x1000e228      0x8  rtl8710b_psm.o [7]
    .bss                  zero     0x1000e230     0x80  rtl8710b_freertos_pmu.o [7]
    .bss                  zero     0x1000e2b0    0x174  rtl8710b_freertos_pmu.o [7]
    .bss                  zero     0x1000e424      0x4  rtl8710b_efuse.o [7]
    .bss                  zero     0x1000e428      0x4  rtw_mlme_ext.o [9]
    .bss                  zero     0x1000e42c      0x4  rtw_mlme_ext.o [9]
    .bss                  zero     0x1000e430      0x4  rtw_mlme_ext.o [9]
    .bss                  zero     0x1000e434      0x4  freertos_intfs.o [9]
    .bss                  zero     0x1000e438      0xc  freertos_intfs.o [9]
    .bss                  zero     0x1000e444      0x4  freertos_intfs.o [9]
    .bss                  zero     0x1000e448     0x14  freertos_intfs.o [9]
    .bss                  zero     0x1000e45c    0x11c  rtw_psk.o [9]
    .bss                  zero     0x1000e578     0x44  rtw_psk.o [9]
    .bss                  zero     0x1000e5bc      0x4  freertos_skbuff.o [9]
    .bss                  zero     0x1000e5c0    0x1e0  freertos_skbuff.o [9]
    .bss                  zero     0x1000e7a0     0x18  freertos_skbuff.o [9]
    .bss                  zero     0x1000e7b8     0x24  rtl8710b_flash_ram.o [7]
    .bss                  zero     0x1000e7dc      0x8  rtw_mlme.o [9]
    .bss                  zero     0x1000e7e4      0xc  rtw_promisc.o [9]
    .bss                  zero     0x1000e7f0      0x4  ram_libgloss_retarget.o [8]
    .bss                  zero     0x1000e7f4      0x4  rtl8710b_bor.o [7]
    .bss                  zero     0x1000e7f8      0x8  lxbus_suspend.o [9]
    .bss                  zero     0x1000e800      0x8  lxbus_suspend.o [9]
    .bss                  zero     0x1000e808      0x4  rtl8711b_dm.o [9]
    .bss                  zero     0x1000e80c      0x4  freertos_isr.o [9]
    .bss                  zero     0x1000e810      0x2  ip.o [2]
    .bss                  zero     0x1000e812      0x2  rtw_mlme_ext.o [9]
    .bss                  zero     0x1000e814      0x1  dns.o [2]
    .bss                  zero     0x1000e815      0x1  etharp.o [2]
    .bss                  zero     0x1000e816      0x1  pbuf.o [2]
    .bss                  zero     0x1000e817      0x1  tcp.o [2]
    .bss                  zero     0x1000e818      0x1  wifi_eap_config.o [2]
    .bss                  zero     0x1000e819      0x1  wifi_eap_config.o [2]
    .bss                  zero     0x1000e81a      0x1  wifi_promisc.o [2]
    .bss                  zero     0x1000e81b      0x1  rtw_mlme_ext.o [9]
    .bss                  zero     0x1000e81c      0x1  rtw_mlme_ext.o [9]
    .bss                  zero     0x1000e81d      0x1  lxbus_ops.o [9]
  .ram_image2.skb.bss              0x1000e820   0x54e8  <Block>
    .bdsram.data          zero     0x1000e820   0x3400  freertos_skbuff.o [9]
    .bdsram.data          zero     0x10011c20      0x8  freertos_skbuff.o [9]
    .bdsram.data          zero     0x10011c28   0x20e0  lxbus_ops.o [9]
  .ram_heap.data                   0x10013d08  0x19800  <Block>
    .bfsram.data          zero     0x10013d08  0x19000  heap_5.o [2]
    .bfsram.data          zero     0x1002cd08    0x800  tasks.o [2]
  .heap.stdlib            zero     0x1002d508      0x1  ram_libgloss_retarget.o [8]
                                 - 0x1002d509  0x28509


*******************************************************************************
*** INIT TABLE
***

          Address     Size
          -------     ----
Zero (__iar_zero_init3)
    4 destination ranges, total size 0x26f37:
          0x100065d0   0x824e
          0x1000e820   0x54e8
          0x10013d08  0x19800
          0x1002d508      0x1

Extra (__iar_cstart_call_ctors)



*******************************************************************************
*** MODULE SUMMARY
***

    Module                       ro code  ro data  rw data
    ------                       -------  -------  -------
F:\RTLworkSpace\00009982-sdk-ameba-v4.0c\sdk-ameba-v4.0c\project\zairkiss\EWARM-RELEASE\..\..\..\component\soc\realtek\8711b\misc\bsp\image: [1]
    boot_all.bin                            4 368
    ------------------------------------------------------
    Total:                                  4 368

F:\RTLworkSpace\00009982-sdk-ameba-v4.0c\sdk-ameba-v4.0c\project\zairkiss\EWARM-RELEASE\Debug\Obj: [2]
    airkiss.o                      4 512               172
    api_lib.o                      1 252
    api_msg.o                      2 980
    app_start.o                       48
    atcmd_sys.o                    2 988       88      176
    atcmd_wifi.o                   7 640    2 224      648
    autoip.o                         738
    cmsis_os.o                        24
    def.o                             38
    device_lock.o                    164                24
    dhcp.o                         3 490                56
    dhcps.o                        2 302             1 664
    dns.o                          1 708             1 685
    efuse_api.o                       88
    etharp.o                       1 848               205
    ethernetif.o                     356                 4
    example_entry.o                  172
    example_wlan_fast_connect.o      508                 4
    flash_api.o                      856                36
    freertos_service.o             1 852      324        8
    heap_5.o                         456           102 468
    icmp.o                           392
    igmp.o                         1 008                12
    inet_chksum.o                    314
    init.o                            46
    ip.o                             860                18
    ip_addr.o                        474        8       16
    ip_frag.o                      1 288                 8
    list.o                           142
    log_service.o                  1 140       16      420
    low_level_io.o                    44
    lwip_intf.o                      636
    lwip_netconf.o                   992               124
    lwip_timers.o                    612                12
    main.o                            26
    mem.o                            608             5 156
    memp.o                           216            16 432
    monitor.o                      1 456      988
    netbuf.o                         154
    netdb.o                           64                40
    netif.o                          398                12
    osdep_service.o                1 264                 4
    pbuf.o                         1 122                 1
    ping_test.o                    1 568                32
    port.o                           348                16
    portasm.o                        180
    queue.o                        1 186
    raw.o                            372                 4
    rtl8710b_dsleepcfg.o                       76
    rtl8710b_ota.o                 4 124       32        4
    rtl8710b_pinmapcfg.o                      800
    rtl8710b_sleepcfg.o                       228
    rtl_consol.o                     796                 8
    sendwifipacket.o                 860        8       96
    sleep.o                           30
    sockets.o                      3 116               200
    startup.o                        464       20       20
    sys_api.o                        328
    sys_arch.o                       498                52
    tasks.o                        2 212             2 424
    tcp.o                          2 868                35
    tcp_in.o                       3 800                48
    tcp_out.o                      2 656
    tcpip.o                          532                12
    tcptest.o                      8 084               264
    timer_api.o                      444
    timers.o                         844                60
    udp.o                          1 040                 8
    webserver.o                    5 348      828    4 124
    wifi_conf.o                    6 932                84
    wifi_eap_config.o                 22                 2
    wifi_ind.o                       252               408
    wifi_promisc.o                   928               129
    wifi_simple_config.o           6 908               196
    wifi_util.o                    4 124                76
    ------------------------------------------------------
    Total:                       108 140    5 640  137 707

command line: [3]
    ------------------------------------------------------
    Total:

dl7M_tln.a: [4]
    cppinit.o                         24
    errno.o                           12                 4
    memcpy.o                          12
    memset.o                          20
    printf.o                          36
    putchar.o                         40
    rand.o                           224               140
    srand.o                           32
    sscanf.o                          36
    xprintftiny.o                    336
    xprout.o                          22
    xscanfsmall_nomb.o             1 300
    xsscin.o                          30
[...]
udp_sendto_if           0x0802d58d     0xf8  Code  Gb  udp.o [2]
udp_server_buffer       0x1000ce60      0x4  Data  Gb  tcptest.o [2]
udp_server_data         0x10006678     0x38  Data  Gb  tcptest.o [2]
udp_server_func         0x08050449    0x278  Code  Gb  tcptest.o [2]
udp_server_handler      0x08050945     0x2c  Code  Lc  tcptest.o [2]
ulPortSetInterruptMask  0x08056ca9           Code  Gb  portasm.o [2]
ulStoppedTimerCompensation
                        0x1000cc08      0x4  Data  Lc  port.o [2]
ulTimerCountsForOneTick
                        0x1000cc00      0x4  Data  Lc  port.o [2]
update_BCNTIM           0x0801e095    0x118  Code  Lc  rtw_ap.o [9]
update_IOT_info         0x08027307     0x3c  Code  Gb  rtw_wlan_util.o [9]
update_MCS_rate {Abs}   0x00017125            --   Gb  command line/config [3]
update_TSF              0x080274d1      0xc  Code  Gb  rtw_wlan_util.o [9]
update_attrib           0x08037845    0x334  Code  Lc  rtw_xmit.o [9]
update_basic_rate {Abs}
                        0x000170bd            --   Gb  command line/config [3]
update_bcn_vendor_spec_ie
                        0x0801ec7b     0x48  Code  Lc  rtw_ap.o [9]
update_bcn_wps_ie       0x0801ebad     0xce  Code  Lc  rtw_ap.o [9]
update_beacon           0x0801ecdd     0xb0  Code  Gb  rtw_ap.o [9]
update_beacon_info      0x080270eb     0x5e  Code  Gb  rtw_wlan_util.o [9]
update_bmc_sta          0x0801e491     0xea  Code  Lc  rtw_ap.o [9]
update_bmc_sta_support_rate
                        0x0802746b     0x22  Code  Gb  rtw_wlan_util.o [9]
update_capinfo          0x08027343     0x86  Code  Gb  rtw_wlan_util.o [9]
update_hidden_ssid      0x08020e25     0x4a  Code  Gb  rtw_mlme_ext.o [9]
update_mgnt_tx_rate     0x08020cfd      0x6  Code  Gb  rtw_mlme_ext.o [9]
update_mgntframe_attrib
                        0x08020d03     0x5a  Code  Gb  rtw_mlme_ext.o [9]
update_network          0x0802491d     0xa8  Code  Gb  rtw_mlme.o [9]
update_ota_local        0x0804ef1d     0x80  Code  Gb  rtl8710b_ota.o [2]
update_sta_info         0x08023279     0x80  Code  Gb  rtw_mlme_ext.o [9]
update_sta_info_apmode  0x0801e57b     0xa8  Code  Gb  rtw_ap.o [9]
update_supported_rate {Abs}
                        0x000170f5            --   Gb  command line/config [3]
update_tx_basic_rate    0x080271f9     0x4a  Code  Gb  rtw_wlan_util.o [9]
update_wireless_mode    0x080273c9     0xa2  Code  Gb  rtw_wlan_util.o [9]
use_ios7_mac            0x10005f67      0x1  Data  Lc  wifi_simple_config_parser.o [9]
uxCriticalNesting       0x10005890      0x4  Data  Lc  port.o [2]
uxCurrentNumberOfTasks  0x10005940      0x4  Data  Lc  tasks.o [2]
uxListRemove            0x0801a61f     0x24  Code  Gb  list.o [2]
uxPendedTicks           0x10005950      0x4  Data  Lc  tasks.o [2]
uxQueueMessagesWaiting  0x0801bcf3      0xa  Code  Gb  queue.o [2]
uxSavedInterruptStatus  0x10007594      0x4  Data  Lc  freertos_service.o [2]
uxSchedulerSuspended    0x10005964      0x4  Data  Lc  tasks.o [2]
uxTaskNumber            0x1000595c      0x4  Data  Lc  tasks.o [2]
uxTaskPriorityGet       0x08010cf9     0x14  Code  Gb  tasks.o [2]
uxTasksDeleted          0x10005928      0x4  Data  Lc  tasks.o [2]
uxTopReadyPriority      0x10005948      0x4  Data  Lc  tasks.o [2]
vApplicationIdleHook    0x0801a559      0x2  Code  Gb  port.o [2]
vApplicationStackOverflowHook
                        0x0801a55b     0x12  Code  Gb  port.o [2]
vBasicWEBServer         0x0804d8f5     0x84  Code  Gb  webserver.o [2]
vListInitialise         0x0801a5b5     0x1a  Code  Gb  list.o [2]
vListInitialiseItem     0x0801a5cf      0x6  Code  Gb  list.o [2]
vListInsert             0x0801a5ed     0x32  Code  Gb  list.o [2]
vListInsertEnd          0x0801a5d5     0x18  Code  Gb  list.o [2]
vPortClearInterruptMask
                        0x08056cb7           Code  Gb  portasm.o [2]
vPortDefineHeapRegions  0x08018e21     0x60  Code  Gb  heap_5.o [2]
vPortEnableVFP          0x08056cf1           Code  Gb  portasm.o [2]
vPortEnterCritical      0x0801a4cb     0x18  Code  Gb  port.o [2]
vPortExitCritical       0x0801a4e3     0x12  Code  Gb  port.o [2]
vPortFree               0x08018db9     0x1a  Code  Gb  heap_5.o [2]
vPortSVCHandler         0x08056cbd           Code  Gb  portasm.o [2]
vPortSetupTimerInterrupt
                        0x0801a513     0x24  Code  Wk  port.o [2]
vPortStartFirstTask     0x08056cd9           Code  Gb  portasm.o [2]
vPortSuppressTicksAndSleep
                        0x0801ad91     0x4a  Code  Gb  rtl8710b_freertos_pmu.o [7]
vPortYield              0x0801a4b9     0x12  Code  Gb  port.o [2]
vProcessConnection      0x0804d761    0x128  Code  Lc  webserver.o [2]
vQueueDelete            0x0801bd05     0x16  Code  Gb  queue.o [2]
vQueueWaitForMessageRestricted
                        0x0801be23     0x3c  Code  Gb  queue.o [2]
vTaskDelay              0x08010cb3     0x2e  Code  Gb  tasks.o [2]
vTaskDelete             0x08010c69     0x4a  Code  Gb  tasks.o [2]
vTaskGetCurrentTCB      0x080113c1      0x2  Code  Gb  tasks.o [2]
vTaskMissedYield        0x08011189      0x8  Code  Gb  tasks.o [2]
vTaskPlaceOnEventList   0x08011059     0x18  Code  Gb  tasks.o [2]
vTaskPlaceOnEventListRestricted
                        0x080110ad     0x24  Code  Gb  tasks.o [2]
vTaskPriorityInherit    0x080112c5     0x80  Code  Gb  tasks.o [2]
vTaskPrioritySet        0x08010d0d     0xa0  Code  Gb  tasks.o [2]
vTaskSetTimeOutState    0x08011139      0xc  Code  Gb  tasks.o [2]
vTaskStartScheduler     0x08010def     0x50  Code  Gb  tasks.o [2]
vTaskStepTick           0x08010f2b      0xc  Code  Gb  tasks.o [2]
vTaskSuspendAll         0x08010e3f      0xc  Code  Gb  tasks.o [2]
vTaskSwitchContext      0x08010fe7     0x66  Code  Gb  tasks.o [2]
validate_recv_ctrl_frame
                        0x080310ff    0x162  Code  Gb  rtw_recv.o [9]
validate_recv_data_frame
                        0x0803129d    0x204  Code  Gb  rtw_recv.o [9]
validate_recv_frame     0x080314bf     0xb0  Code  Gb  rtw_recv.o [9]
validate_recv_mgnt_frame
                        0x08031261     0x3c  Code  Gb  rtw_recv.o [9]
verify_ota_checksum     0x0804e9cf    0x128  Code  Gb  rtl8710b_ota.o [2]
wakelock                0x10005af8      0x4  Data  Lc  rtl8710b_freertos_pmu.o [7]
wakeup_sta_to_xmit      0x080387e7    0x1c6  Code  Gb  rtw_xmit.o [9]
wakeup_time_ms          0x10005b00      0x4  Data  Lc  rtl8710b_freertos_pmu.o [7]
web_atoi                0x0804d169     0x44  Code  Gb  webserver.o [2]
webs_sema               0x1000cf18      0x4  Data  Gb  webserver.o [2]
webs_task               0x1000cf14      0x4  Data  Gb  webserver.o [2]
webs_terminate          0x1000cf0c      0x1  Data  Gb  webserver.o [2]
wep_80211_decrypt {Abs}
                        0x000158e1            --   Gb  command line/config [3]
wep_80211_encrypt {Abs}
                        0x0001587d            --   Gb  command line/config [3]
wext_del_station        0x08017019      0x4  Code  Gb  wifi_util.o [2]
wext_disable_powersave  0x08016817     0x48  Code  Gb  wifi_util.o [2]
wext_enable_powersave   0x080167c9     0x4e  Code  Gb  wifi_util.o [2]
wext_get_auto_chl       0x08016fed     0x2c  Code  Gb  wifi_util.o [2]
wext_get_channel        0x08016b59     0x2c  Code  Gb  wifi_util.o [2]
wext_get_enc_ext        0x0801666d     0x6c  Code  Gb  wifi_util.o [2]
wext_get_lps_dtim       0x0801690d     0x60  Code  Gb  wifi_util.o [2]
wext_get_mode           0x08016a23     0x2a  Code  Gb  wifi_util.o [2]
wext_get_passphrase     0x08016769     0x36  Code  Gb  wifi_util.o [2]
wext_get_rssi           0x08016a7d     0x2c  Code  Gb  wifi_util.o [2]
wext_get_scan           0x08016cb5     0x2e  Code  Gb  wifi_util.o [2]
wext_get_ssid           0x08016375     0x50  Code  Gb  wifi_util.o [2]
wext_private_command    0x08016ceb     0xe2  Code  Gb  wifi_util.o [2]
wext_send_mgnt          0x08016ef9     0x2a  Code  Gb  wifi_util.o [2]
wext_set_adaptivity     0x08016fc9     0x1e  Code  Gb  wifi_util.o [2]
wext_set_ap_ssid        0x08016a4d     0x30  Code  Gb  wifi_util.o [2]
wext_set_auth_param     0x080164db     0x38  Code  Gb  wifi_util.o [2]
wext_set_autoreconnect  0x08016f45     0x50  Code  Gb  wifi_util.o [2]
wext_set_bssid          0x08016449     0x4c  Code  Gb  wifi_util.o [2]
wext_set_channel        0x08016b2b     0x2e  Code  Gb  wifi_util.o [2]
wext_set_key_ext        0x08016549     0xfc  Code  Gb  wifi_util.o [2]
wext_set_lps_dtim       0x080168c7     0x3e  Code  Gb  wifi_util.o [2]
wext_set_mode           0x080169fd     0x26  Code  Gb  wifi_util.o [2]
wext_set_passphrase     0x080166f9     0x32  Code  Gb  wifi_util.o [2]
wext_set_pscan_channel  0x08016aa9     0x82  Code  Gb  wifi_util.o [2]
wext_set_scan           0x08016bff     0x9a  Code  Gb  wifi_util.o [2]
wext_set_ssid           0x080163f9     0x34  Code  Gb  wifi_util.o [2]
wext_set_tdma_param     0x0801685f     0x50  Code  Gb  wifi_util.o [2]
wext_set_tos_value      0x0801696d     0x7a  Code  Gb  wifi_util.o [2]
wext_wlan_indicate      0x08016de3    0x106  Code  Gb  wifi_util.o [2]
whc_fix_channel         0x08051a09      0x2  Code  Wk  wifi_simple_config_parser.o [9]
whc_unfix_channel       0x08051a0b      0x2  Code  Wk  wifi_simple_config_parser.o [9]
wifi                    0x10005538     0x38  Data  Lc  atcmd_wifi.o [2]
wifi_ap_sta_assoc_hdl   0x0800dbe5      0x2  Code  Lc  wifi_conf.o [2]
wifi_ap_sta_disassoc_hdl
                        0x0800dbe7      0x2  Code  Lc  wifi_conf.o [2]
wifi_autoreconnect_hdl  0x0800e503     0x32  Code  Gb  wifi_conf.o [2]
wifi_autoreconnect_thread
                        0x0800e49b     0x68  Code  Lc  wifi_conf.o [2]
wifi_config_autoreconnect
                        0x0800e535     0x1a  Code  Gb  wifi_conf.o [2]
wifi_connect            0x0800d365    0x284  Code  Gb  wifi_conf.o [2]
wifi_connect_bssid      0x0800d639    0x1d8  Code  Gb  wifi_conf.o [2]
wifi_connect_bssid_local
                        0x0800cf71    0x116  Code  Lc  wifi_conf.o [2]
wifi_connect_local      0x0800ce85     0xe2  Code  Lc  wifi_conf.o [2]
wifi_connected_hdl      0x0800d11d     0x42  Code  Lc  wifi_conf.o [2]
wifi_disable_powersave  0x0800d8bd      0x8  Code  Gb  wifi_conf.o [2]
wifi_disconn_hdl        0x0800d177     0x6a  Code  Lc  wifi_conf.o [2]
wifi_disconnect         0x0800d85b     0x2a  Code  Gb  wifi_conf.o [2]
wifi_enter_promisc_mode
                        0x0800e343     0x4c  Code  Gb  wifi_conf.o [2]
wifi_get_associated_client_list
                        0x0800d8c5     0x36  Code  Gb  wifi_conf.o [2]
wifi_get_lps_dtim       0x0800dbdb      0xa  Code  Gb  wifi_conf.o [2]
wifi_get_rssi           0x0800d92d      0xa  Code  Gb  wifi_conf.o [2]
wifi_get_setting        0x0800e1d3     0xac  Code  Gb  wifi_conf.o [2]
wifi_handshake_done_hdl
                        0x0800d15f     0x18  Code  Lc  wifi_conf.o [2]
wifi_indication         0x0801813d     0x3a  Code  Gb  wifi_ind.o [2]
wifi_init_packet_filter
                        0x0800e595      0x4  Code  Gb  wifi_conf.o [2]
wifi_mac_hash           0x08028f95     0x2a  Code  Lc  rtw_sta_mgt.o [9]
wifi_manager_init       0x08018205      0x4  Code  Gb  wifi_ind.o [2]
wifi_mode               0x10005570      0x4  Data  Gb  atcmd_wifi.o [2]
wifi_no_network_hdl     0x0800d10f      0xe  Code  Lc  wifi_conf.o [2]
wifi_off                0x0800dab5     0x8c  Code  Gb  wifi_conf.o [2]
wifi_on                 0x0800d951     0xe0  Code  Gb  wifi_conf.o [2]
wifi_promisc_rx         0x0800b6a3     0xcc  Code  Gb  airkiss.o [2]
wifi_reg_event_handler  0x08018177     0x4e  Code  Gb  wifi_ind.o [2]
wifi_restart_ap         0x0800e39d     0xfe  Code  Gb  wifi_conf.o [2]
wifi_rx_beacon_hdl      0x0800d10d      0x2  Code  Gb  wifi_conf.o [2]
wifi_scan               0x0800ded3     0xa8  Code  Gb  wifi_conf.o [2]
wifi_scan_done_hdl      0x0800de69     0x5c  Code  Gb  wifi_conf.o [2]
wifi_scan_each_report_hdl
                        0x0800dd0d    0x158  Code  Gb  wifi_conf.o [2]
wifi_scan_networks      0x0800e0ef     0xc6  Code  Gb  wifi_conf.o [2]
wifi_scan_networks_with_ssid
                        0x0800df81    0x16e  Code  Gb  wifi_conf.o [2]
wifi_set_autoreconnect  0x0800e54f      0xc  Code  Gb  wifi_conf.o [2]
wifi_set_channel        0x0800d937      0xa  Code  Gb  wifi_conf.o [2]
wifi_set_country_code   0x0800d94f      0x2  Code  Wk  wifi_conf.o [2]
wifi_set_lps_dtim       0x0800dbd1      0xa  Code  Gb  wifi_conf.o [2]
wifi_set_mib            0x0800d949      0x6  Code  Wk  wifi_conf.o [2]
wifi_set_power_mode     0x0800dbb1      0x4  Code  Gb  wifi_conf.o [2]
wifi_set_promisc        0x0800e33f      0x4  Code  Gb  wifi_conf.o [2]
wifi_set_pscan_chan     0x0800e1c1     0x12  Code  Gb  wifi_conf.o [2]
wifi_set_tdma_param     0x0800dbbd     0x14  Code  Gb  wifi_conf.o [2]
wifi_setting            0x1000cea0     0x6c  Data  Gb  webserver.o [2]
wifi_show_setting       0x0800e289     0xa6  Code  Gb  wifi_conf.o [2]
wifi_start_ap           0x0800dbf9     0x78  Code  Gb  wifi_conf.o [2]
wifi_unreg_event_handler
                        0x080181c5     0x30  Code  Gb  wifi_ind.o [2]
wifirate2_ratetbl_inx {Abs}
                        0x00017015            --   Gb  command line/config [3]
wifisendpacket_thread   0x0805303f     0xbc  Code  Gb  sendwifipacket.o [2]
wireless_send_event     0x08013093      0xa  Code  Gb  freertos_ioctl.o [9]
wlan_init_done_callback
                        0x080541e9    0x15e  Code  Gb  example_wlan_fast_connect.o [2]
wlancmds                0x0801ce7c    0x1f8  Data  Gb  rtw_cmd.o [9]
wlanevents              0x08024284     0xc0  Data  Lc  rtw_mlme_ext.o [9]
wlanhdr_to_ethhdr       0x0803156f    0x126  Code  Gb  rtw_recv.o [9]
wpa_global_PSK          0x1000e528     0x50  Data  Gb  rtw_psk.o [9]
wpa_set_encryption      0x0801328d    0x180  Code  Lc  freertos_ioctl.o [9]
wrapper_skbbuf_list     0x1000e7a0      0x8  Data  Lc  freertos_skbuff.o [9]
write_cam               0x08026c29     0x10  Code  Gb  rtw_wlan_util.o [9]
write_cam_rom {Abs}     0x00016f0d            --   Gb  command line/config [3]
xActiveTimerList1       0x1000ce78     0x14  Data  Lc  timers.o [2]
xActiveTimerList2       0x1000ce8c     0x14  Data  Lc  timers.o [2]
xBlockAllocatedBit      0x100057dc      0x4  Data  Lc  heap_5.o [2]
xDelayedTaskList1       0x10005968     0x14  Data  Lc  tasks.o [2]
xDelayedTaskList2       0x1000597c     0x14  Data  Lc  tasks.o [2]
xFreeBytesRemaining     0x100057d4      0x4  Data  Lc  heap_5.o [2]
xHeapRegions            0x100057a8     0x20  Data  Gb  heap_5.o [2]
xMCtrl {Abs}            0x10000fb8            --   Gb  command line/config [3]
xMaximumPossibleSuppressedTicks
                        0x1000cc04      0x4  Data  Lc  port.o [2]
xMinimumEverFreeBytesRemaining
                        0x100057d8      0x4  Data  Lc  heap_5.o [2]
xModemDebug {Abs}       0x0000e2dd            --   Gb  command line/config [3]
xModemDebugInit {Abs}   0x0000e2a5            --   Gb  command line/config [3]
xModemGetFirst {Abs}    0x0000e339            --   Gb  command line/config [3]
xModemGetOthers {Abs}   0x0000e45d            --   Gb  command line/config [3]
xModemHandshake {Abs}   0x0000e6d5            --   Gb  command line/config [3]
xModemInquiry {Abs}     0x0000e315            --   Gb  command line/config [3]
xModemRxBuffer {Abs}    0x0000e945            --   Gb  command line/config [3]
xModemRxFrame {Abs}     0x0000e691            --   Gb  command line/config [3]
xNextTaskUnblockTime    0x10005960      0x4  Data  Lc  tasks.o [2]
xNumOfOverflows         0x10005958      0x4  Data  Lc  tasks.o [2]
xPendingReadyList       0x100058f4     0x14  Data  Lc  tasks.o [2]
xPortGetFreeHeapSize    0x08018dd3      0x6  Code  Gb  heap_5.o [2]
xPortPendSVHandler      0x08056c59           Code  Gb  portasm.o [2]
xPortStartScheduler     0x0801a485     0x34  Code  Gb  port.o [2]
xPortSysTickHandler     0x0801a4f5     0x1e  Code  Gb  port.o [2]
xQueueCreateCountingSemaphore
                        0x0801baa3     0x12  Code  Gb  queue.o [2]
xQueueCreateMutex       0x0801ba59     0x40  Code  Gb  queue.o [2]
xQueueGenericCreate     0x0801ba1d     0x3c  Code  Gb  queue.o [2]
xQueueGenericReceive    0x0801bbe5     0xfa  Code  Gb  queue.o [2]
xQueueGenericReset      0x0801b9bd     0x60  Code  Gb  queue.o [2]
xQueueGenericSend       0x0801bab5     0xc4  Code  Gb  queue.o [2]
xQueueGenericSendFromISR
                        0x0801bb79     0x6c  Code  Gb  queue.o [2]
xSchedulerRunning       0x1000594c      0x4  Data  Lc  tasks.o [2]
xStart                  0x100057c8      0x8  Data  Lc  heap_5.o [2]
xSuspendedTaskList      0x1000592c     0x14  Data  Lc  tasks.o [2]
xTaskCheckForTimeOut    0x08011145     0x3c  Code  Gb  tasks.o [2]
xTaskGenericCreate      0x08010b51    0x118  Code  Gb  tasks.o [2]
xTaskGetSchedulerState  0x080112af     0x16  Code  Gb  tasks.o [2]
xTaskGetTickCount       0x08010ef7      0xc  Code  Gb  tasks.o [2]
xTaskGetTickCountFromISR
                        0x08010f0b     0x14  Code  Gb  tasks.o [2]
xTaskIncrementTick      0x08010f37     0xb0  Code  Gb  tasks.o [2]
xTaskPriorityDisinherit
                        0x08011345     0x6a  Code  Gb  tasks.o [2]
xTaskRemoveFromEventList
                        0x080110db     0x38  Code  Gb  tasks.o [2]
xTaskResumeAll          0x08010e6b     0x8c  Code  Gb  tasks.o [2]
xTasksWaitingTermination
                        0x10005908     0x14  Data  Lc  tasks.o [2]
xTickCount              0x10005944      0x4  Data  Lc  tasks.o [2]
xTimerCreate            0x0801a67b     0x3a  Code  Gb  timers.o [2]
xTimerCreateTimerTask   0x0801a645     0x36  Code  Gb  timers.o [2]
xTimerGenericCommand    0x0801a6b5     0x98  Code  Gb  timers.o [2]
xTimerIsTimerActive     0x0801a967     0x1a  Code  Gb  timers.o [2]
xTimerQueue             0x1000ce6c      0x4  Data  Lc  timers.o [2]
xTimerTaskHandle        0x1000ce70      0x4  Data  Lc  timers.o [2]
xYieldPending           0x10005954      0x4  Data  Lc  tasks.o [2]
xmit_delivery_enabled_frames
                        0x080389e3     0xf6  Code  Gb  rtw_xmit.o [9]
xmitframe_addmic        0x08037b7f    0x17a  Code  Gb  rtw_xmit.o [9]
xmitframe_enqueue_for_sleeping_sta
                        0x080384f3    0x18c  Code  Gb  rtw_xmit.o [9]
xmitframe_swencrypt     0x08037cff     0x30  Code  Gb  rtw_xmit.o [9]
xmodem_log_close {Abs}  0x0000e9f5            --   Gb  command line/config [3]
xmodem_log_open {Abs}   0x0000ea01            --   Gb  command line/config [3]
xmodem_uart_deinit {Abs}
                        0x0000eb25            --   Gb  command line/config [3]
xmodem_uart_getc {Abs}  0x0000ec0d            --   Gb  command line/config [3]
xmodem_uart_init {Abs}  0x0000ea39            --   Gb  command line/config [3]
xmodem_uart_port_deinit {Abs}
                        0x0000eb99            --   Gb  command line/config [3]
xmodem_uart_port_init {Abs}
                        0x0000eb35            --   Gb  command line/config [3]
xmodem_uart_putc {Abs}  0x0000ec35            --   Gb  command line/config [3]
xmodem_uart_putdata {Abs}
                        0x0000ec49            --   Gb  command line/config [3]
xmodem_uart_readable {Abs}
                        0x0000ebdd            --   Gb  command line/config [3]
xmodem_uart_writable {Abs}
                        0x0000ebf5            --   Gb  command line/config [3]
xnetif                  0x100076cc     0x78  Data  Gb  lwip_netconf.o [2]
zero_bssid              0x0801b9b4      0x8  Data  Gb  rtw_promisc.o [9]


[1] = F:\RTLworkSpace\00009982-sdk-ameba-v4.0c\sdk-ameba-v4.0c\project\zairkiss\EWARM-RELEASE\..\..\..\component\soc\realtek\8711b\misc\bsp\image
[2] = F:\RTLworkSpace\00009982-sdk-ameba-v4.0c\sdk-ameba-v4.0c\project\zairkiss\EWARM-RELEASE\Debug\Obj
[3] = command line
[4] = dl7M_tln.a
[5] = lib_http.a
[6] = lib_mdns.a
[7] = lib_platform.a
[8] = lib_rtlstd.a
[9] = lib_wlan.a
[10] = lib_xmodem.a
[11] = libairkiss.a
[12] = m7M_tlv.a
[13] = rt7M_tl.a

  304 090 bytes of readonly  code memory
   12 270 bytes of readonly  data memory
  163 635 bytes of readwrite data memory

Errors: none
Warnings: none
